Archive member included to satisfy reference by file (symbol)

c:/program files (x86)/atollic/truestudio for arm 7.1.2/armtools/bin/../lib/gcc/arm-atollic-eabi/5.3.1/../../../../arm-atollic-eabi/lib/armv7e-m/fpu\libc.a(lib_a-init.o)
                              src\startup_stm32f40xx.o (__libc_init_array)
c:/program files (x86)/atollic/truestudio for arm 7.1.2/armtools/bin/../lib/gcc/arm-atollic-eabi/5.3.1/../../../../arm-atollic-eabi/lib/armv7e-m/fpu\libc.a(lib_a-memset.o)
                              Libraries\STM32F4xx_StdPeriph_Driver\src\stm32f4xx_cryp_aes.o (memset)
c:/program files (x86)/atollic/truestudio for arm 7.1.2/armtools/bin/../lib/gcc/arm-atollic-eabi/5.3.1/../../../../arm-atollic-eabi/lib/armv7e-m/fpu\libc.a(lib_a-strlen.o)
                              src\tiny_printf.o (strlen)
c:/program files (x86)/atollic/truestudio for arm 7.1.2/armtools/bin/../lib/gcc/arm-atollic-eabi/5.3.1/../../../../arm-atollic-eabi/lib/armv7e-m/fpu\libnosys.a(write.o)
                              src\tiny_printf.o (_write)
c:/program files (x86)/atollic/truestudio for arm 7.1.2/armtools/bin/../lib/gcc/arm-atollic-eabi/5.3.1/../../../../arm-atollic-eabi/lib/armv7e-m/fpu\libnosys.a(errno.o)
                              c:/program files (x86)/atollic/truestudio for arm 7.1.2/armtools/bin/../lib/gcc/arm-atollic-eabi/5.3.1/../../../../arm-atollic-eabi/lib/armv7e-m/fpu\libnosys.a(write.o) (errno)

Allocating common symbols
Common symbol       size              file

errno               0x4               c:/program files (x86)/atollic/truestudio for arm 7.1.2/armtools/bin/../lib/gcc/arm-atollic-eabi/5.3.1/../../../../arm-atollic-eabi/lib/armv7e-m/fpu\libnosys.a(errno.o)

Memory Configuration

Name             Origin             Length             Attributes
FLASH            0x08000000         0x00100000         xr
RAM              0x20000000         0x00020000         xrw
MEMORY_B1        0x60000000         0x00000000         xr
CCMRAM           0x10000000         0x00010000         rw
*default*        0x00000000         0xffffffff

Linker script and memory map

LOAD c:/program files (x86)/atollic/truestudio for arm 7.1.2/armtools/bin/../lib/gcc/arm-atollic-eabi/5.3.1/armv7e-m/fpu/crti.o
LOAD c:/program files (x86)/atollic/truestudio for arm 7.1.2/armtools/bin/../lib/gcc/arm-atollic-eabi/5.3.1/armv7e-m/fpu/crtbegin.o
LOAD Libraries\STM32F4xx_StdPeriph_Driver\src\misc.o
LOAD Libraries\STM32F4xx_StdPeriph_Driver\src\stm32f4xx_adc.o
LOAD Libraries\STM32F4xx_StdPeriph_Driver\src\stm32f4xx_can.o
LOAD Libraries\STM32F4xx_StdPeriph_Driver\src\stm32f4xx_crc.o
LOAD Libraries\STM32F4xx_StdPeriph_Driver\src\stm32f4xx_cryp.o
LOAD Libraries\STM32F4xx_StdPeriph_Driver\src\stm32f4xx_cryp_aes.o
LOAD Libraries\STM32F4xx_StdPeriph_Driver\src\stm32f4xx_cryp_des.o
LOAD Libraries\STM32F4xx_StdPeriph_Driver\src\stm32f4xx_cryp_tdes.o
LOAD Libraries\STM32F4xx_StdPeriph_Driver\src\stm32f4xx_dac.o
LOAD Libraries\STM32F4xx_StdPeriph_Driver\src\stm32f4xx_dbgmcu.o
LOAD Libraries\STM32F4xx_StdPeriph_Driver\src\stm32f4xx_dcmi.o
LOAD Libraries\STM32F4xx_StdPeriph_Driver\src\stm32f4xx_dma.o
LOAD Libraries\STM32F4xx_StdPeriph_Driver\src\stm32f4xx_exti.o
LOAD Libraries\STM32F4xx_StdPeriph_Driver\src\stm32f4xx_flash.o
LOAD Libraries\STM32F4xx_StdPeriph_Driver\src\stm32f4xx_fsmc.o
LOAD Libraries\STM32F4xx_StdPeriph_Driver\src\stm32f4xx_gpio.o
LOAD Libraries\STM32F4xx_StdPeriph_Driver\src\stm32f4xx_hash.o
LOAD Libraries\STM32F4xx_StdPeriph_Driver\src\stm32f4xx_hash_md5.o
LOAD Libraries\STM32F4xx_StdPeriph_Driver\src\stm32f4xx_hash_sha1.o
LOAD Libraries\STM32F4xx_StdPeriph_Driver\src\stm32f4xx_i2c.o
LOAD Libraries\STM32F4xx_StdPeriph_Driver\src\stm32f4xx_iwdg.o
LOAD Libraries\STM32F4xx_StdPeriph_Driver\src\stm32f4xx_pwr.o
LOAD Libraries\STM32F4xx_StdPeriph_Driver\src\stm32f4xx_rcc.o
LOAD Libraries\STM32F4xx_StdPeriph_Driver\src\stm32f4xx_rng.o
LOAD Libraries\STM32F4xx_StdPeriph_Driver\src\stm32f4xx_rtc.o
LOAD Libraries\STM32F4xx_StdPeriph_Driver\src\stm32f4xx_sdio.o
LOAD Libraries\STM32F4xx_StdPeriph_Driver\src\stm32f4xx_spi.o
LOAD Libraries\STM32F4xx_StdPeriph_Driver\src\stm32f4xx_syscfg.o
LOAD Libraries\STM32F4xx_StdPeriph_Driver\src\stm32f4xx_tim.o
LOAD Libraries\STM32F4xx_StdPeriph_Driver\src\stm32f4xx_usart.o
LOAD Libraries\STM32F4xx_StdPeriph_Driver\src\stm32f4xx_wwdg.o
LOAD src\main.o
LOAD src\startup_stm32f40xx.o
LOAD src\stm32f4xx_it.o
LOAD src\system_stm32f4xx.o
LOAD src\tiny_printf.o
START GROUP
LOAD c:/program files (x86)/atollic/truestudio for arm 7.1.2/armtools/bin/../lib/gcc/arm-atollic-eabi/5.3.1/../../../../arm-atollic-eabi/lib/armv7e-m/fpu\libc.a
LOAD c:/program files (x86)/atollic/truestudio for arm 7.1.2/armtools/bin/../lib/gcc/arm-atollic-eabi/5.3.1/../../../../arm-atollic-eabi/lib/armv7e-m/fpu\libm.a
END GROUP
                0x00000080                malloc_getpagesize_P = 0x80
START GROUP
LOAD c:/program files (x86)/atollic/truestudio for arm 7.1.2/armtools/bin/../lib/gcc/arm-atollic-eabi/5.3.1/armv7e-m/fpu\libgcc.a
LOAD c:/program files (x86)/atollic/truestudio for arm 7.1.2/armtools/bin/../lib/gcc/arm-atollic-eabi/5.3.1/../../../../arm-atollic-eabi/lib/armv7e-m/fpu\libc.a
END GROUP
START GROUP
LOAD c:/program files (x86)/atollic/truestudio for arm 7.1.2/armtools/bin/../lib/gcc/arm-atollic-eabi/5.3.1/armv7e-m/fpu\libgcc.a
LOAD c:/program files (x86)/atollic/truestudio for arm 7.1.2/armtools/bin/../lib/gcc/arm-atollic-eabi/5.3.1/../../../../arm-atollic-eabi/lib/armv7e-m/fpu\libc.a
LOAD c:/program files (x86)/atollic/truestudio for arm 7.1.2/armtools/bin/../lib/gcc/arm-atollic-eabi/5.3.1/../../../../arm-atollic-eabi/lib/armv7e-m/fpu\libnosys.a
END GROUP
LOAD c:/program files (x86)/atollic/truestudio for arm 7.1.2/armtools/bin/../lib/gcc/arm-atollic-eabi/5.3.1/armv7e-m/fpu/crtend.o
LOAD c:/program files (x86)/atollic/truestudio for arm 7.1.2/armtools/bin/../lib/gcc/arm-atollic-eabi/5.3.1/armv7e-m/fpu/crtn.o
                0x20020000                _estack = 0x20020000
                0x00000000                _Min_Heap_Size = 0x0
                0x00000400                _Min_Stack_Size = 0x400

.isr_vector     0x08000000      0x188
                0x08000000                . = ALIGN (0x4)
 *(.isr_vector)
 .isr_vector    0x08000000      0x188 src\startup_stm32f40xx.o
                0x08000000                g_pfnVectors
                0x08000188                . = ALIGN (0x4)

.text           0x08000188     0x684c
                0x08000188                . = ALIGN (0x4)
 *(.text)
 .text          0x08000188        0x0 c:/program files (x86)/atollic/truestudio for arm 7.1.2/armtools/bin/../lib/gcc/arm-atollic-eabi/5.3.1/armv7e-m/fpu/crti.o
 .text          0x08000188       0x40 c:/program files (x86)/atollic/truestudio for arm 7.1.2/armtools/bin/../lib/gcc/arm-atollic-eabi/5.3.1/armv7e-m/fpu/crtbegin.o
 .text          0x080001c8       0xc8 Libraries\STM32F4xx_StdPeriph_Driver\src\misc.o
                0x080001c8                NVIC_PriorityGroupConfig
                0x080001dc                NVIC_Init
                0x0800024c                NVIC_SetVectorTable
                0x08000260                NVIC_SystemLPConfig
                0x08000278                SysTick_CLKSourceConfig
 .text          0x08000290      0x374 Libraries\STM32F4xx_StdPeriph_Driver\src\stm32f4xx_adc.o
                0x08000290                ADC_DeInit
                0x080002aa                ADC_Init
                0x080002f4                ADC_StructInit
                0x08000308                ADC_CommonInit
                0x08000330                ADC_CommonStructInit
                0x0800033c                ADC_Cmd
                0x0800034e                ADC_AnalogWatchdogCmd
                0x0800035e                ADC_AnalogWatchdogThresholdsConfig
                0x08000364                ADC_AnalogWatchdogSingleChannelConfig
                0x08000370                ADC_TempSensorVrefintCmd
                0x08000388                ADC_VBATCmd
                0x080003a0                ADC_RegularChannelConfig
                0x0800042e                ADC_SoftwareStartConv
                0x08000438                ADC_EOCOnEachRegularChannelCmd
                0x0800044a                ADC_ContinuousModeCmd
                0x0800045c                ADC_DiscModeChannelCountConfig
                0x0800046c                ADC_DiscModeCmd
                0x0800047e                ADC_GetConversionValue
                0x08000484                ADC_GetMultiModeConversionValue
                0x08000490                ADC_DMACmd
                0x080004a2                ADC_DMARequestAfterLastTransferCmd
                0x080004b4                ADC_MultiModeDMARequestAfterLastTransferCmd
                0x080004cc                ADC_InjectedChannelConfig
                0x08000524                ADC_InjectedSequencerLengthConfig
                0x08000534                ADC_SetInjectedOffset
                0x0800054a                ADC_ExternalTrigInjectedConvConfig
                0x08000556                ADC_ExternalTrigInjectedConvEdgeConfig
                0x08000562                ADC_SoftwareStartInjectedConv
                0x0800056c                ADC_GetSoftwareStartInjectedConvCmdStatus
                0x08000574                ADC_GetSoftwareStartConvStatus
                0x08000578                ADC_AutoInjectedConvCmd
                0x0800058a                ADC_InjectedDiscModeCmd
                0x0800059c                ADC_GetInjectedConversionValue
                0x080005b6                ADC_ITConfig
                0x080005ce                ADC_GetFlagStatus
                0x080005da                ADC_ClearFlag
                0x080005e0                ADC_GetITStatus
                0x080005fc                ADC_ClearITPendingBit
 .text          0x08000604      0x714 Libraries\STM32F4xx_StdPeriph_Driver\src\stm32f4xx_can.o
                0x08000604                CAN_DeInit
                0x0800063c                CAN_Init
                0x08000712                CAN_FilterInit
                0x080007f4                CAN_StructInit
                0x08000814                CAN_SlaveStartBank
                0x08000850                CAN_DBGFreeze
                0x08000862                CAN_TTComModeCmd
                0x080008ba                CAN_Transmit
                0x08000954                CAN_TransmitStatus
                0x080009a0                CAN_CancelTransmit
                0x080009c6                CAN_Receive
                0x08000a5e                CAN_FIFORelease
                0x08000a74                CAN_MessagePending
                0x08000a8a                CAN_OperatingModeRequest
                0x08000b12                CAN_Sleep
                0x08000b2c                CAN_WakeUp
                0x08000b4e                CAN_GetLastErrorCode
                0x08000b56                CAN_GetReceiveErrorCounter
                0x08000b5c                CAN_GetLSBTransmitErrorCounter
                0x08000b64                CAN_ITConfig
                0x08000b74                CAN_GetFlagStatus
                0x08000ba4                CAN_ClearFlag
                0x08000bd4                CAN_GetITStatus
                0x08000c9c                CAN_ClearITPendingBit
 .text          0x08000d18       0x58 Libraries\STM32F4xx_StdPeriph_Driver\src\stm32f4xx_crc.o
                0x08000d18                CRC_ResetDR
                0x08000d24                CRC_CalcCRC
                0x08000d30                CRC_CalcBlockCRC
                0x08000d4c                CRC_GetCRC
                0x08000d58                CRC_SetIDRegister
                0x08000d64                CRC_GetIDRegister
 .text          0x08000d70      0x314 Libraries\STM32F4xx_StdPeriph_Driver\src\stm32f4xx_cryp.o
                0x08000d70                CRYP_DeInit
                0x08000d86                CRYP_Init
                0x08000ddc                CRYP_StructInit
                0x08000de8                CRYP_KeyInit
                0x08000e10                CRYP_KeyStructInit
                0x08000e24                CRYP_IVInit
                0x08000e3c                CRYP_IVStructInit
                0x08000e48                CRYP_PhaseConfig
                0x08000e5c                CRYP_FIFOFlush
                0x08000e6c                CRYP_Cmd
                0x08000e84                CRYP_DataIn
                0x08000e90                CRYP_DataOut
                0x08000e9c                CRYP_SaveContext
                0x08000f80                CRYP_RestoreContext
                0x0800100c                CRYP_DMACmd
                0x08001028                CRYP_ITConfig
                0x08001044                CRYP_GetITStatus
                0x08001058                CRYP_GetCmdStatus
                0x08001068                CRYP_GetFlagStatus
 .text          0x08001084      0xe76 Libraries\STM32F4xx_StdPeriph_Driver\src\stm32f4xx_cryp_aes.o
                0x08001084                CRYP_AES_ECB
                0x0800120e                CRYP_AES_CBC
                0x080013c4                CRYP_AES_CTR
                0x0800153a                CRYP_AES_GCM
                0x08001974                CRYP_AES_CCM
 .text          0x08001efa      0x190 Libraries\STM32F4xx_StdPeriph_Driver\src\stm32f4xx_cryp_des.o
                0x08001efa                CRYP_DES_ECB
                0x08001fb6                CRYP_DES_CBC
 .text          0x0800208a      0x1c4 Libraries\STM32F4xx_StdPeriph_Driver\src\stm32f4xx_cryp_tdes.o
                0x0800208a                CRYP_TDES_ECB
                0x08002162                CRYP_TDES_CBC
 *fill*         0x0800224e        0x2 
 .text          0x08002250      0x1b0 Libraries\STM32F4xx_StdPeriph_Driver\src\stm32f4xx_dac.o
                0x08002250                DAC_DeInit
                0x0800226a                DAC_Init
                0x08002298                DAC_StructInit
                0x080022a4                DAC_Cmd
                0x080022c4                DAC_SoftwareTriggerCmd
                0x080022e4                DAC_DualSoftwareTriggerCmd
                0x080022fc                DAC_SetChannel1Data
                0x0800231c                DAC_SetChannel2Data
                0x0800233c                DAC_SetDualChannelData
                0x08002354                DAC_GetDataOutputValue
                0x08002378                DAC_DMACmd
                0x08002398                DAC_ITConfig
                0x080023b4                DAC_WaveGenerationCmd
                0x080023b8                DAC_GetFlagStatus
                0x080023cc                DAC_ClearFlag
                0x080023d8                DAC_GetITStatus
                0x080023f4                DAC_ClearITPendingBit
 .text          0x08002400       0x64 Libraries\STM32F4xx_StdPeriph_Driver\src\stm32f4xx_dbgmcu.o
                0x08002400                DBGMCU_GetREVID
                0x0800240c                DBGMCU_GetDEVID
                0x0800241c                DBGMCU_Config
                0x08002434                DBGMCU_APB1PeriphConfig
                0x0800244c                DBGMCU_APB2PeriphConfig
 .text          0x08002464      0x168 Libraries\STM32F4xx_StdPeriph_Driver\src\stm32f4xx_dcmi.o
                0x08002464                DCMI_DeInit
                0x08002480                DCMI_Init
                0x080024c0                DCMI_StructInit
                0x080024d2                DCMI_CROPConfig
                0x080024f0                DCMI_CROPCmd
                0x08002508                DCMI_SetEmbeddedSynchroCodes
                0x08002514                DCMI_JPEGCmd
                0x0800252c                DCMI_Cmd
                0x08002544                DCMI_CaptureCmd
                0x0800255c                DCMI_ReadData
                0x08002568                DCMI_ITConfig
                0x08002580                DCMI_GetFlagStatus
                0x080025a0                DCMI_ClearFlag
                0x080025ac                DCMI_GetITStatus
                0x080025c0                DCMI_ClearITPendingBit
 .text          0x080025cc      0x304 Libraries\STM32F4xx_StdPeriph_Driver\src\stm32f4xx_dma.o
                0x080025cc                DMA_DeInit
                0x080026d8                DMA_Init
                0x0800272c                DMA_StructInit
                0x0800274e                DMA_Cmd
                0x08002760                DMA_PeriphIncOffsetSizeConfig
                0x08002772                DMA_FlowControllerConfig
                0x08002784                DMA_SetCurrDataCounter
                0x08002788                DMA_GetCurrDataCounter
                0x0800278e                DMA_DoubleBufferModeConfig
                0x080027a2                DMA_DoubleBufferModeCmd
                0x080027b4                DMA_MemoryTargetConfig
                0x080027be                DMA_GetCurrentMemoryTarget
                0x080027c6                DMA_GetCmdStatus
                0x080027ce                DMA_GetFIFOStatus
                0x080027d6                DMA_GetFlagStatus
                0x0800280c                DMA_ITConfig
                0x0800284a                DMA_GetITStatus
                0x0800289c                DMA_ClearITPendingBit
                0x080028cc                DMA_ClearFlag
 .text          0x080028d0       0xf4 Libraries\STM32F4xx_StdPeriph_Driver\src\stm32f4xx_exti.o
                0x080028d0                EXTI_DeInit
                0x080028ec                EXTI_Init
                0x08002960                EXTI_StructInit
                0x0800296e                EXTI_GenerateSWInterrupt
                0x0800297c                EXTI_GetFlagStatus
                0x08002990                EXTI_ClearFlag
                0x0800299c                EXTI_GetITStatus
                0x080029b8                EXTI_ClearITPendingBit
 .text          0x080029c4      0x41c Libraries\STM32F4xx_StdPeriph_Driver\src\stm32f4xx_flash.o
                0x080029c4                FLASH_SetLatency
                0x080029d0                FLASH_PrefetchBufferCmd
                0x080029e8                FLASH_InstructionCacheCmd
                0x08002a00                FLASH_DataCacheCmd
                0x08002a18                FLASH_InstructionCacheReset
                0x08002a28                FLASH_DataCacheReset
                0x08002a38                FLASH_Unlock
                0x08002a54                FLASH_Lock
                0x08002a64                FLASH_OB_Unlock
                0x08002a80                FLASH_OB_Lock
                0x08002a90                FLASH_OB_BORConfig
                0x08002aa8                FLASH_OB_GetUser
                0x08002ab8                FLASH_OB_GetWRP
                0x08002ac4                FLASH_OB_GetWRP1
                0x08002ad0                FLASH_OB_GetRDP
                0x08002ae0                FLASH_OB_GetBOR
                0x08002af0                FLASH_ITConfig
                0x08002b08                FLASH_GetFlagStatus
                0x08002b1c                FLASH_ClearFlag
                0x08002b28                FLASH_GetStatus
                0x08002b5c                FLASH_WaitForLastOperation
                0x08002b7e                FLASH_EraseSector
                0x08002bec                FLASH_EraseAllSectors
                0x08002c48                FLASH_ProgramDoubleWord
                0x08002c88                FLASH_ProgramWord
                0x08002cc4                FLASH_ProgramHalfWord
                0x08002d00                FLASH_ProgramByte
                0x08002d38                FLASH_OB_WRPConfig
                0x08002d60                FLASH_OB_WRP1Config
                0x08002d88                FLASH_OB_RDPConfig
                0x08002da0                FLASH_OB_UserConfig
                0x08002dcc                FLASH_OB_Launch
 .text          0x08002de0      0x438 Libraries\STM32F4xx_StdPeriph_Driver\src\stm32f4xx_fsmc.o
                0x08002de0                FSMC_NORSRAMDeInit
                0x08002e08                FSMC_NORSRAMInit
                0x08002eae                FSMC_NORSRAMStructInit
                0x08002efc                FSMC_NORSRAMCmd
                0x08002f1c                FSMC_NANDDeInit
                0x08002f40                FSMC_NANDInit
                0x08002fa8                FSMC_NANDStructInit
                0x08002fd2                FSMC_NANDCmd
                0x08003004                FSMC_NANDECCCmd
                0x08003034                FSMC_GetECC
                0x08003048                FSMC_PCCARDDeInit
                0x08003064                FSMC_PCCARDInit
                0x080030cc                FSMC_PCCARDStructInit
                0x080030f6                FSMC_PCCARDCmd
                0x08003114                FSMC_ITConfig
                0x08003160                FSMC_GetFlagStatus
                0x0800318c                FSMC_ClearFlag
                0x080031b8                FSMC_GetITStatus
                0x080031ec                FSMC_ClearITPendingBit
 .text          0x08003218      0x208 Libraries\STM32F4xx_StdPeriph_Driver\src\stm32f4xx_gpio.o
                0x08003218                GPIO_DeInit
                0x08003300                GPIO_Init
                0x08003384                GPIO_StructInit
                0x08003396                GPIO_PinLockConfig
                0x080033ba                GPIO_ReadInputDataBit
                0x080033c6                GPIO_ReadInputData
                0x080033cc                GPIO_ReadOutputDataBit
                0x080033d8                GPIO_ReadOutputData
                0x080033de                GPIO_SetBits
                0x080033e2                GPIO_ResetBits
                0x080033e6                GPIO_WriteBit
                0x080033f0                GPIO_Write
                0x080033f4                GPIO_ToggleBits
                0x080033fc                GPIO_PinAFConfig
 .text          0x08003420      0x1dc Libraries\STM32F4xx_StdPeriph_Driver\src\stm32f4xx_hash.o
                0x08003420                HASH_DeInit
                0x08003436                HASH_Init
                0x08003478                HASH_StructInit
                0x08003484                HASH_Reset
                0x08003494                HASH_SetLastWordValidBitsNbr
                0x080034ac                HASH_DataIn
                0x080034b8                HASH_GetInFIFOWordsNbr
                0x080034c8                HASH_GetDigest
                0x080034f8                HASH_StartDigest
                0x08003508                HASH_SaveContext
                0x08003534                HASH_RestoreContext
                0x08003568                HASH_AutoStartDigest
                0x08003580                HASH_DMACmd
                0x08003598                HASH_ITConfig
                0x080035b0                HASH_GetFlagStatus
                0x080035cc                HASH_ClearFlag
                0x080035d8                HASH_GetITStatus
                0x080035f0                HASH_ClearITPendingBit
 .text          0x080035fc      0x1d4 Libraries\STM32F4xx_StdPeriph_Driver\src\stm32f4xx_hash_md5.o
                0x080035fc                HASH_MD5
                0x08003690                HMAC_MD5
 .text          0x080037d0      0x1de Libraries\STM32F4xx_StdPeriph_Driver\src\stm32f4xx_hash_sha1.o
                0x080037d0                HASH_SHA1
                0x08003868                HMAC_SHA1
 *fill*         0x080039ae        0x2 
 .text          0x080039b0      0x3f4 Libraries\STM32F4xx_StdPeriph_Driver\src\stm32f4xx_i2c.o
                0x080039b0                I2C_DeInit
                0x08003a10                I2C_Init
                0x08003ae4                I2C_StructInit
                0x08003b00                I2C_Cmd
                0x08003b18                I2C_AnalogFilterCmd
                0x08003b30                I2C_DigitalFilterConfig
                0x08003b42                I2C_GenerateSTART
                0x08003b5a                I2C_GenerateSTOP
                0x08003b72                I2C_Send7bitAddress
                0x08003b84                I2C_AcknowledgeConfig
                0x08003b9c                I2C_OwnAddress2Config
                0x08003bae                I2C_DualAddressCmd
                0x08003bc6                I2C_GeneralCallCmd
                0x08003bde                I2C_SoftwareResetCmd
                0x08003bf6                I2C_StretchClockCmd
                0x08003c0e                I2C_FastModeDutyCycleConfig
                0x08003c2a                I2C_SMBusAlertConfig
                0x08003c46                I2C_ARPCmd
                0x08003c5e                I2C_SendData
                0x08003c62                I2C_ReceiveData
                0x08003c68                I2C_TransmitPEC
                0x08003c80                I2C_PECPositionConfig
                0x08003c9c                I2C_NACKPositionConfig
                0x08003ca0                I2C_CalculatePEC
                0x08003cb8                I2C_GetPEC
                0x08003cc0                I2C_DMACmd
                0x08003cd8                I2C_DMALastTransferCmd
                0x08003cf0                I2C_ReadRegister
                0x08003d08                I2C_ITConfig
                0x08003d1a                I2C_CheckEvent
                0x08003d34                I2C_GetLastEvent
                0x08003d44                I2C_GetFlagStatus
                0x08003d78                I2C_ClearFlag
                0x08003d80                I2C_GetITStatus
                0x08003d9c                I2C_ClearITPendingBit
 .text          0x08003da4       0x58 Libraries\STM32F4xx_StdPeriph_Driver\src\stm32f4xx_iwdg.o
                0x08003da4                IWDG_WriteAccessCmd
                0x08003db0                IWDG_SetPrescaler
                0x08003dbc                IWDG_SetReload
                0x08003dc8                IWDG_ReloadCounter
                0x08003dd8                IWDG_Enable
                0x08003de8                IWDG_GetFlagStatus
 .text          0x08003dfc       0xfc Libraries\STM32F4xx_StdPeriph_Driver\src\stm32f4xx_pwr.o
                0x08003dfc                PWR_DeInit
                0x08003e16                PWR_BackupAccessCmd
                0x08003e20                PWR_PVDLevelConfig
                0x08003e34                PWR_PVDCmd
                0x08003e40                PWR_WakeUpPinCmd
                0x08003e4c                PWR_BackupRegulatorCmd
                0x08003e58                PWR_MainRegulatorModeConfig
                0x08003e6c                PWR_FlashPowerDownCmd
                0x08003e78                PWR_EnterSTOPMode
                0x08003eac                PWR_EnterSTANDBYMode
                0x08003ed4                PWR_GetFlagStatus
                0x08003ee8                PWR_ClearFlag
 .text          0x08003ef8      0x468 Libraries\STM32F4xx_StdPeriph_Driver\src\stm32f4xx_rcc.o
                0x08003ef8                RCC_DeInit
                0x08003f34                RCC_HSEConfig
                0x08003f44                RCC_AdjustHSICalibrationValue
                0x08003f58                RCC_HSICmd
                0x08003f64                RCC_LSEConfig
                0x08003f84                RCC_LSICmd
                0x08003f90                RCC_PLLConfig
                0x08003fb0                RCC_PLLCmd
                0x08003fbc                RCC_PLLI2SConfig
                0x08003fd0                RCC_PLLI2SCmd
                0x08003fdc                RCC_ClockSecuritySystemCmd
                0x08003fe8                RCC_MCO1Config
                0x08003ffc                RCC_MCO2Config
                0x08004010                RCC_SYSCLKConfig
                0x08004024                RCC_GetSYSCLKSource
                0x08004034                RCC_HCLKConfig
                0x08004048                RCC_PCLK1Config
                0x0800405c                RCC_PCLK2Config
                0x08004070                RCC_GetClocksFreq
                0x080040f8                RCC_RTCCLKConfig
                0x08004128                RCC_RTCCLKCmd
                0x08004134                RCC_BackupResetCmd
                0x08004140                RCC_I2SCLKConfig
                0x0800414c                RCC_TIMCLKPresConfig
                0x08004158                RCC_AHB1PeriphClockCmd
                0x08004170                RCC_AHB2PeriphClockCmd
                0x08004188                RCC_AHB3PeriphClockCmd
                0x080041a0                RCC_APB1PeriphClockCmd
                0x080041b8                RCC_APB2PeriphClockCmd
                0x080041d0                RCC_AHB1PeriphResetCmd
                0x080041e8                RCC_AHB2PeriphResetCmd
                0x08004200                RCC_AHB3PeriphResetCmd
                0x08004218                RCC_APB1PeriphResetCmd
                0x08004230                RCC_APB2PeriphResetCmd
                0x08004248                RCC_AHB1PeriphClockLPModeCmd
                0x08004260                RCC_AHB2PeriphClockLPModeCmd
                0x08004278                RCC_AHB3PeriphClockLPModeCmd
                0x08004290                RCC_APB1PeriphClockLPModeCmd
                0x080042a8                RCC_APB2PeriphClockLPModeCmd
                0x080042c0                RCC_ITConfig
                0x080042d8                RCC_GetFlagStatus
                0x08004300                RCC_WaitForHSEStartUp
                0x08004330                RCC_ClearFlag
                0x08004340                RCC_GetITStatus
                0x08004354                RCC_ClearITPendingBit
 .text          0x08004360       0x8c Libraries\STM32F4xx_StdPeriph_Driver\src\stm32f4xx_rng.o
                0x08004360                RNG_DeInit
                0x08004376                RNG_Cmd
                0x08004390                RNG_GetRandomNumber
                0x0800439c                RNG_ITConfig
                0x080043b4                RNG_ClearFlag
                0x080043c4                RNG_GetITStatus
                0x080043d8                RNG_GetFlagStatus
                0x080043dc                RNG_ClearITPendingBit
 .text          0x080043ec      0xa7c Libraries\STM32F4xx_StdPeriph_Driver\src\stm32f4xx_rtc.o
                0x08004418                RTC_StructInit
                0x08004424                RTC_WriteProtectionCmd
                0x0800443c                RTC_EnterInitMode
                0x0800447c                RTC_ExitInitMode
                0x0800448c                RTC_Init
                0x080044d0                RTC_WaitForSynchro
                0x08004514                RTC_DeInit
                0x0800459c                RTC_RefClockCmd
                0x080045d4                RTC_BypassShadowCmd
                0x080045f8                RTC_SetTime
                0x0800468c                RTC_TimeStructInit
                0x08004698                RTC_GetTime
                0x080046e0                RTC_GetSubSecond
                0x080046ec                RTC_SetDate
                0x08004774                RTC_DateStructInit
                0x08004782                RTC_GetDate
                0x080047c8                RTC_SetAlarm
                0x08004870                RTC_AlarmStructInit
                0x08004884                RTC_GetAlarm
                0x080048e8                RTC_AlarmCmd
                0x08004944                RTC_AlarmSubSecondConfig
                0x08004968                RTC_GetAlarmSubSecond
                0x08004980                RTC_WakeUpClockConfig
                0x080049a4                RTC_SetWakeUpCounter
                0x080049bc                RTC_GetWakeUpCounter
                0x080049c8                RTC_WakeUpCmd
                0x08004a1c                RTC_DayLightSavingConfig
                0x08004a40                RTC_GetStoreOperation
                0x08004a50                RTC_OutputConfig
                0x08004a74                RTC_CoarseCalibConfig
                0x08004aa0                RTC_CoarseCalibCmd
                0x08004ad8                RTC_CalibOutputCmd
                0x08004afc                RTC_CalibOutputConfig
                0x08004b20                RTC_SmoothCalibConfig
                0x08004b64                RTC_TimeStampCmd
                0x08004b8c                RTC_GetTimeStamp
                0x08004c0c                RTC_GetTimeStampSubSecond
                0x08004c18                RTC_TamperTriggerConfig
                0x08004c30                RTC_TamperCmd
                0x08004c48                RTC_TamperFilterConfig
                0x08004c60                RTC_TamperSamplingFreqConfig
                0x08004c78                RTC_TamperPinsPrechargeDuration
                0x08004c90                RTC_TimeStampOnTamperDetectionCmd
                0x08004ca8                RTC_TamperPullUpCmd
                0x08004cc0                RTC_WriteBackupRegister
                0x08004ce0                RTC_ReadBackupRegister
                0x08004d00                RTC_TamperPinSelection
                0x08004d18                RTC_TimeStampPinSelection
                0x08004d30                RTC_OutputTypeConfig
                0x08004d48                RTC_SynchroShiftConfig
                0x08004d9c                RTC_ITConfig
                0x08004ddc                RTC_GetFlagStatus
                0x08004e00                RTC_ClearFlag
                0x08004e1c                RTC_GetITStatus
                0x08004e4c                RTC_ClearITPendingBit
 .text          0x08004e68      0x20c Libraries\STM32F4xx_StdPeriph_Driver\src\stm32f4xx_sdio.o
                0x08004e68                SDIO_DeInit
                0x08004e82                SDIO_Init
                0x08004eb0                SDIO_StructInit
                0x08004ec0                SDIO_ClockCmd
                0x08004ecc                SDIO_SetPowerState
                0x08004ed8                SDIO_GetPowerState
                0x08004ee8                SDIO_SendCommand
                0x08004f14                SDIO_CmdStructInit
                0x08004f22                SDIO_GetCommandResponse
                0x08004f30                SDIO_GetResponse
                0x08004f48                SDIO_DataConfig
                0x08004f74                SDIO_DataStructInit
                0x08004f88                SDIO_GetDataCounter
                0x08004f94                SDIO_ReadData
                0x08004fa0                SDIO_WriteData
                0x08004fac                SDIO_GetFIFOCount
                0x08004fb8                SDIO_StartSDIOReadWait
                0x08004fc4                SDIO_StopSDIOReadWait
                0x08004fd0                SDIO_SetSDIOReadWaitMode
                0x08004fdc                SDIO_SetSDIOOperation
                0x08004fe8                SDIO_SendSDIOSuspendCmd
                0x08004ff4                SDIO_CommandCompletionCmd
                0x08005000                SDIO_CEATAITCmd
                0x08005014                SDIO_SendCEATACmd
                0x08005020                SDIO_DMACmd
                0x0800502c                SDIO_ITConfig
                0x08005044                SDIO_ClearFlag
                0x08005050                SDIO_GetITStatus
                0x08005064                SDIO_GetFlagStatus
                0x08005068                SDIO_ClearITPendingBit
 .text          0x08005074      0x3a4 Libraries\STM32F4xx_StdPeriph_Driver\src\stm32f4xx_spi.o
                0x08005074                SPI_I2S_DeInit
                0x0800512c                SPI_Init
                0x0800516a                I2S_Init
                0x08005238                SPI_StructInit
                0x08005250                I2S_StructInit
                0x08005262                SPI_Cmd
                0x0800527a                I2S_Cmd
                0x08005292                SPI_DataSizeConfig
                0x080052a8                SPI_BiDirectionalLineConfig
                0x080052c4                SPI_NSSInternalSoftwareConfig
                0x080052e2                SPI_SSOutputCmd
                0x080052fa                SPI_TIModeCmd
                0x08005312                I2S_FullDuplexConfig
                0x0800535c                SPI_I2S_ReceiveData
                0x08005362                SPI_I2S_SendData
                0x08005366                SPI_CalculateCRC
                0x0800537e                SPI_TransmitCRC
                0x0800538a                SPI_GetCRC
                0x08005396                SPI_GetCRCPolynomial
                0x0800539c                SPI_I2S_DMACmd
                0x080053ae                SPI_I2S_ITConfig
                0x080053ca                SPI_I2S_GetFlagStatus
                0x080053d6                SPI_I2S_ClearFlag
                0x080053de                SPI_I2S_GetITStatus
                0x08005404                SPI_I2S_ClearITPendingBit
 .text          0x08005418       0x74 Libraries\STM32F4xx_StdPeriph_Driver\src\stm32f4xx_syscfg.o
                0x08005418                SYSCFG_DeInit
                0x08005432                SYSCFG_MemoryRemapConfig
                0x0800543c                SYSCFG_EXTILineConfig
                0x08005466                SYSCFG_ETH_MediaInterfaceConfig
                0x08005470                SYSCFG_CompensationCellCmd
                0x0800547c                SYSCFG_GetCompensationCellStatus
 .text          0x0800548c      0xb04 Libraries\STM32F4xx_StdPeriph_Driver\src\stm32f4xx_tim.o
                0x080054f8                TIM_DeInit
                0x08005664                TIM_TimeBaseInit
                0x080056e0                TIM_TimeBaseStructInit
                0x080056f2                TIM_PrescalerConfig
                0x080056f8                TIM_CounterModeConfig
                0x08005708                TIM_SetCounter
                0x0800570c                TIM_SetAutoreload
                0x08005710                TIM_GetCounter
                0x08005714                TIM_GetPrescaler
                0x0800571a                TIM_UpdateDisableConfig
                0x08005732                TIM_UpdateRequestConfig
                0x0800574a                TIM_ARRPreloadConfig
                0x08005762                TIM_SelectOnePulseMode
                0x08005778                TIM_SetClockDivision
                0x0800578e                TIM_Cmd
                0x080057a6                TIM_OC1Init
                0x08005818                TIM_OC2Init
                0x080058a0                TIM_OC3Init
                0x08005924                TIM_OC4Init
                0x0800598c                TIM_OCStructInit
                0x080059a0                TIM_SelectOCxM
                0x080059e6                TIM_SetCompare1
                0x080059ea                TIM_SetCompare2
                0x080059ee                TIM_SetCompare3
                0x080059f2                TIM_SetCompare4
                0x080059f6                TIM_ForcedOC1Config
                0x08005a06                TIM_ForcedOC2Config
                0x08005a1a                TIM_ForcedOC3Config
                0x08005a2a                TIM_ForcedOC4Config
                0x08005a3e                TIM_OC1PreloadConfig
                0x08005a4e                TIM_OC2PreloadConfig
                0x08005a62                TIM_OC3PreloadConfig
                0x08005a72                TIM_OC4PreloadConfig
                0x08005a86                TIM_OC1FastConfig
                0x08005a96                TIM_OC2FastConfig
                0x08005aaa                TIM_OC3FastConfig
                0x08005aba                TIM_OC4FastConfig
                0x08005ace                TIM_ClearOC1Ref
                0x08005ade                TIM_ClearOC2Ref
                0x08005aee                TIM_ClearOC3Ref
                0x08005afe                TIM_ClearOC4Ref
                0x08005b0e                TIM_OC1PolarityConfig
                0x08005b1e                TIM_OC1NPolarityConfig
                0x08005b2e                TIM_OC2PolarityConfig
                0x08005b42                TIM_OC2NPolarityConfig
                0x08005b56                TIM_OC3PolarityConfig
                0x08005b6a                TIM_OC3NPolarityConfig
                0x08005b7e                TIM_OC4PolarityConfig
                0x08005b92                TIM_CCxCmd
                0x08005bae                TIM_CCxNCmd
                0x08005bca                TIM_ICStructInit
                0x08005bda                TIM_GetCapture1
                0x08005bde                TIM_GetCapture2
                0x08005be2                TIM_GetCapture3
                0x08005be6                TIM_GetCapture4
                0x08005bea                TIM_SetIC1Prescaler
                0x08005c00                TIM_SetIC2Prescaler
                0x08005c1a                TIM_PWMIConfig
                0x08005c7a                TIM_SetIC3Prescaler
                0x08005c90                TIM_SetIC4Prescaler
                0x08005caa                TIM_ICInit
                0x08005d5e                TIM_BDTRConfig
                0x08005d80                TIM_BDTRStructInit
                0x08005d92                TIM_CtrlPWMOutputs
                0x08005dae                TIM_SelectCOM
                0x08005dc6                TIM_CCPreloadControl
                0x08005dde                TIM_GenerateEvent
                0x08005de2                TIM_GetFlagStatus
                0x08005dee                TIM_ClearFlag
                0x08005df6                TIM_GetITStatus
                0x08005e0c                TIM_ClearITPendingBit
                0x08005e14                TIM_DMAConfig
                0x08005e1c                TIM_DMACmd
                0x08005e2e                TIM_ITConfig
                0x08005e32                TIM_SelectCCDMA
                0x08005e4a                TIM_InternalClockConfig
                0x08005e58                TIM_ITRxExternalClockConfig
                0x08005e72                TIM_TIxExternalClockConfig
                0x08005ea6                TIM_SelectInputTrigger
                0x08005eb6                TIM_SelectOutputTrigger
                0x08005ecc                TIM_SelectSlaveMode
                0x08005ee2                TIM_SelectMasterSlaveMode
                0x08005ef8                TIM_ETRConfig
                0x08005f0c                TIM_ETRClockMode1Config
                0x08005f24                TIM_ETRClockMode2Config
                0x08005f36                TIM_EncoderInterfaceConfig
                0x08005f72                TIM_SelectHallSensor
                0x08005f8a                TIM_RemapConfig
 .text          0x08005f90      0x3f0 Libraries\STM32F4xx_StdPeriph_Driver\src\stm32f4xx_usart.o
                0x08005f90                USART_DeInit
                0x08006078                USART_Init
                0x08006128                USART_StructInit
                0x0800613e                USART_ClockInit
                0x0800615e                USART_ClockStructInit
                0x0800616a                USART_Cmd
                0x08006182                USART_SetPrescaler
                0x08006194                USART_OverSampling8Cmd
                0x080061ac                USART_OneBitMethodCmd
                0x080061c4                USART_SendData
                0x080061cc                USART_ReceiveData
                0x080061d4                USART_SetAddress
                0x080061ea                USART_ReceiverWakeUpCmd
                0x08006202                USART_WakeUpConfig
                0x08006218                USART_LINBreakDetectLengthConfig
                0x0800622e                USART_LINCmd
                0x08006246                USART_SendBreak
                0x08006252                USART_HalfDuplexCmd
                0x0800626a                USART_SetGuardTime
                0x0800627c                USART_SmartCardCmd
                0x08006294                USART_SmartCardNACKCmd
                0x080062ac                USART_IrDAConfig
                0x080062c2                USART_IrDACmd
                0x080062da                USART_DMACmd
                0x080062ec                USART_ITConfig
                0x0800631c                USART_GetFlagStatus
                0x08006328                USART_ClearFlag
                0x08006330                USART_GetITStatus
                0x08006370                USART_ClearITPendingBit
 .text          0x08006380       0x9c Libraries\STM32F4xx_StdPeriph_Driver\src\stm32f4xx_wwdg.o
                0x08006380                WWDG_DeInit
                0x0800639a                WWDG_SetPrescaler
                0x080063ac                WWDG_SetWindowValue
                0x080063d4                WWDG_EnableIT
                0x080063e0                WWDG_SetCounter
                0x080063f0                WWDG_Enable
                0x08006400                WWDG_GetFlagStatus
                0x08006410                WWDG_ClearFlag
 .text          0x0800641c       0x94 src\main.o
                0x0800641c                init
                0x08006458                delay
                0x0800646a                loop
 .text          0x080064b0       0x14 src\startup_stm32f40xx.o
 .text          0x080064c4       0x12 src\stm32f4xx_it.o
                0x080064c4                NMI_Handler
                0x080064c6                HardFault_Handler
                0x080064c8                MemManage_Handler
                0x080064ca                BusFault_Handler
                0x080064cc                UsageFault_Handler
                0x080064ce                SVC_Handler
                0x080064d0                DebugMon_Handler
                0x080064d2                PendSV_Handler
                0x080064d4                SysTick_Handler
 *fill*         0x080064d6        0x2 
 .text          0x080064d8      0x168 src\system_stm32f4xx.o
                0x080064d8                SystemInit
                0x080065d0                SystemCoreClockUpdate
 .text          0x08006640      0x29c src\tiny_printf.o
                0x08006640                ts_itoa
                0x08006674                ts_formatstring
                0x0800673a                ts_formatlength
                0x080067ac                sprintf
                0x080067ac                siprintf
                0x080067c6                fiprintf
                0x080067c6                fprintf
                0x08006810                printf
                0x08006810                iprintf
                0x08006856                fputs
                0x08006890                puts
                0x080068c4                fwrite
 .text          0x080068dc        0x0 c:/program files (x86)/atollic/truestudio for arm 7.1.2/armtools/bin/../lib/gcc/arm-atollic-eabi/5.3.1/../../../../arm-atollic-eabi/lib/armv7e-m/fpu\libc.a(lib_a-init.o)
 .text          0x080068dc        0x0 c:/program files (x86)/atollic/truestudio for arm 7.1.2/armtools/bin/../lib/gcc/arm-atollic-eabi/5.3.1/../../../../arm-atollic-eabi/lib/armv7e-m/fpu\libc.a(lib_a-memset.o)
 .text          0x080068dc       0x10 c:/program files (x86)/atollic/truestudio for arm 7.1.2/armtools/bin/../lib/gcc/arm-atollic-eabi/5.3.1/../../../../arm-atollic-eabi/lib/armv7e-m/fpu\libc.a(lib_a-strlen.o)
                0x080068dc                strlen
 .text          0x080068ec        0x0 c:/program files (x86)/atollic/truestudio for arm 7.1.2/armtools/bin/../lib/gcc/arm-atollic-eabi/5.3.1/../../../../arm-atollic-eabi/lib/armv7e-m/fpu\libnosys.a(write.o)
 .text          0x080068ec        0x0 c:/program files (x86)/atollic/truestudio for arm 7.1.2/armtools/bin/../lib/gcc/arm-atollic-eabi/5.3.1/../../../../arm-atollic-eabi/lib/armv7e-m/fpu\libnosys.a(errno.o)
 .text          0x080068ec        0x0 c:/program files (x86)/atollic/truestudio for arm 7.1.2/armtools/bin/../lib/gcc/arm-atollic-eabi/5.3.1/armv7e-m/fpu/crtend.o
 .text          0x080068ec        0x0 c:/program files (x86)/atollic/truestudio for arm 7.1.2/armtools/bin/../lib/gcc/arm-atollic-eabi/5.3.1/armv7e-m/fpu/crtn.o
 *(.text*)
 .text.startup  0x080068ec        0xc src\main.o
                0x080068ec                main
 .text.Reset_Handler
                0x080068f8       0x50 src\startup_stm32f40xx.o
                0x080068f8                Reset_Handler
 .text.Default_Handler
                0x08006948        0x2 src\startup_stm32f40xx.o
                0x08006948                RTC_Alarm_IRQHandler
                0x08006948                HASH_RNG_IRQHandler
                0x08006948                EXTI2_IRQHandler
                0x08006948                TIM8_CC_IRQHandler
                0x08006948                TIM1_CC_IRQHandler
                0x08006948                DMA2_Stream5_IRQHandler
                0x08006948                DMA1_Stream5_IRQHandler
                0x08006948                PVD_IRQHandler
                0x08006948                SDIO_IRQHandler
                0x08006948                TAMP_STAMP_IRQHandler
                0x08006948                CAN2_RX1_IRQHandler
                0x08006948                EXTI3_IRQHandler
                0x08006948                TIM8_TRG_COM_TIM14_IRQHandler
                0x08006948                TIM1_UP_TIM10_IRQHandler
                0x08006948                TIM8_UP_TIM13_IRQHandler
                0x08006948                I2C3_ER_IRQHandler
                0x08006948                EXTI0_IRQHandler
                0x08006948                I2C2_EV_IRQHandler
                0x08006948                DMA1_Stream2_IRQHandler
                0x08006948                CAN1_RX0_IRQHandler
                0x08006948                FPU_IRQHandler
                0x08006948                OTG_HS_WKUP_IRQHandler
                0x08006948                CAN2_SCE_IRQHandler
                0x08006948                DMA2_Stream2_IRQHandler
                0x08006948                SPI1_IRQHandler
                0x08006948                TIM6_DAC_IRQHandler
                0x08006948                TIM1_BRK_TIM9_IRQHandler
                0x08006948                DCMI_IRQHandler
                0x08006948                CAN2_RX0_IRQHandler
                0x08006948                DMA2_Stream3_IRQHandler
                0x08006948                USART6_IRQHandler
                0x08006948                USART3_IRQHandler
                0x08006948                CRYP_IRQHandler
                0x08006948                CAN1_RX1_IRQHandler
                0x08006948                UART5_IRQHandler
                0x08006948                DMA2_Stream0_IRQHandler
                0x08006948                TIM4_IRQHandler
                0x08006948                I2C1_EV_IRQHandler
                0x08006948                DMA1_Stream6_IRQHandler
                0x08006948                DMA1_Stream1_IRQHandler
                0x08006948                UART4_IRQHandler
                0x08006948                TIM3_IRQHandler
                0x08006948                RCC_IRQHandler
                0x08006948                TIM8_BRK_TIM12_IRQHandler
                0x08006948                Default_Handler
                0x08006948                EXTI15_10_IRQHandler
                0x08006948                ADC_IRQHandler
                0x08006948                DMA1_Stream7_IRQHandler
                0x08006948                TIM7_IRQHandler
                0x08006948                CAN2_TX_IRQHandler
                0x08006948                TIM5_IRQHandler
                0x08006948                DMA2_Stream7_IRQHandler
                0x08006948                I2C3_EV_IRQHandler
                0x08006948                EXTI9_5_IRQHandler
                0x08006948                RTC_WKUP_IRQHandler
                0x08006948                ETH_WKUP_IRQHandler
                0x08006948                SPI2_IRQHandler
                0x08006948                OTG_HS_EP1_IN_IRQHandler
                0x08006948                DMA1_Stream0_IRQHandler
                0x08006948                CAN1_TX_IRQHandler
                0x08006948                EXTI4_IRQHandler
                0x08006948                FSMC_IRQHandler
                0x08006948                ETH_IRQHandler
                0x08006948                OTG_HS_EP1_OUT_IRQHandler
                0x08006948                WWDG_IRQHandler
                0x08006948                TIM2_IRQHandler
                0x08006948                OTG_FS_WKUP_IRQHandler
                0x08006948                TIM1_TRG_COM_TIM11_IRQHandler
                0x08006948                OTG_HS_IRQHandler
                0x08006948                EXTI1_IRQHandler
                0x08006948                USART2_IRQHandler
                0x08006948                I2C2_ER_IRQHandler
                0x08006948                DMA2_Stream1_IRQHandler
                0x08006948                CAN1_SCE_IRQHandler
                0x08006948                FLASH_IRQHandler
                0x08006948                DMA2_Stream4_IRQHandler
                0x08006948                USART1_IRQHandler
                0x08006948                OTG_FS_IRQHandler
                0x08006948                SPI3_IRQHandler
                0x08006948                DMA1_Stream4_IRQHandler
                0x08006948                I2C1_ER_IRQHandler
                0x08006948                DMA2_Stream6_IRQHandler
                0x08006948                DMA1_Stream3_IRQHandler
 *fill*         0x0800694a        0x2 
 .text.__libc_init_array
                0x0800694c       0x4c c:/program files (x86)/atollic/truestudio for arm 7.1.2/armtools/bin/../lib/gcc/arm-atollic-eabi/5.3.1/../../../../arm-atollic-eabi/lib/armv7e-m/fpu\libc.a(lib_a-init.o)
                0x0800694c                __libc_init_array
 .text.memset   0x08006998       0x10 c:/program files (x86)/atollic/truestudio for arm 7.1.2/armtools/bin/../lib/gcc/arm-atollic-eabi/5.3.1/../../../../arm-atollic-eabi/lib/armv7e-m/fpu\libc.a(lib_a-memset.o)
                0x08006998                memset
 .text._write   0x080069a8       0x10 c:/program files (x86)/atollic/truestudio for arm 7.1.2/armtools/bin/../lib/gcc/arm-atollic-eabi/5.3.1/../../../../arm-atollic-eabi/lib/armv7e-m/fpu\libnosys.a(write.o)
                0x080069a8                _write
 *(.glue_7)
 .glue_7        0x080069b8        0x0 linker stubs
 *(.glue_7t)
 .glue_7t       0x080069b8        0x0 linker stubs
 *(.eh_frame)
 .eh_frame      0x080069b8        0x0 c:/program files (x86)/atollic/truestudio for arm 7.1.2/armtools/bin/../lib/gcc/arm-atollic-eabi/5.3.1/armv7e-m/fpu/crtbegin.o
 .eh_frame      0x080069b8        0x4 c:/program files (x86)/atollic/truestudio for arm 7.1.2/armtools/bin/../lib/gcc/arm-atollic-eabi/5.3.1/armv7e-m/fpu/crtend.o
 *(.init)
 .init          0x080069bc        0x4 c:/program files (x86)/atollic/truestudio for arm 7.1.2/armtools/bin/../lib/gcc/arm-atollic-eabi/5.3.1/armv7e-m/fpu/crti.o
                0x080069bc                _init
 .init          0x080069c0        0x8 c:/program files (x86)/atollic/truestudio for arm 7.1.2/armtools/bin/../lib/gcc/arm-atollic-eabi/5.3.1/armv7e-m/fpu/crtn.o
 *(.fini)
 .fini          0x080069c8        0x4 c:/program files (x86)/atollic/truestudio for arm 7.1.2/armtools/bin/../lib/gcc/arm-atollic-eabi/5.3.1/armv7e-m/fpu/crti.o
                0x080069c8                _fini
 .fini          0x080069cc        0x8 c:/program files (x86)/atollic/truestudio for arm 7.1.2/armtools/bin/../lib/gcc/arm-atollic-eabi/5.3.1/armv7e-m/fpu/crtn.o
                0x080069d4                . = ALIGN (0x4)
                0x080069d4                _etext = .

.vfp11_veneer   0x080069d4        0x0
 .vfp11_veneer  0x080069d4        0x0 linker stubs

.v4_bx          0x080069d4        0x0
 .v4_bx         0x080069d4        0x0 linker stubs

.iplt           0x080069d4        0x0
 .iplt          0x080069d4        0x0 c:/program files (x86)/atollic/truestudio for arm 7.1.2/armtools/bin/../lib/gcc/arm-atollic-eabi/5.3.1/armv7e-m/fpu/crtbegin.o

.rodata         0x080069d4        0xc
                0x080069d4                . = ALIGN (0x4)
 *(.rodata)
 .rodata        0x080069d4        0x8 src\main.o
                0x080069d4                LED
 *(.rodata*)
 .rodata.str1.1
                0x080069dc        0x2 src\tiny_printf.o
                0x080069e0                . = ALIGN (0x4)
 *fill*         0x080069de        0x2 

.rel.dyn        0x080069e0        0x0
 .rel.iplt      0x080069e0        0x0 c:/program files (x86)/atollic/truestudio for arm 7.1.2/armtools/bin/../lib/gcc/arm-atollic-eabi/5.3.1/armv7e-m/fpu/crtbegin.o

.ARM.extab
 *(.ARM.extab* .gnu.linkonce.armextab.*)

.ARM            0x080069e0        0x0
                0x080069e0                __exidx_start = .
 *(.ARM.exidx*)
                0x080069e0                __exidx_end = .

.preinit_array  0x080069e0        0x0
                0x080069e0                PROVIDE (__preinit_array_start, .)
 *(.preinit_array*)
                0x080069e0                PROVIDE (__preinit_array_end, .)

.init_array     0x080069e0        0x4
                0x080069e0                PROVIDE (__init_array_start, .)
 *(SORT(.init_array.*))
 *(.init_array*)
 .init_array    0x080069e0        0x4 c:/program files (x86)/atollic/truestudio for arm 7.1.2/armtools/bin/../lib/gcc/arm-atollic-eabi/5.3.1/armv7e-m/fpu/crtbegin.o
                0x080069e4                PROVIDE (__init_array_end, .)

.fini_array     0x080069e4        0x4
                [!provide]                PROVIDE (__fini_array_start, .)
 *(SORT(.fini_array.*))
 *(.fini_array*)
 .fini_array    0x080069e4        0x4 c:/program files (x86)/atollic/truestudio for arm 7.1.2/armtools/bin/../lib/gcc/arm-atollic-eabi/5.3.1/armv7e-m/fpu/crtbegin.o
                [!provide]                PROVIDE (__fini_array_end, .)
                0x080069e8                _sidata = LOADADDR (.data)

.data           0x20000000       0x2c load address 0x080069e8
                0x20000000                . = ALIGN (0x4)
                0x20000000                _sdata = .
 *(.data)
 .data          0x20000000        0x0 c:/program files (x86)/atollic/truestudio for arm 7.1.2/armtools/bin/../lib/gcc/arm-atollic-eabi/5.3.1/armv7e-m/fpu/crti.o
 .data          0x20000000        0x4 c:/program files (x86)/atollic/truestudio for arm 7.1.2/armtools/bin/../lib/gcc/arm-atollic-eabi/5.3.1/armv7e-m/fpu/crtbegin.o
                0x20000000                __dso_handle
 .data          0x20000004        0x0 Libraries\STM32F4xx_StdPeriph_Driver\src\misc.o
 .data          0x20000004        0x0 Libraries\STM32F4xx_StdPeriph_Driver\src\stm32f4xx_adc.o
 .data          0x20000004        0x0 Libraries\STM32F4xx_StdPeriph_Driver\src\stm32f4xx_can.o
 .data          0x20000004        0x0 Libraries\STM32F4xx_StdPeriph_Driver\src\stm32f4xx_crc.o
 .data          0x20000004        0x0 Libraries\STM32F4xx_StdPeriph_Driver\src\stm32f4xx_cryp.o
 .data          0x20000004        0x0 Libraries\STM32F4xx_StdPeriph_Driver\src\stm32f4xx_cryp_aes.o
 .data          0x20000004        0x0 Libraries\STM32F4xx_StdPeriph_Driver\src\stm32f4xx_cryp_des.o
 .data          0x20000004        0x0 Libraries\STM32F4xx_StdPeriph_Driver\src\stm32f4xx_cryp_tdes.o
 .data          0x20000004        0x0 Libraries\STM32F4xx_StdPeriph_Driver\src\stm32f4xx_dac.o
 .data          0x20000004        0x0 Libraries\STM32F4xx_StdPeriph_Driver\src\stm32f4xx_dbgmcu.o
 .data          0x20000004        0x0 Libraries\STM32F4xx_StdPeriph_Driver\src\stm32f4xx_dcmi.o
 .data          0x20000004        0x0 Libraries\STM32F4xx_StdPeriph_Driver\src\stm32f4xx_dma.o
 .data          0x20000004        0x0 Libraries\STM32F4xx_StdPeriph_Driver\src\stm32f4xx_exti.o
 .data          0x20000004        0x0 Libraries\STM32F4xx_StdPeriph_Driver\src\stm32f4xx_flash.o
 .data          0x20000004        0x0 Libraries\STM32F4xx_StdPeriph_Driver\src\stm32f4xx_fsmc.o
 .data          0x20000004        0x0 Libraries\STM32F4xx_StdPeriph_Driver\src\stm32f4xx_gpio.o
 .data          0x20000004        0x0 Libraries\STM32F4xx_StdPeriph_Driver\src\stm32f4xx_hash.o
 .data          0x20000004        0x0 Libraries\STM32F4xx_StdPeriph_Driver\src\stm32f4xx_hash_md5.o
 .data          0x20000004        0x0 Libraries\STM32F4xx_StdPeriph_Driver\src\stm32f4xx_hash_sha1.o
 .data          0x20000004        0x0 Libraries\STM32F4xx_StdPeriph_Driver\src\stm32f4xx_i2c.o
 .data          0x20000004        0x0 Libraries\STM32F4xx_StdPeriph_Driver\src\stm32f4xx_iwdg.o
 .data          0x20000004        0x0 Libraries\STM32F4xx_StdPeriph_Driver\src\stm32f4xx_pwr.o
 .data          0x20000004       0x10 Libraries\STM32F4xx_StdPeriph_Driver\src\stm32f4xx_rcc.o
 .data          0x20000014        0x0 Libraries\STM32F4xx_StdPeriph_Driver\src\stm32f4xx_rng.o
 .data          0x20000014        0x0 Libraries\STM32F4xx_StdPeriph_Driver\src\stm32f4xx_rtc.o
 .data          0x20000014        0x0 Libraries\STM32F4xx_StdPeriph_Driver\src\stm32f4xx_sdio.o
 .data          0x20000014        0x0 Libraries\STM32F4xx_StdPeriph_Driver\src\stm32f4xx_spi.o
 .data          0x20000014        0x0 Libraries\STM32F4xx_StdPeriph_Driver\src\stm32f4xx_syscfg.o
 .data          0x20000014        0x0 Libraries\STM32F4xx_StdPeriph_Driver\src\stm32f4xx_tim.o
 .data          0x20000014        0x0 Libraries\STM32F4xx_StdPeriph_Driver\src\stm32f4xx_usart.o
 .data          0x20000014        0x0 Libraries\STM32F4xx_StdPeriph_Driver\src\stm32f4xx_wwdg.o
 .data          0x20000014        0x2 src\main.o
                0x20000014                LEDS
 .data          0x20000016        0x0 src\startup_stm32f40xx.o
 .data          0x20000016        0x0 src\stm32f4xx_it.o
 *fill*         0x20000016        0x2 
 .data          0x20000018       0x14 src\system_stm32f4xx.o
                0x20000018                SystemCoreClock
                0x2000001c                AHBPrescTable
 .data          0x2000002c        0x0 src\tiny_printf.o
 .data          0x2000002c        0x0 c:/program files (x86)/atollic/truestudio for arm 7.1.2/armtools/bin/../lib/gcc/arm-atollic-eabi/5.3.1/../../../../arm-atollic-eabi/lib/armv7e-m/fpu\libc.a(lib_a-init.o)
 .data          0x2000002c        0x0 c:/program files (x86)/atollic/truestudio for arm 7.1.2/armtools/bin/../lib/gcc/arm-atollic-eabi/5.3.1/../../../../arm-atollic-eabi/lib/armv7e-m/fpu\libc.a(lib_a-memset.o)
 .data          0x2000002c        0x0 c:/program files (x86)/atollic/truestudio for arm 7.1.2/armtools/bin/../lib/gcc/arm-atollic-eabi/5.3.1/../../../../arm-atollic-eabi/lib/armv7e-m/fpu\libc.a(lib_a-strlen.o)
 .data          0x2000002c        0x0 c:/program files (x86)/atollic/truestudio for arm 7.1.2/armtools/bin/../lib/gcc/arm-atollic-eabi/5.3.1/../../../../arm-atollic-eabi/lib/armv7e-m/fpu\libnosys.a(write.o)
 .data          0x2000002c        0x0 c:/program files (x86)/atollic/truestudio for arm 7.1.2/armtools/bin/../lib/gcc/arm-atollic-eabi/5.3.1/../../../../arm-atollic-eabi/lib/armv7e-m/fpu\libnosys.a(errno.o)
 .data          0x2000002c        0x0 c:/program files (x86)/atollic/truestudio for arm 7.1.2/armtools/bin/../lib/gcc/arm-atollic-eabi/5.3.1/armv7e-m/fpu/crtend.o
 .data          0x2000002c        0x0 c:/program files (x86)/atollic/truestudio for arm 7.1.2/armtools/bin/../lib/gcc/arm-atollic-eabi/5.3.1/armv7e-m/fpu/crtn.o
 *(.data*)
                0x2000002c                . = ALIGN (0x4)
                0x2000002c                _edata = .
                0x08006a14                _siccmram = LOADADDR (.ccmram)

.igot.plt       0x2000002c        0x0 load address 0x08006a14
 .igot.plt      0x2000002c        0x0 c:/program files (x86)/atollic/truestudio for arm 7.1.2/armtools/bin/../lib/gcc/arm-atollic-eabi/5.3.1/armv7e-m/fpu/crtbegin.o

.ccmram         0x10000000        0x0 load address 0x08006a14
                0x10000000                . = ALIGN (0x4)
                0x10000000                _sccmram = .
 *(.ccmram)
 *(.ccmram*)
                0x10000000                . = ALIGN (0x4)
                0x10000000                _eccmram = .
                0x10000000                . = ALIGN (0x4)

.bss            0x2000002c       0x24
                0x2000002c                _sbss = .
                0x2000002c                __bss_start__ = _sbss
 *(.bss)
 .bss           0x2000002c        0x0 c:/program files (x86)/atollic/truestudio for arm 7.1.2/armtools/bin/../lib/gcc/arm-atollic-eabi/5.3.1/armv7e-m/fpu/crti.o
 .bss           0x2000002c       0x1c c:/program files (x86)/atollic/truestudio for arm 7.1.2/armtools/bin/../lib/gcc/arm-atollic-eabi/5.3.1/armv7e-m/fpu/crtbegin.o
 .bss           0x20000048        0x0 Libraries\STM32F4xx_StdPeriph_Driver\src\misc.o
 .bss           0x20000048        0x0 Libraries\STM32F4xx_StdPeriph_Driver\src\stm32f4xx_adc.o
 .bss           0x20000048        0x0 Libraries\STM32F4xx_StdPeriph_Driver\src\stm32f4xx_can.o
 .bss           0x20000048        0x0 Libraries\STM32F4xx_StdPeriph_Driver\src\stm32f4xx_crc.o
 .bss           0x20000048        0x0 Libraries\STM32F4xx_StdPeriph_Driver\src\stm32f4xx_cryp.o
 .bss           0x20000048        0x0 Libraries\STM32F4xx_StdPeriph_Driver\src\stm32f4xx_cryp_aes.o
 .bss           0x20000048        0x0 Libraries\STM32F4xx_StdPeriph_Driver\src\stm32f4xx_cryp_des.o
 .bss           0x20000048        0x0 Libraries\STM32F4xx_StdPeriph_Driver\src\stm32f4xx_cryp_tdes.o
 .bss           0x20000048        0x0 Libraries\STM32F4xx_StdPeriph_Driver\src\stm32f4xx_dac.o
 .bss           0x20000048        0x0 Libraries\STM32F4xx_StdPeriph_Driver\src\stm32f4xx_dbgmcu.o
 .bss           0x20000048        0x0 Libraries\STM32F4xx_StdPeriph_Driver\src\stm32f4xx_dcmi.o
 .bss           0x20000048        0x0 Libraries\STM32F4xx_StdPeriph_Driver\src\stm32f4xx_dma.o
 .bss           0x20000048        0x0 Libraries\STM32F4xx_StdPeriph_Driver\src\stm32f4xx_exti.o
 .bss           0x20000048        0x0 Libraries\STM32F4xx_StdPeriph_Driver\src\stm32f4xx_flash.o
 .bss           0x20000048        0x0 Libraries\STM32F4xx_StdPeriph_Driver\src\stm32f4xx_fsmc.o
 .bss           0x20000048        0x0 Libraries\STM32F4xx_StdPeriph_Driver\src\stm32f4xx_gpio.o
 .bss           0x20000048        0x0 Libraries\STM32F4xx_StdPeriph_Driver\src\stm32f4xx_hash.o
 .bss           0x20000048        0x0 Libraries\STM32F4xx_StdPeriph_Driver\src\stm32f4xx_hash_md5.o
 .bss           0x20000048        0x0 Libraries\STM32F4xx_StdPeriph_Driver\src\stm32f4xx_hash_sha1.o
 .bss           0x20000048        0x0 Libraries\STM32F4xx_StdPeriph_Driver\src\stm32f4xx_i2c.o
 .bss           0x20000048        0x0 Libraries\STM32F4xx_StdPeriph_Driver\src\stm32f4xx_iwdg.o
 .bss           0x20000048        0x0 Libraries\STM32F4xx_StdPeriph_Driver\src\stm32f4xx_pwr.o
 .bss           0x20000048        0x0 Libraries\STM32F4xx_StdPeriph_Driver\src\stm32f4xx_rcc.o
 .bss           0x20000048        0x0 Libraries\STM32F4xx_StdPeriph_Driver\src\stm32f4xx_rng.o
 .bss           0x20000048        0x0 Libraries\STM32F4xx_StdPeriph_Driver\src\stm32f4xx_rtc.o
 .bss           0x20000048        0x0 Libraries\STM32F4xx_StdPeriph_Driver\src\stm32f4xx_sdio.o
 .bss           0x20000048        0x0 Libraries\STM32F4xx_StdPeriph_Driver\src\stm32f4xx_spi.o
 .bss           0x20000048        0x0 Libraries\STM32F4xx_StdPeriph_Driver\src\stm32f4xx_syscfg.o
 .bss           0x20000048        0x0 Libraries\STM32F4xx_StdPeriph_Driver\src\stm32f4xx_tim.o
 .bss           0x20000048        0x0 Libraries\STM32F4xx_StdPeriph_Driver\src\stm32f4xx_usart.o
 .bss           0x20000048        0x0 Libraries\STM32F4xx_StdPeriph_Driver\src\stm32f4xx_wwdg.o
 .bss           0x20000048        0x4 src\main.o
 .bss           0x2000004c        0x0 src\startup_stm32f40xx.o
 .bss           0x2000004c        0x0 src\stm32f4xx_it.o
 .bss           0x2000004c        0x0 src\system_stm32f4xx.o
 .bss           0x2000004c        0x0 src\tiny_printf.o
 .bss           0x2000004c        0x0 c:/program files (x86)/atollic/truestudio for arm 7.1.2/armtools/bin/../lib/gcc/arm-atollic-eabi/5.3.1/../../../../arm-atollic-eabi/lib/armv7e-m/fpu\libc.a(lib_a-init.o)
 .bss           0x2000004c        0x0 c:/program files (x86)/atollic/truestudio for arm 7.1.2/armtools/bin/../lib/gcc/arm-atollic-eabi/5.3.1/../../../../arm-atollic-eabi/lib/armv7e-m/fpu\libc.a(lib_a-memset.o)
 .bss           0x2000004c        0x0 c:/program files (x86)/atollic/truestudio for arm 7.1.2/armtools/bin/../lib/gcc/arm-atollic-eabi/5.3.1/../../../../arm-atollic-eabi/lib/armv7e-m/fpu\libc.a(lib_a-strlen.o)
 .bss           0x2000004c        0x0 c:/program files (x86)/atollic/truestudio for arm 7.1.2/armtools/bin/../lib/gcc/arm-atollic-eabi/5.3.1/../../../../arm-atollic-eabi/lib/armv7e-m/fpu\libnosys.a(write.o)
 .bss           0x2000004c        0x0 c:/program files (x86)/atollic/truestudio for arm 7.1.2/armtools/bin/../lib/gcc/arm-atollic-eabi/5.3.1/../../../../arm-atollic-eabi/lib/armv7e-m/fpu\libnosys.a(errno.o)
 .bss           0x2000004c        0x0 c:/program files (x86)/atollic/truestudio for arm 7.1.2/armtools/bin/../lib/gcc/arm-atollic-eabi/5.3.1/armv7e-m/fpu/crtend.o
 .bss           0x2000004c        0x0 c:/program files (x86)/atollic/truestudio for arm 7.1.2/armtools/bin/../lib/gcc/arm-atollic-eabi/5.3.1/armv7e-m/fpu/crtn.o
 *(.bss*)
 *(COMMON)
 COMMON         0x2000004c        0x4 c:/program files (x86)/atollic/truestudio for arm 7.1.2/armtools/bin/../lib/gcc/arm-atollic-eabi/5.3.1/../../../../arm-atollic-eabi/lib/armv7e-m/fpu\libnosys.a(errno.o)
                0x2000004c                errno
                0x20000050                . = ALIGN (0x4)
                0x20000050                _ebss = .
                0x20000050                __bss_end__ = _ebss

._user_heap_stack
                0x20000050      0x400
                0x20000050                . = ALIGN (0x4)
                [!provide]                PROVIDE (end, .)
                [!provide]                PROVIDE (_end, .)
                0x20000050                . = (. + _Min_Heap_Size)
                0x20000450                . = (. + _Min_Stack_Size)
 *fill*         0x20000050      0x400 
                0x20000450                . = ALIGN (0x4)

.memory_b1_text
 *(.mb1text)
 *(.mb1text*)
 *(.mb1rodata)
 *(.mb1rodata*)

/DISCARD/
 libc.a(*)
 libm.a(*)
 libgcc.a(*)

.ARM.attributes
                0x00000000       0x30
 *(.ARM.attributes)
 .ARM.attributes
                0x00000000       0x22 c:/program files (x86)/atollic/truestudio for arm 7.1.2/armtools/bin/../lib/gcc/arm-atollic-eabi/5.3.1/armv7e-m/fpu/crti.o
 .ARM.attributes
                0x00000022       0x34 c:/program files (x86)/atollic/truestudio for arm 7.1.2/armtools/bin/../lib/gcc/arm-atollic-eabi/5.3.1/armv7e-m/fpu/crtbegin.o
 .ARM.attributes
                0x00000056       0x39 Libraries\STM32F4xx_StdPeriph_Driver\src\misc.o
 .ARM.attributes
                0x0000008f       0x39 Libraries\STM32F4xx_StdPeriph_Driver\src\stm32f4xx_adc.o
 .ARM.attributes
                0x000000c8       0x39 Libraries\STM32F4xx_StdPeriph_Driver\src\stm32f4xx_can.o
 .ARM.attributes
                0x00000101       0x39 Libraries\STM32F4xx_StdPeriph_Driver\src\stm32f4xx_crc.o
 .ARM.attributes
                0x0000013a       0x39 Libraries\STM32F4xx_StdPeriph_Driver\src\stm32f4xx_cryp.o
 .ARM.attributes
                0x00000173       0x39 Libraries\STM32F4xx_StdPeriph_Driver\src\stm32f4xx_cryp_aes.o
 .ARM.attributes
                0x000001ac       0x39 Libraries\STM32F4xx_StdPeriph_Driver\src\stm32f4xx_cryp_des.o
 .ARM.attributes
                0x000001e5       0x39 Libraries\STM32F4xx_StdPeriph_Driver\src\stm32f4xx_cryp_tdes.o
 .ARM.attributes
                0x0000021e       0x39 Libraries\STM32F4xx_StdPeriph_Driver\src\stm32f4xx_dac.o
 .ARM.attributes
                0x00000257       0x39 Libraries\STM32F4xx_StdPeriph_Driver\src\stm32f4xx_dbgmcu.o
 .ARM.attributes
                0x00000290       0x39 Libraries\STM32F4xx_StdPeriph_Driver\src\stm32f4xx_dcmi.o
 .ARM.attributes
                0x000002c9       0x39 Libraries\STM32F4xx_StdPeriph_Driver\src\stm32f4xx_dma.o
 .ARM.attributes
                0x00000302       0x39 Libraries\STM32F4xx_StdPeriph_Driver\src\stm32f4xx_exti.o
 .ARM.attributes
                0x0000033b       0x39 Libraries\STM32F4xx_StdPeriph_Driver\src\stm32f4xx_flash.o
 .ARM.attributes
                0x00000374       0x39 Libraries\STM32F4xx_StdPeriph_Driver\src\stm32f4xx_fsmc.o
 .ARM.attributes
                0x000003ad       0x39 Libraries\STM32F4xx_StdPeriph_Driver\src\stm32f4xx_gpio.o
 .ARM.attributes
                0x000003e6       0x39 Libraries\STM32F4xx_StdPeriph_Driver\src\stm32f4xx_hash.o
 .ARM.attributes
                0x0000041f       0x39 Libraries\STM32F4xx_StdPeriph_Driver\src\stm32f4xx_hash_md5.o
 .ARM.attributes
                0x00000458       0x39 Libraries\STM32F4xx_StdPeriph_Driver\src\stm32f4xx_hash_sha1.o
 .ARM.attributes
                0x00000491       0x39 Libraries\STM32F4xx_StdPeriph_Driver\src\stm32f4xx_i2c.o
 .ARM.attributes
                0x000004ca       0x39 Libraries\STM32F4xx_StdPeriph_Driver\src\stm32f4xx_iwdg.o
 .ARM.attributes
                0x00000503       0x39 Libraries\STM32F4xx_StdPeriph_Driver\src\stm32f4xx_pwr.o
 .ARM.attributes
                0x0000053c       0x39 Libraries\STM32F4xx_StdPeriph_Driver\src\stm32f4xx_rcc.o
 .ARM.attributes
                0x00000575       0x39 Libraries\STM32F4xx_StdPeriph_Driver\src\stm32f4xx_rng.o
 .ARM.attributes
                0x000005ae       0x39 Libraries\STM32F4xx_StdPeriph_Driver\src\stm32f4xx_rtc.o
 .ARM.attributes
                0x000005e7       0x39 Libraries\STM32F4xx_StdPeriph_Driver\src\stm32f4xx_sdio.o
 .ARM.attributes
                0x00000620       0x39 Libraries\STM32F4xx_StdPeriph_Driver\src\stm32f4xx_spi.o
 .ARM.attributes
                0x00000659       0x39 Libraries\STM32F4xx_StdPeriph_Driver\src\stm32f4xx_syscfg.o
 .ARM.attributes
                0x00000692       0x39 Libraries\STM32F4xx_StdPeriph_Driver\src\stm32f4xx_tim.o
 .ARM.attributes
                0x000006cb       0x39 Libraries\STM32F4xx_StdPeriph_Driver\src\stm32f4xx_usart.o
 .ARM.attributes
                0x00000704       0x39 Libraries\STM32F4xx_StdPeriph_Driver\src\stm32f4xx_wwdg.o
 .ARM.attributes
                0x0000073d       0x39 src\main.o
 .ARM.attributes
                0x00000776       0x21 src\startup_stm32f40xx.o
 .ARM.attributes
                0x00000797       0x39 src\stm32f4xx_it.o
 .ARM.attributes
                0x000007d0       0x39 src\system_stm32f4xx.o
 .ARM.attributes
                0x00000809       0x39 src\tiny_printf.o
 .ARM.attributes
                0x00000842       0x34 c:/program files (x86)/atollic/truestudio for arm 7.1.2/armtools/bin/../lib/gcc/arm-atollic-eabi/5.3.1/../../../../arm-atollic-eabi/lib/armv7e-m/fpu\libc.a(lib_a-init.o)
 .ARM.attributes
                0x00000876       0x34 c:/program files (x86)/atollic/truestudio for arm 7.1.2/armtools/bin/../lib/gcc/arm-atollic-eabi/5.3.1/../../../../arm-atollic-eabi/lib/armv7e-m/fpu\libc.a(lib_a-memset.o)
 .ARM.attributes
                0x000008aa       0x1b c:/program files (x86)/atollic/truestudio for arm 7.1.2/armtools/bin/../lib/gcc/arm-atollic-eabi/5.3.1/../../../../arm-atollic-eabi/lib/armv7e-m/fpu\libc.a(lib_a-strlen.o)
 .ARM.attributes
                0x000008c5       0x34 c:/program files (x86)/atollic/truestudio for arm 7.1.2/armtools/bin/../lib/gcc/arm-atollic-eabi/5.3.1/../../../../arm-atollic-eabi/lib/armv7e-m/fpu\libnosys.a(write.o)
 .ARM.attributes
                0x000008f9       0x34 c:/program files (x86)/atollic/truestudio for arm 7.1.2/armtools/bin/../lib/gcc/arm-atollic-eabi/5.3.1/../../../../arm-atollic-eabi/lib/armv7e-m/fpu\libnosys.a(errno.o)
 .ARM.attributes
                0x0000092d       0x34 c:/program files (x86)/atollic/truestudio for arm 7.1.2/armtools/bin/../lib/gcc/arm-atollic-eabi/5.3.1/armv7e-m/fpu/crtend.o
 .ARM.attributes
                0x00000961       0x22 c:/program files (x86)/atollic/truestudio for arm 7.1.2/armtools/bin/../lib/gcc/arm-atollic-eabi/5.3.1/armv7e-m/fpu/crtn.o
OUTPUT(efalke.elf elf32-littlearm)

.comment        0x00000000       0x7e
 .comment       0x00000000       0x7e Libraries\STM32F4xx_StdPeriph_Driver\src\misc.o
                                 0x7f (size before relaxing)
 .comment       0x0000007e       0x7f Libraries\STM32F4xx_StdPeriph_Driver\src\stm32f4xx_adc.o
 .comment       0x0000007e       0x7f Libraries\STM32F4xx_StdPeriph_Driver\src\stm32f4xx_can.o
 .comment       0x0000007e       0x7f Libraries\STM32F4xx_StdPeriph_Driver\src\stm32f4xx_crc.o
 .comment       0x0000007e       0x7f Libraries\STM32F4xx_StdPeriph_Driver\src\stm32f4xx_cryp.o
 .comment       0x0000007e       0x7f Libraries\STM32F4xx_StdPeriph_Driver\src\stm32f4xx_cryp_aes.o
 .comment       0x0000007e       0x7f Libraries\STM32F4xx_StdPeriph_Driver\src\stm32f4xx_cryp_des.o
 .comment       0x0000007e       0x7f Libraries\STM32F4xx_StdPeriph_Driver\src\stm32f4xx_cryp_tdes.o
 .comment       0x0000007e       0x7f Libraries\STM32F4xx_StdPeriph_Driver\src\stm32f4xx_dac.o
 .comment       0x0000007e       0x7f Libraries\STM32F4xx_StdPeriph_Driver\src\stm32f4xx_dbgmcu.o
 .comment       0x0000007e       0x7f Libraries\STM32F4xx_StdPeriph_Driver\src\stm32f4xx_dcmi.o
 .comment       0x0000007e       0x7f Libraries\STM32F4xx_StdPeriph_Driver\src\stm32f4xx_dma.o
 .comment       0x0000007e       0x7f Libraries\STM32F4xx_StdPeriph_Driver\src\stm32f4xx_exti.o
 .comment       0x0000007e       0x7f Libraries\STM32F4xx_StdPeriph_Driver\src\stm32f4xx_flash.o
 .comment       0x0000007e       0x7f Libraries\STM32F4xx_StdPeriph_Driver\src\stm32f4xx_fsmc.o
 .comment       0x0000007e       0x7f Libraries\STM32F4xx_StdPeriph_Driver\src\stm32f4xx_gpio.o
 .comment       0x0000007e       0x7f Libraries\STM32F4xx_StdPeriph_Driver\src\stm32f4xx_hash.o
 .comment       0x0000007e       0x7f Libraries\STM32F4xx_StdPeriph_Driver\src\stm32f4xx_hash_md5.o
 .comment       0x0000007e       0x7f Libraries\STM32F4xx_StdPeriph_Driver\src\stm32f4xx_hash_sha1.o
 .comment       0x0000007e       0x7f Libraries\STM32F4xx_StdPeriph_Driver\src\stm32f4xx_i2c.o
 .comment       0x0000007e       0x7f Libraries\STM32F4xx_StdPeriph_Driver\src\stm32f4xx_iwdg.o
 .comment       0x0000007e       0x7f Libraries\STM32F4xx_StdPeriph_Driver\src\stm32f4xx_pwr.o
 .comment       0x0000007e       0x7f Libraries\STM32F4xx_StdPeriph_Driver\src\stm32f4xx_rcc.o
 .comment       0x0000007e       0x7f Libraries\STM32F4xx_StdPeriph_Driver\src\stm32f4xx_rng.o
 .comment       0x0000007e       0x7f Libraries\STM32F4xx_StdPeriph_Driver\src\stm32f4xx_rtc.o
 .comment       0x0000007e       0x7f Libraries\STM32F4xx_StdPeriph_Driver\src\stm32f4xx_sdio.o
 .comment       0x0000007e       0x7f Libraries\STM32F4xx_StdPeriph_Driver\src\stm32f4xx_spi.o
 .comment       0x0000007e       0x7f Libraries\STM32F4xx_StdPeriph_Driver\src\stm32f4xx_syscfg.o
[...]
TIM4_IRQHandler                                   src\startup_stm32f40xx.o
TIM5_IRQHandler                                   src\startup_stm32f40xx.o
TIM6_DAC_IRQHandler                               src\startup_stm32f40xx.o
TIM7_IRQHandler                                   src\startup_stm32f40xx.o
TIM8_BRK_TIM12_IRQHandler                         src\startup_stm32f40xx.o
TIM8_CC_IRQHandler                                src\startup_stm32f40xx.o
TIM8_TRG_COM_TIM14_IRQHandler                     src\startup_stm32f40xx.o
TIM8_UP_TIM13_IRQHandler                          src\startup_stm32f40xx.o
TIM_ARRPreloadConfig                              Libraries\STM32F4xx_StdPeriph_Driver\src\stm32f4xx_tim.o
TIM_BDTRConfig                                    Libraries\STM32F4xx_StdPeriph_Driver\src\stm32f4xx_tim.o
TIM_BDTRStructInit                                Libraries\STM32F4xx_StdPeriph_Driver\src\stm32f4xx_tim.o
TIM_CCPreloadControl                              Libraries\STM32F4xx_StdPeriph_Driver\src\stm32f4xx_tim.o
TIM_CCxCmd                                        Libraries\STM32F4xx_StdPeriph_Driver\src\stm32f4xx_tim.o
TIM_CCxNCmd                                       Libraries\STM32F4xx_StdPeriph_Driver\src\stm32f4xx_tim.o
TIM_ClearFlag                                     Libraries\STM32F4xx_StdPeriph_Driver\src\stm32f4xx_tim.o
TIM_ClearITPendingBit                             Libraries\STM32F4xx_StdPeriph_Driver\src\stm32f4xx_tim.o
TIM_ClearOC1Ref                                   Libraries\STM32F4xx_StdPeriph_Driver\src\stm32f4xx_tim.o
TIM_ClearOC2Ref                                   Libraries\STM32F4xx_StdPeriph_Driver\src\stm32f4xx_tim.o
TIM_ClearOC3Ref                                   Libraries\STM32F4xx_StdPeriph_Driver\src\stm32f4xx_tim.o
TIM_ClearOC4Ref                                   Libraries\STM32F4xx_StdPeriph_Driver\src\stm32f4xx_tim.o
TIM_Cmd                                           Libraries\STM32F4xx_StdPeriph_Driver\src\stm32f4xx_tim.o
TIM_CounterModeConfig                             Libraries\STM32F4xx_StdPeriph_Driver\src\stm32f4xx_tim.o
TIM_CtrlPWMOutputs                                Libraries\STM32F4xx_StdPeriph_Driver\src\stm32f4xx_tim.o
TIM_DMACmd                                        Libraries\STM32F4xx_StdPeriph_Driver\src\stm32f4xx_tim.o
TIM_DMAConfig                                     Libraries\STM32F4xx_StdPeriph_Driver\src\stm32f4xx_tim.o
TIM_DeInit                                        Libraries\STM32F4xx_StdPeriph_Driver\src\stm32f4xx_tim.o
TIM_ETRClockMode1Config                           Libraries\STM32F4xx_StdPeriph_Driver\src\stm32f4xx_tim.o
TIM_ETRClockMode2Config                           Libraries\STM32F4xx_StdPeriph_Driver\src\stm32f4xx_tim.o
TIM_ETRConfig                                     Libraries\STM32F4xx_StdPeriph_Driver\src\stm32f4xx_tim.o
TIM_EncoderInterfaceConfig                        Libraries\STM32F4xx_StdPeriph_Driver\src\stm32f4xx_tim.o
TIM_ForcedOC1Config                               Libraries\STM32F4xx_StdPeriph_Driver\src\stm32f4xx_tim.o
TIM_ForcedOC2Config                               Libraries\STM32F4xx_StdPeriph_Driver\src\stm32f4xx_tim.o
TIM_ForcedOC3Config                               Libraries\STM32F4xx_StdPeriph_Driver\src\stm32f4xx_tim.o
TIM_ForcedOC4Config                               Libraries\STM32F4xx_StdPeriph_Driver\src\stm32f4xx_tim.o
TIM_GenerateEvent                                 Libraries\STM32F4xx_StdPeriph_Driver\src\stm32f4xx_tim.o
TIM_GetCapture1                                   Libraries\STM32F4xx_StdPeriph_Driver\src\stm32f4xx_tim.o
TIM_GetCapture2                                   Libraries\STM32F4xx_StdPeriph_Driver\src\stm32f4xx_tim.o
TIM_GetCapture3                                   Libraries\STM32F4xx_StdPeriph_Driver\src\stm32f4xx_tim.o
TIM_GetCapture4                                   Libraries\STM32F4xx_StdPeriph_Driver\src\stm32f4xx_tim.o
TIM_GetCounter                                    Libraries\STM32F4xx_StdPeriph_Driver\src\stm32f4xx_tim.o
TIM_GetFlagStatus                                 Libraries\STM32F4xx_StdPeriph_Driver\src\stm32f4xx_tim.o
TIM_GetITStatus                                   Libraries\STM32F4xx_StdPeriph_Driver\src\stm32f4xx_tim.o
TIM_GetPrescaler                                  Libraries\STM32F4xx_StdPeriph_Driver\src\stm32f4xx_tim.o
TIM_ICInit                                        Libraries\STM32F4xx_StdPeriph_Driver\src\stm32f4xx_tim.o
TIM_ICStructInit                                  Libraries\STM32F4xx_StdPeriph_Driver\src\stm32f4xx_tim.o
TIM_ITConfig                                      Libraries\STM32F4xx_StdPeriph_Driver\src\stm32f4xx_tim.o
TIM_ITRxExternalClockConfig                       Libraries\STM32F4xx_StdPeriph_Driver\src\stm32f4xx_tim.o
TIM_InternalClockConfig                           Libraries\STM32F4xx_StdPeriph_Driver\src\stm32f4xx_tim.o
TIM_OC1FastConfig                                 Libraries\STM32F4xx_StdPeriph_Driver\src\stm32f4xx_tim.o
TIM_OC1Init                                       Libraries\STM32F4xx_StdPeriph_Driver\src\stm32f4xx_tim.o
TIM_OC1NPolarityConfig                            Libraries\STM32F4xx_StdPeriph_Driver\src\stm32f4xx_tim.o
TIM_OC1PolarityConfig                             Libraries\STM32F4xx_StdPeriph_Driver\src\stm32f4xx_tim.o
TIM_OC1PreloadConfig                              Libraries\STM32F4xx_StdPeriph_Driver\src\stm32f4xx_tim.o
TIM_OC2FastConfig                                 Libraries\STM32F4xx_StdPeriph_Driver\src\stm32f4xx_tim.o
TIM_OC2Init                                       Libraries\STM32F4xx_StdPeriph_Driver\src\stm32f4xx_tim.o
TIM_OC2NPolarityConfig                            Libraries\STM32F4xx_StdPeriph_Driver\src\stm32f4xx_tim.o
TIM_OC2PolarityConfig                             Libraries\STM32F4xx_StdPeriph_Driver\src\stm32f4xx_tim.o
TIM_OC2PreloadConfig                              Libraries\STM32F4xx_StdPeriph_Driver\src\stm32f4xx_tim.o
TIM_OC3FastConfig                                 Libraries\STM32F4xx_StdPeriph_Driver\src\stm32f4xx_tim.o
TIM_OC3Init                                       Libraries\STM32F4xx_StdPeriph_Driver\src\stm32f4xx_tim.o
TIM_OC3NPolarityConfig                            Libraries\STM32F4xx_StdPeriph_Driver\src\stm32f4xx_tim.o
TIM_OC3PolarityConfig                             Libraries\STM32F4xx_StdPeriph_Driver\src\stm32f4xx_tim.o
TIM_OC3PreloadConfig                              Libraries\STM32F4xx_StdPeriph_Driver\src\stm32f4xx_tim.o
TIM_OC4FastConfig                                 Libraries\STM32F4xx_StdPeriph_Driver\src\stm32f4xx_tim.o
TIM_OC4Init                                       Libraries\STM32F4xx_StdPeriph_Driver\src\stm32f4xx_tim.o
TIM_OC4PolarityConfig                             Libraries\STM32F4xx_StdPeriph_Driver\src\stm32f4xx_tim.o
TIM_OC4PreloadConfig                              Libraries\STM32F4xx_StdPeriph_Driver\src\stm32f4xx_tim.o
TIM_OCStructInit                                  Libraries\STM32F4xx_StdPeriph_Driver\src\stm32f4xx_tim.o
TIM_PWMIConfig                                    Libraries\STM32F4xx_StdPeriph_Driver\src\stm32f4xx_tim.o
TIM_PrescalerConfig                               Libraries\STM32F4xx_StdPeriph_Driver\src\stm32f4xx_tim.o
TIM_RemapConfig                                   Libraries\STM32F4xx_StdPeriph_Driver\src\stm32f4xx_tim.o
TIM_SelectCCDMA                                   Libraries\STM32F4xx_StdPeriph_Driver\src\stm32f4xx_tim.o
TIM_SelectCOM                                     Libraries\STM32F4xx_StdPeriph_Driver\src\stm32f4xx_tim.o
TIM_SelectHallSensor                              Libraries\STM32F4xx_StdPeriph_Driver\src\stm32f4xx_tim.o
TIM_SelectInputTrigger                            Libraries\STM32F4xx_StdPeriph_Driver\src\stm32f4xx_tim.o
TIM_SelectMasterSlaveMode                         Libraries\STM32F4xx_StdPeriph_Driver\src\stm32f4xx_tim.o
TIM_SelectOCxM                                    Libraries\STM32F4xx_StdPeriph_Driver\src\stm32f4xx_tim.o
TIM_SelectOnePulseMode                            Libraries\STM32F4xx_StdPeriph_Driver\src\stm32f4xx_tim.o
TIM_SelectOutputTrigger                           Libraries\STM32F4xx_StdPeriph_Driver\src\stm32f4xx_tim.o
TIM_SelectSlaveMode                               Libraries\STM32F4xx_StdPeriph_Driver\src\stm32f4xx_tim.o
TIM_SetAutoreload                                 Libraries\STM32F4xx_StdPeriph_Driver\src\stm32f4xx_tim.o
TIM_SetClockDivision                              Libraries\STM32F4xx_StdPeriph_Driver\src\stm32f4xx_tim.o
TIM_SetCompare1                                   Libraries\STM32F4xx_StdPeriph_Driver\src\stm32f4xx_tim.o
TIM_SetCompare2                                   Libraries\STM32F4xx_StdPeriph_Driver\src\stm32f4xx_tim.o
TIM_SetCompare3                                   Libraries\STM32F4xx_StdPeriph_Driver\src\stm32f4xx_tim.o
TIM_SetCompare4                                   Libraries\STM32F4xx_StdPeriph_Driver\src\stm32f4xx_tim.o
TIM_SetCounter                                    Libraries\STM32F4xx_StdPeriph_Driver\src\stm32f4xx_tim.o
TIM_SetIC1Prescaler                               Libraries\STM32F4xx_StdPeriph_Driver\src\stm32f4xx_tim.o
TIM_SetIC2Prescaler                               Libraries\STM32F4xx_StdPeriph_Driver\src\stm32f4xx_tim.o
TIM_SetIC3Prescaler                               Libraries\STM32F4xx_StdPeriph_Driver\src\stm32f4xx_tim.o
TIM_SetIC4Prescaler                               Libraries\STM32F4xx_StdPeriph_Driver\src\stm32f4xx_tim.o
TIM_TIxExternalClockConfig                        Libraries\STM32F4xx_StdPeriph_Driver\src\stm32f4xx_tim.o
TIM_TimeBaseInit                                  Libraries\STM32F4xx_StdPeriph_Driver\src\stm32f4xx_tim.o
TIM_TimeBaseStructInit                            Libraries\STM32F4xx_StdPeriph_Driver\src\stm32f4xx_tim.o
TIM_UpdateDisableConfig                           Libraries\STM32F4xx_StdPeriph_Driver\src\stm32f4xx_tim.o
TIM_UpdateRequestConfig                           Libraries\STM32F4xx_StdPeriph_Driver\src\stm32f4xx_tim.o
UART4_IRQHandler                                  src\startup_stm32f40xx.o
UART5_IRQHandler                                  src\startup_stm32f40xx.o
USART1_IRQHandler                                 src\startup_stm32f40xx.o
USART2_IRQHandler                                 src\startup_stm32f40xx.o
USART3_IRQHandler                                 src\startup_stm32f40xx.o
USART6_IRQHandler                                 src\startup_stm32f40xx.o
USART_ClearFlag                                   Libraries\STM32F4xx_StdPeriph_Driver\src\stm32f4xx_usart.o
USART_ClearITPendingBit                           Libraries\STM32F4xx_StdPeriph_Driver\src\stm32f4xx_usart.o
USART_ClockInit                                   Libraries\STM32F4xx_StdPeriph_Driver\src\stm32f4xx_usart.o
USART_ClockStructInit                             Libraries\STM32F4xx_StdPeriph_Driver\src\stm32f4xx_usart.o
USART_Cmd                                         Libraries\STM32F4xx_StdPeriph_Driver\src\stm32f4xx_usart.o
USART_DMACmd                                      Libraries\STM32F4xx_StdPeriph_Driver\src\stm32f4xx_usart.o
USART_DeInit                                      Libraries\STM32F4xx_StdPeriph_Driver\src\stm32f4xx_usart.o
USART_GetFlagStatus                               Libraries\STM32F4xx_StdPeriph_Driver\src\stm32f4xx_usart.o
USART_GetITStatus                                 Libraries\STM32F4xx_StdPeriph_Driver\src\stm32f4xx_usart.o
USART_HalfDuplexCmd                               Libraries\STM32F4xx_StdPeriph_Driver\src\stm32f4xx_usart.o
USART_ITConfig                                    Libraries\STM32F4xx_StdPeriph_Driver\src\stm32f4xx_usart.o
USART_Init                                        Libraries\STM32F4xx_StdPeriph_Driver\src\stm32f4xx_usart.o
USART_IrDACmd                                     Libraries\STM32F4xx_StdPeriph_Driver\src\stm32f4xx_usart.o
USART_IrDAConfig                                  Libraries\STM32F4xx_StdPeriph_Driver\src\stm32f4xx_usart.o
USART_LINBreakDetectLengthConfig                  Libraries\STM32F4xx_StdPeriph_Driver\src\stm32f4xx_usart.o
USART_LINCmd                                      Libraries\STM32F4xx_StdPeriph_Driver\src\stm32f4xx_usart.o
USART_OneBitMethodCmd                             Libraries\STM32F4xx_StdPeriph_Driver\src\stm32f4xx_usart.o
USART_OverSampling8Cmd                            Libraries\STM32F4xx_StdPeriph_Driver\src\stm32f4xx_usart.o
USART_ReceiveData                                 Libraries\STM32F4xx_StdPeriph_Driver\src\stm32f4xx_usart.o
USART_ReceiverWakeUpCmd                           Libraries\STM32F4xx_StdPeriph_Driver\src\stm32f4xx_usart.o
USART_SendBreak                                   Libraries\STM32F4xx_StdPeriph_Driver\src\stm32f4xx_usart.o
USART_SendData                                    Libraries\STM32F4xx_StdPeriph_Driver\src\stm32f4xx_usart.o
USART_SetAddress                                  Libraries\STM32F4xx_StdPeriph_Driver\src\stm32f4xx_usart.o
USART_SetGuardTime                                Libraries\STM32F4xx_StdPeriph_Driver\src\stm32f4xx_usart.o
USART_SetPrescaler                                Libraries\STM32F4xx_StdPeriph_Driver\src\stm32f4xx_usart.o
USART_SmartCardCmd                                Libraries\STM32F4xx_StdPeriph_Driver\src\stm32f4xx_usart.o
USART_SmartCardNACKCmd                            Libraries\STM32F4xx_StdPeriph_Driver\src\stm32f4xx_usart.o
USART_StructInit                                  Libraries\STM32F4xx_StdPeriph_Driver\src\stm32f4xx_usart.o
USART_WakeUpConfig                                Libraries\STM32F4xx_StdPeriph_Driver\src\stm32f4xx_usart.o
UsageFault_Handler                                src\stm32f4xx_it.o
                                                  src\startup_stm32f40xx.o
WWDG_ClearFlag                                    Libraries\STM32F4xx_StdPeriph_Driver\src\stm32f4xx_wwdg.o
WWDG_DeInit                                       Libraries\STM32F4xx_StdPeriph_Driver\src\stm32f4xx_wwdg.o
WWDG_Enable                                       Libraries\STM32F4xx_StdPeriph_Driver\src\stm32f4xx_wwdg.o
WWDG_EnableIT                                     Libraries\STM32F4xx_StdPeriph_Driver\src\stm32f4xx_wwdg.o
WWDG_GetFlagStatus                                Libraries\STM32F4xx_StdPeriph_Driver\src\stm32f4xx_wwdg.o
WWDG_IRQHandler                                   src\startup_stm32f40xx.o
WWDG_SetCounter                                   Libraries\STM32F4xx_StdPeriph_Driver\src\stm32f4xx_wwdg.o
WWDG_SetPrescaler                                 Libraries\STM32F4xx_StdPeriph_Driver\src\stm32f4xx_wwdg.o
WWDG_SetWindowValue                               Libraries\STM32F4xx_StdPeriph_Driver\src\stm32f4xx_wwdg.o
__deregister_frame_info                           c:/program files (x86)/atollic/truestudio for arm 7.1.2/armtools/bin/../lib/gcc/arm-atollic-eabi/5.3.1/armv7e-m/fpu/crtbegin.o
__dso_handle                                      c:/program files (x86)/atollic/truestudio for arm 7.1.2/armtools/bin/../lib/gcc/arm-atollic-eabi/5.3.1/armv7e-m/fpu/crtbegin.o
__init_array_end                                  c:/program files (x86)/atollic/truestudio for arm 7.1.2/armtools/bin/../lib/gcc/arm-atollic-eabi/5.3.1/../../../../arm-atollic-eabi/lib/armv7e-m/fpu\libc.a(lib_a-init.o)
__init_array_start                                c:/program files (x86)/atollic/truestudio for arm 7.1.2/armtools/bin/../lib/gcc/arm-atollic-eabi/5.3.1/../../../../arm-atollic-eabi/lib/armv7e-m/fpu\libc.a(lib_a-init.o)
__libc_init_array                                 c:/program files (x86)/atollic/truestudio for arm 7.1.2/armtools/bin/../lib/gcc/arm-atollic-eabi/5.3.1/../../../../arm-atollic-eabi/lib/armv7e-m/fpu\libc.a(lib_a-init.o)
                                                  src\startup_stm32f40xx.o
__preinit_array_end                               c:/program files (x86)/atollic/truestudio for arm 7.1.2/armtools/bin/../lib/gcc/arm-atollic-eabi/5.3.1/../../../../arm-atollic-eabi/lib/armv7e-m/fpu\libc.a(lib_a-init.o)
__preinit_array_start                             c:/program files (x86)/atollic/truestudio for arm 7.1.2/armtools/bin/../lib/gcc/arm-atollic-eabi/5.3.1/../../../../arm-atollic-eabi/lib/armv7e-m/fpu\libc.a(lib_a-init.o)
__register_frame_info                             c:/program files (x86)/atollic/truestudio for arm 7.1.2/armtools/bin/../lib/gcc/arm-atollic-eabi/5.3.1/armv7e-m/fpu/crtbegin.o
_ebss                                             src\startup_stm32f40xx.o
_edata                                            src\startup_stm32f40xx.o
_estack                                           src\startup_stm32f40xx.o
_fini                                             c:/program files (x86)/atollic/truestudio for arm 7.1.2/armtools/bin/../lib/gcc/arm-atollic-eabi/5.3.1/armv7e-m/fpu/crti.o
_init                                             c:/program files (x86)/atollic/truestudio for arm 7.1.2/armtools/bin/../lib/gcc/arm-atollic-eabi/5.3.1/armv7e-m/fpu/crti.o
                                                  c:/program files (x86)/atollic/truestudio for arm 7.1.2/armtools/bin/../lib/gcc/arm-atollic-eabi/5.3.1/../../../../arm-atollic-eabi/lib/armv7e-m/fpu\libc.a(lib_a-init.o)
_sbss                                             src\startup_stm32f40xx.o
_sdata                                            src\startup_stm32f40xx.o
_sidata                                           src\startup_stm32f40xx.o
_write                                            c:/program files (x86)/atollic/truestudio for arm 7.1.2/armtools/bin/../lib/gcc/arm-atollic-eabi/5.3.1/../../../../arm-atollic-eabi/lib/armv7e-m/fpu\libnosys.a(write.o)
                                                  src\tiny_printf.o
delay                                             src\main.o
errno                                             c:/program files (x86)/atollic/truestudio for arm 7.1.2/armtools/bin/../lib/gcc/arm-atollic-eabi/5.3.1/../../../../arm-atollic-eabi/lib/armv7e-m/fpu\libnosys.a(errno.o)
                                                  c:/program files (x86)/atollic/truestudio for arm 7.1.2/armtools/bin/../lib/gcc/arm-atollic-eabi/5.3.1/../../../../arm-atollic-eabi/lib/armv7e-m/fpu\libnosys.a(write.o)
fiprintf                                          src\tiny_printf.o
fprintf                                           src\tiny_printf.o
fputs                                             src\tiny_printf.o
fwrite                                            src\tiny_printf.o
g_pfnVectors                                      src\startup_stm32f40xx.o
init                                              src\main.o
iprintf                                           src\tiny_printf.o
loop                                              src\main.o
main                                              src\main.o
                                                  src\startup_stm32f40xx.o
memset                                            c:/program files (x86)/atollic/truestudio for arm 7.1.2/armtools/bin/../lib/gcc/arm-atollic-eabi/5.3.1/../../../../arm-atollic-eabi/lib/armv7e-m/fpu\libc.a(lib_a-memset.o)
                                                  Libraries\STM32F4xx_StdPeriph_Driver\src\stm32f4xx_cryp_aes.o
printf                                            src\tiny_printf.o
puts                                              src\tiny_printf.o
siprintf                                          src\tiny_printf.o
sprintf                                           src\tiny_printf.o
strlen                                            c:/program files (x86)/atollic/truestudio for arm 7.1.2/armtools/bin/../lib/gcc/arm-atollic-eabi/5.3.1/../../../../arm-atollic-eabi/lib/armv7e-m/fpu\libc.a(lib_a-strlen.o)
                                                  src\tiny_printf.o
ts_formatlength                                   src\tiny_printf.o
ts_formatstring                                   src\tiny_printf.o
ts_itoa                                           src\tiny_printf.o
