Archive member included to satisfy reference by file (symbol)

c:/program files (x86)/atollic/truestudio for arm 7.1.2/armtools/bin/../lib/gcc/arm-atollic-eabi/5.3.1/../../../../arm-atollic-eabi/lib/armv7e-m/fpu\libc.a(lib_a-init.o)
                              src\startup_stm32f40xx.o (__libc_init_array)
c:/program files (x86)/atollic/truestudio for arm 7.1.2/armtools/bin/../lib/gcc/arm-atollic-eabi/5.3.1/../../../../arm-atollic-eabi/lib/armv7e-m/fpu\libc.a(lib_a-strlen.o)
                              src\tiny_printf.o (strlen)
c:/program files (x86)/atollic/truestudio for arm 7.1.2/armtools/bin/../lib/gcc/arm-atollic-eabi/5.3.1/../../../../arm-atollic-eabi/lib/armv7e-m/fpu\libnosys.a(write.o)
                              src\tiny_printf.o (_write)
c:/program files (x86)/atollic/truestudio for arm 7.1.2/armtools/bin/../lib/gcc/arm-atollic-eabi/5.3.1/../../../../arm-atollic-eabi/lib/armv7e-m/fpu\libnosys.a(errno.o)
                              c:/program files (x86)/atollic/truestudio for arm 7.1.2/armtools/bin/../lib/gcc/arm-atollic-eabi/5.3.1/../../../../arm-atollic-eabi/lib/armv7e-m/fpu\libnosys.a(write.o) (errno)

Allocating common symbols
Common symbol       size              file

errno               0x4               c:/program files (x86)/atollic/truestudio for arm 7.1.2/armtools/bin/../lib/gcc/arm-atollic-eabi/5.3.1/../../../../arm-atollic-eabi/lib/armv7e-m/fpu\libnosys.a(errno.o)

Memory Configuration

Name             Origin             Length             Attributes
FLASH            0x08000000         0x00100000         xr
RAM              0x20000000         0x00020000         xrw
MEMORY_B1        0x60000000         0x00000000         xr
CCMRAM           0x10000000         0x00010000         rw
*default*        0x00000000         0xffffffff

Linker script and memory map

LOAD c:/program files (x86)/atollic/truestudio for arm 7.1.2/armtools/bin/../lib/gcc/arm-atollic-eabi/5.3.1/armv7e-m/fpu/crti.o
LOAD c:/program files (x86)/atollic/truestudio for arm 7.1.2/armtools/bin/../lib/gcc/arm-atollic-eabi/5.3.1/armv7e-m/fpu/crtbegin.o
LOAD Libraries\STM32F4xx_StdPeriph_Driver\src\misc.o
LOAD Libraries\STM32F4xx_StdPeriph_Driver\src\stm32f4xx_adc.o
LOAD Libraries\STM32F4xx_StdPeriph_Driver\src\stm32f4xx_can.o
LOAD Libraries\STM32F4xx_StdPeriph_Driver\src\stm32f4xx_crc.o
LOAD Libraries\STM32F4xx_StdPeriph_Driver\src\stm32f4xx_cryp.o
LOAD Libraries\STM32F4xx_StdPeriph_Driver\src\stm32f4xx_cryp_aes.o
LOAD Libraries\STM32F4xx_StdPeriph_Driver\src\stm32f4xx_cryp_des.o
LOAD Libraries\STM32F4xx_StdPeriph_Driver\src\stm32f4xx_cryp_tdes.o
LOAD Libraries\STM32F4xx_StdPeriph_Driver\src\stm32f4xx_dac.o
LOAD Libraries\STM32F4xx_StdPeriph_Driver\src\stm32f4xx_dbgmcu.o
LOAD Libraries\STM32F4xx_StdPeriph_Driver\src\stm32f4xx_dcmi.o
LOAD Libraries\STM32F4xx_StdPeriph_Driver\src\stm32f4xx_dma.o
LOAD Libraries\STM32F4xx_StdPeriph_Driver\src\stm32f4xx_exti.o
LOAD Libraries\STM32F4xx_StdPeriph_Driver\src\stm32f4xx_flash.o
LOAD Libraries\STM32F4xx_StdPeriph_Driver\src\stm32f4xx_fsmc.o
LOAD Libraries\STM32F4xx_StdPeriph_Driver\src\stm32f4xx_gpio.o
LOAD Libraries\STM32F4xx_StdPeriph_Driver\src\stm32f4xx_hash.o
LOAD Libraries\STM32F4xx_StdPeriph_Driver\src\stm32f4xx_hash_md5.o
LOAD Libraries\STM32F4xx_StdPeriph_Driver\src\stm32f4xx_hash_sha1.o
LOAD Libraries\STM32F4xx_StdPeriph_Driver\src\stm32f4xx_i2c.o
LOAD Libraries\STM32F4xx_StdPeriph_Driver\src\stm32f4xx_iwdg.o
LOAD Libraries\STM32F4xx_StdPeriph_Driver\src\stm32f4xx_pwr.o
LOAD Libraries\STM32F4xx_StdPeriph_Driver\src\stm32f4xx_rcc.o
LOAD Libraries\STM32F4xx_StdPeriph_Driver\src\stm32f4xx_rng.o
LOAD Libraries\STM32F4xx_StdPeriph_Driver\src\stm32f4xx_rtc.o
LOAD Libraries\STM32F4xx_StdPeriph_Driver\src\stm32f4xx_sdio.o
LOAD Libraries\STM32F4xx_StdPeriph_Driver\src\stm32f4xx_spi.o
LOAD Libraries\STM32F4xx_StdPeriph_Driver\src\stm32f4xx_syscfg.o
LOAD Libraries\STM32F4xx_StdPeriph_Driver\src\stm32f4xx_tim.o
LOAD Libraries\STM32F4xx_StdPeriph_Driver\src\stm32f4xx_usart.o
LOAD Libraries\STM32F4xx_StdPeriph_Driver\src\stm32f4xx_wwdg.o
LOAD src\main.o
LOAD src\startup_stm32f40xx.o
LOAD src\stm32f4xx_it.o
LOAD src\system_stm32f4xx.o
LOAD src\tiny_printf.o
START GROUP
LOAD c:/program files (x86)/atollic/truestudio for arm 7.1.2/armtools/bin/../lib/gcc/arm-atollic-eabi/5.3.1/../../../../arm-atollic-eabi/lib/armv7e-m/fpu\libc.a
LOAD c:/program files (x86)/atollic/truestudio for arm 7.1.2/armtools/bin/../lib/gcc/arm-atollic-eabi/5.3.1/../../../../arm-atollic-eabi/lib/armv7e-m/fpu\libm.a
END GROUP
                0x00000080                malloc_getpagesize_P = 0x80
START GROUP
LOAD c:/program files (x86)/atollic/truestudio for arm 7.1.2/armtools/bin/../lib/gcc/arm-atollic-eabi/5.3.1/armv7e-m/fpu\libgcc.a
LOAD c:/program files (x86)/atollic/truestudio for arm 7.1.2/armtools/bin/../lib/gcc/arm-atollic-eabi/5.3.1/../../../../arm-atollic-eabi/lib/armv7e-m/fpu\libc.a
END GROUP
START GROUP
LOAD c:/program files (x86)/atollic/truestudio for arm 7.1.2/armtools/bin/../lib/gcc/arm-atollic-eabi/5.3.1/armv7e-m/fpu\libgcc.a
LOAD c:/program files (x86)/atollic/truestudio for arm 7.1.2/armtools/bin/../lib/gcc/arm-atollic-eabi/5.3.1/../../../../arm-atollic-eabi/lib/armv7e-m/fpu\libc.a
LOAD c:/program files (x86)/atollic/truestudio for arm 7.1.2/armtools/bin/../lib/gcc/arm-atollic-eabi/5.3.1/../../../../arm-atollic-eabi/lib/armv7e-m/fpu\libnosys.a
END GROUP
LOAD c:/program files (x86)/atollic/truestudio for arm 7.1.2/armtools/bin/../lib/gcc/arm-atollic-eabi/5.3.1/armv7e-m/fpu/crtend.o
LOAD c:/program files (x86)/atollic/truestudio for arm 7.1.2/armtools/bin/../lib/gcc/arm-atollic-eabi/5.3.1/armv7e-m/fpu/crtn.o
                0x20020000                _estack = 0x20020000
                0x00000000                _Min_Heap_Size = 0x0
                0x00000400                _Min_Stack_Size = 0x400

.isr_vector     0x08000000      0x188
                0x08000000                . = ALIGN (0x4)
 *(.isr_vector)
 .isr_vector    0x08000000      0x188 src\startup_stm32f40xx.o
                0x08000000                g_pfnVectors
                0x08000188                . = ALIGN (0x4)

.text           0x08000188     0xf528
                0x08000188                . = ALIGN (0x4)
 *(.text)
 .text          0x08000188        0x0 c:/program files (x86)/atollic/truestudio for arm 7.1.2/armtools/bin/../lib/gcc/arm-atollic-eabi/5.3.1/armv7e-m/fpu/crti.o
 .text          0x08000188       0x40 c:/program files (x86)/atollic/truestudio for arm 7.1.2/armtools/bin/../lib/gcc/arm-atollic-eabi/5.3.1/armv7e-m/fpu/crtbegin.o
 .text          0x080001c8      0x194 Libraries\STM32F4xx_StdPeriph_Driver\src\misc.o
                0x080001c8                NVIC_PriorityGroupConfig
                0x080001f0                NVIC_Init
                0x080002b4                NVIC_SetVectorTable
                0x080002e0                NVIC_SystemLPConfig
                0x08000324                SysTick_CLKSourceConfig
 .text          0x0800035c      0xaac Libraries\STM32F4xx_StdPeriph_Driver\src\stm32f4xx_adc.o
                0x0800035c                ADC_DeInit
                0x08000378                ADC_Init
                0x08000424                ADC_StructInit
                0x08000464                ADC_CommonInit
                0x080004b4                ADC_CommonStructInit
                0x080004e0                ADC_Cmd
                0x08000518                ADC_AnalogWatchdogCmd
                0x08000554                ADC_AnalogWatchdogThresholdsConfig
                0x0800057c                ADC_AnalogWatchdogSingleChannelConfig
                0x080005b4                ADC_TempSensorVrefintCmd
                0x080005f0                ADC_VBATCmd
                0x0800062c                ADC_RegularChannelConfig
                0x080007c0                ADC_SoftwareStartConv
                0x080007e0                ADC_GetSoftwareStartConvStatus
                0x08000810                ADC_EOCOnEachRegularChannelCmd
                0x08000848                ADC_ContinuousModeCmd
                0x08000880                ADC_DiscModeChannelCountConfig
                0x080008c4                ADC_DiscModeCmd
                0x080008fc                ADC_GetConversionValue
                0x08000918                ADC_GetMultiModeConversionValue
                0x08000930                ADC_DMACmd
                0x08000968                ADC_DMARequestAfterLastTransferCmd
                0x080009a0                ADC_MultiModeDMARequestAfterLastTransferCmd
                0x080009dc                ADC_InjectedChannelConfig
                0x08000b00                ADC_InjectedSequencerLengthConfig
                0x08000b44                ADC_SetInjectedOffset
                0x08000b78                ADC_ExternalTrigInjectedConvConfig
                0x08000bb0                ADC_ExternalTrigInjectedConvEdgeConfig
                0x08000be8                ADC_SoftwareStartInjectedConv
                0x08000c08                ADC_GetSoftwareStartInjectedConvCmdStatus
                0x08000c38                ADC_AutoInjectedConvCmd
                0x08000c70                ADC_InjectedDiscModeCmd
                0x08000ca8                ADC_GetInjectedConversionValue
                0x08000cd8                ADC_ITConfig
                0x08000d2c                ADC_GetFlagStatus
                0x08000d60                ADC_ClearFlag
                0x08000d80                ADC_GetITStatus
                0x08000ddc                ADC_ClearITPendingBit
 .text          0x08000e08      0xfd0 Libraries\STM32F4xx_StdPeriph_Driver\src\stm32f4xx_can.o
                0x08000e08                CAN_DeInit
                0x08000e50                CAN_Init
                0x08000ff4                CAN_FilterInit
                0x0800116c                CAN_StructInit
                0x080011c4                CAN_SlaveStartBank
                0x08001224                CAN_DBGFreeze
                0x0800125c                CAN_TTComModeCmd
                0x080012f4                CAN_Transmit
                0x0800148c                CAN_TransmitStatus
                0x08001560                CAN_CancelTransmit
                0x080015b4                CAN_Receive
                0x08001728                CAN_FIFORelease
                0x08001760                CAN_MessagePending
                0x080017ac                CAN_OperatingModeRequest
                0x080018a8                CAN_Sleep
                0x080018e4                CAN_WakeUp
                0x0800193c                CAN_GetLastErrorCode
                0x08001964                CAN_GetReceiveErrorCounter
                0x0800198c                CAN_GetLSBTransmitErrorCounter
                0x080019b4                CAN_ITConfig
                0x080019f0                CAN_GetFlagStatus
                0x08001ac0                CAN_ClearFlag
                0x08001b34                CAN_GetITStatus
                0x08001cc8                CAN_ClearITPendingBit
 .text          0x08001dd8       0xd0 Libraries\STM32F4xx_StdPeriph_Driver\src\stm32f4xx_crc.o
                0x08001dd8                CRC_ResetDR
                0x08001df0                CRC_CalcCRC
                0x08001e14                CRC_CalcBlockCRC
                0x08001e58                CRC_GetCRC
                0x08001e70                CRC_SetIDRegister
                0x08001e90                CRC_GetIDRegister
 .text          0x08001ea8      0x69c Libraries\STM32F4xx_StdPeriph_Driver\src\stm32f4xx_cryp.o
                0x08001ea8                CRYP_DeInit
                0x08001ec0                CRYP_Init
                0x08001f64                CRYP_StructInit
                0x08001f90                CRYP_KeyInit
                0x08001fe8                CRYP_KeyStructInit
                0x0800202c                CRYP_IVInit
                0x08002064                CRYP_IVStructInit
                0x08002090                CRYP_PhaseConfig
                0x080020c8                CRYP_FIFOFlush
                0x080020e8                CRYP_Cmd
                0x08002124                CRYP_DataIn
                0x08002144                CRYP_DataOut
                0x0800215c                CRYP_SaveContext
                0x080022ec                CRYP_RestoreContext
                0x08002400                CRYP_DMACmd
                0x08002444                CRYP_ITConfig
                0x08002488                CRYP_GetITStatus
                0x080024c0                CRYP_GetCmdStatus
                0x080024f4                CRYP_GetFlagStatus
 .text          0x08002544     0x28d8 Libraries\STM32F4xx_StdPeriph_Driver\src\stm32f4xx_cryp_aes.o
                0x08002544                CRYP_AES_ECB
                0x080029a8                CRYP_AES_CBC
                0x08002f00                CRYP_AES_CTR
                0x080033f0                CRYP_AES_GCM
                0x08003fc4                CRYP_AES_CCM
 .text          0x08004e1c      0x2e4 Libraries\STM32F4xx_StdPeriph_Driver\src\stm32f4xx_cryp_des.o
                0x08004e1c                CRYP_DES_ECB
                0x08004f60                CRYP_DES_CBC
 .text          0x08005100      0x400 Libraries\STM32F4xx_StdPeriph_Driver\src\stm32f4xx_cryp_tdes.o
                0x08005100                CRYP_TDES_ECB
                0x080052c0                CRYP_TDES_CBC
 .text          0x08005500      0x450 Libraries\STM32F4xx_StdPeriph_Driver\src\stm32f4xx_dac.o
                0x08005500                DAC_DeInit
                0x0800551c                DAC_Init
                0x08005584                DAC_StructInit
                0x080055b0                DAC_Cmd
                0x080055fc                DAC_SoftwareTriggerCmd
                0x0800564c                DAC_DualSoftwareTriggerCmd
                0x08005688                DAC_WaveGenerationCmd
                0x080056d4                DAC_SetChannel1Data
                0x0800570c                DAC_SetChannel2Data
                0x08005744                DAC_SetDualChannelData
                0x0800579c                DAC_GetDataOutputValue
                0x080057d0                DAC_DMACmd
                0x08005820                DAC_ITConfig
                0x0800586c                DAC_GetFlagStatus
                0x080058a8                DAC_ClearFlag
                0x080058d0                DAC_GetITStatus
                0x08005928                DAC_ClearITPendingBit
 .text          0x08005950       0xf4 Libraries\STM32F4xx_StdPeriph_Driver\src\stm32f4xx_dbgmcu.o
                0x08005950                DBGMCU_GetREVID
                0x08005968                DBGMCU_GetDEVID
                0x08005984                DBGMCU_Config
                0x080059c4                DBGMCU_APB1PeriphConfig
                0x08005a04                DBGMCU_APB2PeriphConfig
 .text          0x08005a44      0x3a4 Libraries\STM32F4xx_StdPeriph_Driver\src\stm32f4xx_dcmi.o
                0x08005a44                DCMI_DeInit
                0x08005a80                DCMI_Init
                0x08005b00                DCMI_StructInit
                0x08005b40                DCMI_CROPConfig
                0x08005b7c                DCMI_CROPCmd
                0x08005bb8                DCMI_SetEmbeddedSynchroCodes
                0x08005bf4                DCMI_JPEGCmd
                0x08005c30                DCMI_Cmd
                0x08005c6c                DCMI_CaptureCmd
                0x08005ca8                DCMI_ReadData
                0x08005cc0                DCMI_ITConfig
                0x08005d04                DCMI_GetFlagStatus
                0x08005d68                DCMI_ClearFlag
                0x08005d88                DCMI_GetITStatus
                0x08005dc8                DCMI_ClearITPendingBit
 .text          0x08005de8      0x728 Libraries\STM32F4xx_StdPeriph_Driver\src\stm32f4xx_dma.o
                0x08005de8                DMA_DeInit
                0x08005f90                DMA_Init
                0x08006040                DMA_StructInit
                0x080060b0                DMA_Cmd
                0x080060e8                DMA_PeriphIncOffsetSizeConfig
                0x08006120                DMA_FlowControllerConfig
                0x08006158                DMA_SetCurrDataCounter
                0x08006178                DMA_GetCurrDataCounter
                0x08006194                DMA_DoubleBufferModeConfig
                0x080061d4                DMA_DoubleBufferModeCmd
                0x0800620c                DMA_MemoryTargetConfig
                0x08006238                DMA_GetCurrentMemoryTarget
                0x08006268                DMA_GetCmdStatus
                0x08006298                DMA_GetFIFOStatus
                0x080062bc                DMA_GetFlagStatus
                0x08006334                DMA_ClearFlag
                0x08006390                DMA_ITConfig
                0x08006404                DMA_GetITStatus
                0x080064b4                DMA_ClearITPendingBit
 .text          0x08006510      0x224 Libraries\STM32F4xx_StdPeriph_Driver\src\stm32f4xx_exti.o
                0x08006510                EXTI_DeInit
                0x08006544                EXTI_Init
                0x08006628                EXTI_StructInit
                0x08006654                EXTI_GenerateSWInterrupt
                0x08006678                EXTI_GetFlagStatus
                0x080066ac                EXTI_ClearFlag
                0x080066cc                EXTI_GetITStatus
                0x08006714                EXTI_ClearITPendingBit
 .text          0x08006734      0x840 Libraries\STM32F4xx_StdPeriph_Driver\src\stm32f4xx_flash.o
                0x08006734                FLASH_SetLatency
                0x08006754                FLASH_PrefetchBufferCmd
                0x08006790                FLASH_InstructionCacheCmd
                0x080067cc                FLASH_DataCacheCmd
                0x08006808                FLASH_InstructionCacheReset
                0x08006828                FLASH_DataCacheReset
                0x08006848                FLASH_Unlock
                0x08006878                FLASH_Lock
                0x08006898                FLASH_EraseSector
                0x08006958                FLASH_EraseAllSectors
                0x080069f8                FLASH_ProgramDoubleWord
                0x08006a68                FLASH_ProgramWord
                0x08006ad0                FLASH_ProgramHalfWord
                0x08006b3c                FLASH_ProgramByte
                0x08006ba4                FLASH_OB_Unlock
                0x08006bd8                FLASH_OB_Lock
                0x08006bf8                FLASH_OB_WRPConfig
                0x08006c58                FLASH_OB_WRP1Config
                0x08006cb8                FLASH_OB_RDPConfig
                0x08006ce8                FLASH_OB_UserConfig
                0x08006d40                FLASH_OB_BORConfig
                0x08006d7c                FLASH_OB_Launch
                0x08006dac                FLASH_OB_GetUser
                0x08006dc8                FLASH_OB_GetWRP
                0x08006de0                FLASH_OB_GetWRP1
                0x08006df8                FLASH_OB_GetRDP
                0x08006e28                FLASH_OB_GetBOR
                0x08006e48                FLASH_ITConfig
                0x08006e88                FLASH_GetFlagStatus
                0x08006ebc                FLASH_ClearFlag
                0x08006edc                FLASH_GetStatus
                0x08006f44                FLASH_WaitForLastOperation
 .text          0x08006f74      0x96c Libraries\STM32F4xx_StdPeriph_Driver\src\stm32f4xx_fsmc.o
                0x08006f74                FSMC_NORSRAMDeInit
                0x08006fcc                FSMC_NORSRAMInit
                0x08007104                FSMC_NORSRAMStructInit
                0x080071dc                FSMC_NORSRAMCmd
                0x08007230                FSMC_NANDDeInit
                0x0800728c                FSMC_NANDInit
                0x0800735c                FSMC_NANDStructInit
                0x080073dc                FSMC_NANDCmd
                0x08007448                FSMC_NANDECCCmd
                0x080074b4                FSMC_GetECC
                0x080074ec                FSMC_PCCARDDeInit
                0x08007524                FSMC_PCCARDInit
                0x080075d0                FSMC_PCCARDStructInit
                0x08007658                FSMC_PCCARDCmd
                0x08007698                FSMC_ITConfig
                0x08007738                FSMC_GetFlagStatus
                0x0800779c                FSMC_ClearFlag
                0x080077fc                FSMC_GetITStatus
                0x0800787c                FSMC_ClearITPendingBit
 .text          0x080078e0      0x49c Libraries\STM32F4xx_StdPeriph_Driver\src\stm32f4xx_gpio.o
                0x080078e0                GPIO_DeInit
                0x08007a00                GPIO_Init
                0x08007b1c                GPIO_StructInit
                0x08007b50                GPIO_PinLockConfig
                0x08007b94                GPIO_ReadInputDataBit
                0x08007bc8                GPIO_ReadInputData
                0x08007be4                GPIO_ReadOutputDataBit
                0x08007c18                GPIO_ReadOutputData
                0x08007c34                GPIO_SetBits
                0x08007c54                GPIO_ResetBits
                0x08007c74                GPIO_WriteBit
                0x08007ca4                GPIO_Write
                0x08007cc4                GPIO_ToggleBits
                0x08007ce8                GPIO_PinAFConfig
 .text          0x08007d7c      0x418 Libraries\STM32F4xx_StdPeriph_Driver\src\stm32f4xx_hash.o
                0x08007d7c                HASH_DeInit
                0x08007d94                HASH_Init
                0x08007e04                HASH_StructInit
                0x08007e30                HASH_Reset
                0x08007e50                HASH_SetLastWordValidBitsNbr
                0x08007e84                HASH_DataIn
                0x08007ea4                HASH_GetInFIFOWordsNbr
                0x08007ec4                HASH_GetDigest
                0x08007f20                HASH_StartDigest
                0x08007f40                HASH_SaveContext
                0x08007f9c                HASH_RestoreContext
                0x08008008                HASH_AutoStartDigest
                0x08008044                HASH_DMACmd
                0x08008080                HASH_ITConfig
                0x080080c0                HASH_GetFlagStatus
                0x08008110                HASH_ClearFlag
                0x08008130                HASH_GetITStatus
                0x08008174                HASH_ClearITPendingBit
 .text          0x08008194      0x32c Libraries\STM32F4xx_StdPeriph_Driver\src\stm32f4xx_hash_md5.o
                0x08008194                HASH_MD5
                0x080082b0                HMAC_MD5
 .text          0x080084c0      0x37c Libraries\STM32F4xx_StdPeriph_Driver\src\stm32f4xx_hash_sha1.o
                0x080084c0                HASH_SHA1
                0x080085fc                HMAC_SHA1
 .text          0x0800883c      0xa2c Libraries\STM32F4xx_StdPeriph_Driver\src\stm32f4xx_i2c.o
                0x0800883c                I2C_DeInit
                0x080088b0                I2C_Init
                0x08008a34                I2C_StructInit
                0x08008a74                I2C_Cmd
                0x08008ab4                I2C_AnalogFilterCmd
                0x08008af4                I2C_DigitalFilterConfig
                0x08008b38                I2C_GenerateSTART
                0x08008b78                I2C_GenerateSTOP
                0x08008bb8                I2C_Send7bitAddress
                0x08008bf4                I2C_AcknowledgeConfig
                0x08008c34                I2C_OwnAddress2Config
                0x08008c78                I2C_DualAddressCmd
                0x08008cb8                I2C_GeneralCallCmd
                0x08008cf8                I2C_SoftwareResetCmd
                0x08008d3c                I2C_StretchClockCmd
                0x08008d7c                I2C_FastModeDutyCycleConfig
                0x08008dc0                I2C_NACKPositionConfig
                0x08008e04                I2C_SMBusAlertConfig
                0x08008e48                I2C_ARPCmd
                0x08008e88                I2C_SendData
                0x08008ea8                I2C_ReceiveData
                0x08008ec4                I2C_TransmitPEC
                0x08008f04                I2C_PECPositionConfig
                0x08008f48                I2C_CalculatePEC
                0x08008f88                I2C_GetPEC
                0x08008fa8                I2C_DMACmd
                0x08008fe8                I2C_DMALastTransferCmd
                0x08009028                I2C_ReadRegister
                0x08009058                I2C_ITConfig
                0x080090a0                I2C_CheckEvent
                0x08009100                I2C_GetLastEvent
                0x08009144                I2C_GetFlagStatus
                0x080091ac                I2C_ClearFlag
                0x080091dc                I2C_GetITStatus
                0x08009238                I2C_ClearITPendingBit
 .text          0x08009268       0xd0 Libraries\STM32F4xx_StdPeriph_Driver\src\stm32f4xx_iwdg.o
                0x08009268                IWDG_WriteAccessCmd
                0x08009288                IWDG_SetPrescaler
                0x080092a8                IWDG_SetReload
                0x080092c8                IWDG_ReloadCounter
                0x080092e4                IWDG_Enable
                0x08009300                IWDG_GetFlagStatus
 .text          0x08009338      0x228 Libraries\STM32F4xx_StdPeriph_Driver\src\stm32f4xx_pwr.o
                0x08009338                PWR_DeInit
                0x08009354                PWR_BackupAccessCmd
                0x08009374                PWR_PVDLevelConfig
                0x080093ac                PWR_PVDCmd
                0x080093cc                PWR_WakeUpPinCmd
                0x080093ec                PWR_BackupRegulatorCmd
                0x0800940c                PWR_MainRegulatorModeConfig
                0x08009444                PWR_FlashPowerDownCmd
                0x08009464                PWR_EnterSTOPMode
                0x080094c8                PWR_EnterSTANDBYMode
                0x08009504                PWR_GetFlagStatus
                0x08009538                PWR_ClearFlag
 .text          0x08009560      0xb0c Libraries\STM32F4xx_StdPeriph_Driver\src\stm32f4xx_rcc.o
                0x08009560                RCC_DeInit
                0x080095bc                RCC_HSEConfig
                0x080095e4                RCC_WaitForHSEStartUp
                0x08009634                RCC_AdjustHSICalibrationValue
                0x08009670                RCC_HSICmd
                0x08009690                RCC_LSEConfig
                0x080096d4                RCC_LSICmd
                0x080096f4                RCC_PLLConfig
                0x08009734                RCC_PLLCmd
                0x08009754                RCC_PLLI2SConfig
                0x08009780                RCC_PLLI2SCmd
                0x080097a0                RCC_ClockSecuritySystemCmd
                0x080097c0                RCC_MCO1Config
                0x08009800                RCC_MCO2Config
                0x08009840                RCC_SYSCLKConfig
                0x08009878                RCC_GetSYSCLKSource
                0x08009898                RCC_HCLKConfig
                0x080098d0                RCC_PCLK1Config
                0x08009908                RCC_PCLK2Config
                0x08009944                RCC_GetClocksFreq
                0x08009a98                RCC_RTCCLKConfig
                0x08009af4                RCC_RTCCLKCmd
                0x08009b14                RCC_BackupResetCmd
                0x08009b34                RCC_I2SCLKConfig
                0x08009b54                RCC_TIMCLKPresConfig
                0x08009b74                RCC_AHB1PeriphClockCmd
                0x08009bb4                RCC_AHB2PeriphClockCmd
                0x08009bf4                RCC_AHB3PeriphClockCmd
                0x08009c34                RCC_APB1PeriphClockCmd
                0x08009c74                RCC_APB2PeriphClockCmd
                0x08009cb4                RCC_AHB1PeriphResetCmd
                0x08009cf4                RCC_AHB2PeriphResetCmd
                0x08009d34                RCC_AHB3PeriphResetCmd
                0x08009d74                RCC_APB1PeriphResetCmd
                0x08009db4                RCC_APB2PeriphResetCmd
                0x08009df4                RCC_AHB1PeriphClockLPModeCmd
                0x08009e34                RCC_AHB2PeriphClockLPModeCmd
                0x08009e74                RCC_AHB3PeriphClockLPModeCmd
                0x08009eb4                RCC_APB1PeriphClockLPModeCmd
                0x08009ef4                RCC_APB2PeriphClockLPModeCmd
                0x08009f34                RCC_ITConfig
                0x08009f80                RCC_GetFlagStatus
                0x08009ff4                RCC_ClearFlag
                0x0800a014                RCC_GetITStatus
                0x0800a04c                RCC_ClearITPendingBit
 .text          0x0800a06c      0x160 Libraries\STM32F4xx_StdPeriph_Driver\src\stm32f4xx_rng.o
                0x0800a06c                RNG_DeInit
                0x0800a084                RNG_Cmd
                0x0800a0c0                RNG_GetRandomNumber
                0x0800a0d8                RNG_ITConfig
                0x0800a114                RNG_GetFlagStatus
                0x0800a14c                RNG_ClearFlag
                0x0800a170                RNG_GetITStatus
                0x0800a1a8                RNG_ClearITPendingBit
 .text          0x0800a1cc     0x1554 Libraries\STM32F4xx_StdPeriph_Driver\src\stm32f4xx_rtc.o
                0x0800a1cc                RTC_DeInit
                0x0800a2c0                RTC_Init
                0x0800a338                RTC_StructInit
                0x0800a360                RTC_WriteProtectionCmd
                0x0800a394                RTC_EnterInitMode
                0x0800a408                RTC_ExitInitMode
                0x0800a428                RTC_WaitForSynchro
                0x0800a4a0                RTC_RefClockCmd
                0x0800a508                RTC_BypassShadowCmd
                0x0800a554                RTC_SetTime
                0x0800a668                RTC_TimeStructInit
                0x0800a694                RTC_GetTime
                0x0800a738                RTC_GetSubSecond
                0x0800a760                RTC_SetDate
                0x0800a880                RTC_DateStructInit
                0x0800a8ac                RTC_GetDate
                0x0800a948                RTC_SetAlarm
                0x0800aa80                RTC_AlarmStructInit
                0x0800aac0                RTC_GetAlarm
                0x0800aba4                RTC_AlarmCmd
                0x0800ac40                RTC_AlarmSubSecondConfig
                0x0800ac90                RTC_GetAlarmSubSecond
                0x0800accc                RTC_WakeUpClockConfig
                0x0800ad10                RTC_SetWakeUpCounter
                0x0800ad40                RTC_GetWakeUpCounter
                0x0800ad58                RTC_WakeUpCmd
                0x0800adec                RTC_DayLightSavingConfig
                0x0800ae34                RTC_GetStoreOperation
                0x0800ae50                RTC_OutputConfig
                0x0800ae98                RTC_CoarseCalibConfig
                0x0800aee8                RTC_CoarseCalibCmd
                0x0800af50                RTC_CalibOutputCmd
                0x0800af9c                RTC_CalibOutputConfig
                0x0800afe0                RTC_SmoothCalibConfig
                0x0800b064                RTC_TimeStampCmd
                0x0800b0c8                RTC_GetTimeStamp
                0x0800b1e8                RTC_GetTimeStampSubSecond
                0x0800b200                RTC_TamperTriggerConfig
                0x0800b240                RTC_TamperCmd
                0x0800b280                RTC_TamperFilterConfig
                0x0800b2b0                RTC_TamperSamplingFreqConfig
                0x0800b2e0                RTC_TamperPinsPrechargeDuration
                0x0800b310                RTC_TimeStampOnTamperDetectionCmd
                0x0800b34c                RTC_TamperPullUpCmd
                0x0800b388                RTC_WriteBackupRegister
                0x0800b3bc                RTC_ReadBackupRegister
                0x0800b3ec                RTC_TamperPinSelection
                0x0800b41c                RTC_TimeStampPinSelection
                0x0800b44c                RTC_OutputTypeConfig
                0x0800b47c                RTC_SynchroShiftConfig
                0x0800b518                RTC_ITConfig
                0x0800b594                RTC_GetFlagStatus
                0x0800b5d8                RTC_ClearFlag
                0x0800b608                RTC_GetITStatus
                0x0800b670                RTC_ClearITPendingBit
 .text          0x0800b720      0x4f4 Libraries\STM32F4xx_StdPeriph_Driver\src\stm32f4xx_sdio.o
                0x0800b720                SDIO_DeInit
                0x0800b73c                SDIO_Init
                0x0800b79c                SDIO_StructInit
                0x0800b7d4                SDIO_ClockCmd
                0x0800b7f4                SDIO_SetPowerState
                0x0800b814                SDIO_GetPowerState
                0x0800b830                SDIO_SendCommand
                0x0800b888                SDIO_CmdStructInit
                0x0800b8bc                SDIO_GetCommandResponse
                0x0800b8d4                SDIO_GetResponse
                0x0800b8fc                SDIO_DataConfig
                0x0800b958                SDIO_DataStructInit
                0x0800b994                SDIO_GetDataCounter
                0x0800b9ac                SDIO_ReadData
                0x0800b9c4                SDIO_WriteData
                0x0800b9e4                SDIO_GetFIFOCount
                0x0800b9fc                SDIO_StartSDIOReadWait
                0x0800ba1c                SDIO_StopSDIOReadWait
                0x0800ba3c                SDIO_SetSDIOReadWaitMode
                0x0800ba5c                SDIO_SetSDIOOperation
                0x0800ba7c                SDIO_SendSDIOSuspendCmd
                0x0800ba9c                SDIO_CommandCompletionCmd
                0x0800babc                SDIO_CEATAITCmd
                0x0800baec                SDIO_SendCEATACmd
                0x0800bb0c                SDIO_DMACmd
                0x0800bb2c                SDIO_ITConfig
                0x0800bb6c                SDIO_GetFlagStatus
                0x0800bba0                SDIO_ClearFlag
                0x0800bbc0                SDIO_GetITStatus
                0x0800bbf4                SDIO_ClearITPendingBit
 .text          0x0800bc14      0x89c Libraries\STM32F4xx_StdPeriph_Driver\src\stm32f4xx_spi.o
                0x0800bc14                SPI_I2S_DeInit
                0x0800bcf0                SPI_Init
                0x0800bd78                I2S_Init
                0x0800bf2c                SPI_StructInit
                0x0800bf78                I2S_StructInit
                0x0800bfb0                SPI_Cmd
                0x0800bff0                I2S_Cmd
                0x0800c030                SPI_DataSizeConfig
                0x0800c068                SPI_BiDirectionalLineConfig
                0x0800c0ac                SPI_NSSInternalSoftwareConfig
                0x0800c0f0                SPI_SSOutputCmd
                0x0800c130                SPI_TIModeCmd
                0x0800c170                I2S_FullDuplexConfig
                0x0800c20c                SPI_I2S_ReceiveData
                0x0800c228                SPI_I2S_SendData
                0x0800c248                SPI_CalculateCRC
                0x0800c288                SPI_TransmitCRC
                0x0800c2ac                SPI_GetCRC
                0x0800c2e0                SPI_GetCRCPolynomial
                0x0800c2fc                SPI_I2S_DMACmd
                0x0800c344                SPI_I2S_ITConfig
                0x0800c3a8                SPI_I2S_GetFlagStatus
                0x0800c3e0                SPI_I2S_ClearFlag
                0x0800c404                SPI_I2S_GetITStatus
                0x0800c47c                SPI_I2S_ClearITPendingBit
 .text          0x0800c4b0      0x134 Libraries\STM32F4xx_StdPeriph_Driver\src\stm32f4xx_syscfg.o
                0x0800c4b0                SYSCFG_DeInit
                0x0800c4cc                SYSCFG_MemoryRemapConfig
                0x0800c4ec                SYSCFG_EXTILineConfig
                0x0800c570                SYSCFG_ETH_MediaInterfaceConfig
                0x0800c590                SYSCFG_CompensationCellCmd
                0x0800c5b0                SYSCFG_GetCompensationCellStatus
 .text          0x0800c5e4     0x1c3c Libraries\STM32F4xx_StdPeriph_Driver\src\stm32f4xx_tim.o
                0x0800c5e4                TIM_DeInit
                0x0800c7a4                TIM_TimeBaseInit
                0x0800c87c                TIM_TimeBaseStructInit
                0x0800c8b0                TIM_PrescalerConfig
                0x0800c8d8                TIM_CounterModeConfig
                0x0800c910                TIM_SetCounter
                0x0800c92c                TIM_SetAutoreload
                0x0800c948                TIM_GetCounter
                0x0800c960                TIM_GetPrescaler
                0x0800c97c                TIM_UpdateDisableConfig
                0x0800c9bc                TIM_UpdateRequestConfig
                0x0800c9fc                TIM_ARRPreloadConfig
                0x0800ca3c                TIM_SelectOnePulseMode
                0x0800ca74                TIM_SetClockDivision
                0x0800caac                TIM_Cmd
                0x0800caec                TIM_OC1Init
                0x0800cbe0                TIM_OC2Init
                0x0800ccf0                TIM_OC3Init
                0x0800cdfc                TIM_OC4Init
                0x0800cecc                TIM_OCStructInit
                0x0800cf10                TIM_SelectOCxM
                0x0800cfc4                TIM_SetCompare1
                0x0800cfe0                TIM_SetCompare2
                0x0800cffc                TIM_SetCompare3
                0x0800d018                TIM_SetCompare4
                0x0800d034                TIM_ForcedOC1Config
                0x0800d06c                TIM_ForcedOC2Config
                0x0800d0a8                TIM_ForcedOC3Config
                0x0800d0e0                TIM_ForcedOC4Config
                0x0800d11c                TIM_OC1PreloadConfig
                0x0800d154                TIM_OC2PreloadConfig
                0x0800d190                TIM_OC3PreloadConfig
                0x0800d1c8                TIM_OC4PreloadConfig
                0x0800d204                TIM_OC1FastConfig
                0x0800d23c                TIM_OC2FastConfig
                0x0800d278                TIM_OC3FastConfig
                0x0800d2b0                TIM_OC4FastConfig
                0x0800d2ec                TIM_ClearOC1Ref
                0x0800d324                TIM_ClearOC2Ref
                0x0800d360                TIM_ClearOC3Ref
                0x0800d398                TIM_ClearOC4Ref
                0x0800d3d4                TIM_OC1PolarityConfig
                0x0800d40c                TIM_OC1NPolarityConfig
                0x0800d444                TIM_OC2PolarityConfig
                0x0800d480                TIM_OC2NPolarityConfig
                0x0800d4bc                TIM_OC3PolarityConfig
                0x0800d4f8                TIM_OC3NPolarityConfig
                0x0800d534                TIM_OC4PolarityConfig
                0x0800d570                TIM_CCxCmd
                0x0800d5cc                TIM_CCxNCmd
                0x0800d628                TIM_ICInit
                0x0800d6d0                TIM_ICStructInit
                0x0800d704                TIM_PWMIConfig
                0x0800d7bc                TIM_GetCapture1
                0x0800d7d4                TIM_GetCapture2
                0x0800d7ec                TIM_GetCapture3
                0x0800d804                TIM_GetCapture4
                0x0800d81c                TIM_SetIC1Prescaler
                0x0800d854                TIM_SetIC2Prescaler
                0x0800d890                TIM_SetIC3Prescaler
                0x0800d8c8                TIM_SetIC4Prescaler
                0x0800d904                TIM_BDTRConfig
                0x0800d954                TIM_BDTRStructInit
                0x0800d994                TIM_CtrlPWMOutputs
                0x0800d9e0                TIM_SelectCOM
                0x0800da20                TIM_CCPreloadControl
                0x0800da60                TIM_ITConfig
                0x0800daa8                TIM_GenerateEvent
                0x0800dac8                TIM_GetFlagStatus
                0x0800db00                TIM_ClearFlag
                0x0800db24                TIM_GetITStatus
                0x0800db78                TIM_ClearITPendingBit
                0x0800db9c                TIM_DMAConfig
                0x0800dbc8                TIM_DMACmd
                0x0800dc10                TIM_SelectCCDMA
                0x0800dc50                TIM_InternalClockConfig
                0x0800dc74                TIM_ITRxExternalClockConfig
                0x0800dca4                TIM_TIxExternalClockConfig
                0x0800dd00                TIM_ETRClockMode1Config
                0x0800dd60                TIM_ETRClockMode2Config
                0x0800dda0                TIM_SelectInputTrigger
                0x0800ddd8                TIM_SelectOutputTrigger
                0x0800de10                TIM_SelectSlaveMode
                0x0800de48                TIM_SelectMasterSlaveMode
                0x0800de80                TIM_ETRConfig
                0x0800ded4                TIM_EncoderInterfaceConfig
                0x0800df6c                TIM_SelectHallSensor
                0x0800dfac                TIM_RemapConfig
 .text          0x0800e220      0x97c Libraries\STM32F4xx_StdPeriph_Driver\src\stm32f4xx_usart.o
                0x0800e220                USART_DeInit
                0x0800e338                USART_Init
                0x0800e4ac                USART_StructInit
                0x0800e4e8                USART_ClockInit
                0x0800e540                USART_ClockStructInit
                0x0800e56c                USART_Cmd
                0x0800e5ac                USART_SetPrescaler
                0x0800e5e8                USART_OverSampling8Cmd
                0x0800e62c                USART_OneBitMethodCmd
                0x0800e66c                USART_SendData
                0x0800e690                USART_ReceiveData
                0x0800e6b0                USART_SetAddress
                0x0800e6ec                USART_ReceiverWakeUpCmd
                0x0800e72c                USART_WakeUpConfig
                0x0800e764                USART_LINBreakDetectLengthConfig
                0x0800e79c                USART_LINCmd
                0x0800e7dc                USART_SendBreak
                0x0800e800                USART_HalfDuplexCmd
                0x0800e840                USART_SetGuardTime
                0x0800e87c                USART_SmartCardCmd
                0x0800e8bc                USART_SmartCardNACKCmd
                0x0800e8fc                USART_IrDAConfig
                0x0800e934                USART_IrDACmd
                0x0800e974                USART_DMACmd
                0x0800e9bc                USART_ITConfig
                0x0800ea4c                USART_GetFlagStatus
                0x0800ea84                USART_ClearFlag
                0x0800eaa8                USART_GetITStatus
                0x0800eb60                USART_ClearITPendingBit
 .text          0x0800eb9c      0x138 Libraries\STM32F4xx_StdPeriph_Driver\src\stm32f4xx_wwdg.o
                0x0800eb9c                WWDG_DeInit
                0x0800ebb8                WWDG_SetPrescaler
                0x0800ebec                WWDG_SetWindowValue
                0x0800ec28                WWDG_EnableIT
                0x0800ec40                WWDG_SetCounter
                0x0800ec64                WWDG_Enable
                0x0800ec8c                WWDG_GetFlagStatus
                0x0800ecbc                WWDG_ClearFlag
 .text          0x0800ecd4       0xd8 src\main.o
                0x0800ecd4                init
                0x0800ed1c                loop
                0x0800ed68                delay
                0x0800ed98                main
 .text          0x0800edac       0x14 src\startup_stm32f40xx.o
 .text          0x0800edc0       0x70 src\stm32f4xx_it.o
                0x0800edc0                NMI_Handler
                0x0800edd0                HardFault_Handler
                0x0800edd8                MemManage_Handler
                0x0800ede0                BusFault_Handler
                0x0800ede8                UsageFault_Handler
                0x0800edf0                SVC_Handler
                0x0800ee00                DebugMon_Handler
                0x0800ee10                PendSV_Handler
                0x0800ee20                SysTick_Handler
 .text          0x0800ee30      0x260 src\system_stm32f4xx.o
                0x0800ee30                SystemInit
                0x0800ee9c                SystemCoreClockUpdate
 .text          0x0800f090      0x544 src\tiny_printf.o
                0x0800f090                ts_itoa
                0x0800f124                ts_formatstring
                0x0800f254                ts_formatlength
                0x0800f380                sprintf
                0x0800f380                siprintf
                0x0800f3ac                fiprintf
                0x0800f3ac                fprintf
                0x0800f448                printf
                0x0800f448                iprintf
                0x0800f4dc                fputs
                0x0800f544                puts
                0x0800f59c                fwrite
 .text          0x0800f5d4        0x0 c:/program files (x86)/atollic/truestudio for arm 7.1.2/armtools/bin/../lib/gcc/arm-atollic-eabi/5.3.1/../../../../arm-atollic-eabi/lib/armv7e-m/fpu\libc.a(lib_a-init.o)
 .text          0x0800f5d4       0x10 c:/program files (x86)/atollic/truestudio for arm 7.1.2/armtools/bin/../lib/gcc/arm-atollic-eabi/5.3.1/../../../../arm-atollic-eabi/lib/armv7e-m/fpu\libc.a(lib_a-strlen.o)
                0x0800f5d4                strlen
 .text          0x0800f5e4        0x0 c:/program files (x86)/atollic/truestudio for arm 7.1.2/armtools/bin/../lib/gcc/arm-atollic-eabi/5.3.1/../../../../arm-atollic-eabi/lib/armv7e-m/fpu\libnosys.a(write.o)
 .text          0x0800f5e4        0x0 c:/program files (x86)/atollic/truestudio for arm 7.1.2/armtools/bin/../lib/gcc/arm-atollic-eabi/5.3.1/../../../../arm-atollic-eabi/lib/armv7e-m/fpu\libnosys.a(errno.o)
 .text          0x0800f5e4        0x0 c:/program files (x86)/atollic/truestudio for arm 7.1.2/armtools/bin/../lib/gcc/arm-atollic-eabi/5.3.1/armv7e-m/fpu/crtend.o
 .text          0x0800f5e4        0x0 c:/program files (x86)/atollic/truestudio for arm 7.1.2/armtools/bin/../lib/gcc/arm-atollic-eabi/5.3.1/armv7e-m/fpu/crtn.o
 *(.text*)
 .text.Reset_Handler
                0x0800f5e4       0x50 src\startup_stm32f40xx.o
                0x0800f5e4                Reset_Handler
 .text.Default_Handler
                0x0800f634        0x2 src\startup_stm32f40xx.o
                0x0800f634                RTC_Alarm_IRQHandler
                0x0800f634                HASH_RNG_IRQHandler
                0x0800f634                EXTI2_IRQHandler
                0x0800f634                TIM8_CC_IRQHandler
                0x0800f634                TIM1_CC_IRQHandler
                0x0800f634                DMA2_Stream5_IRQHandler
                0x0800f634                DMA1_Stream5_IRQHandler
                0x0800f634                PVD_IRQHandler
                0x0800f634                SDIO_IRQHandler
                0x0800f634                TAMP_STAMP_IRQHandler
                0x0800f634                CAN2_RX1_IRQHandler
                0x0800f634                EXTI3_IRQHandler
                0x0800f634                TIM8_TRG_COM_TIM14_IRQHandler
                0x0800f634                TIM1_UP_TIM10_IRQHandler
                0x0800f634                TIM8_UP_TIM13_IRQHandler
                0x0800f634                I2C3_ER_IRQHandler
                0x0800f634                EXTI0_IRQHandler
                0x0800f634                I2C2_EV_IRQHandler
                0x0800f634                DMA1_Stream2_IRQHandler
                0x0800f634                CAN1_RX0_IRQHandler
                0x0800f634                FPU_IRQHandler
                0x0800f634                OTG_HS_WKUP_IRQHandler
                0x0800f634                CAN2_SCE_IRQHandler
                0x0800f634                DMA2_Stream2_IRQHandler
                0x0800f634                SPI1_IRQHandler
                0x0800f634                TIM6_DAC_IRQHandler
                0x0800f634                TIM1_BRK_TIM9_IRQHandler
                0x0800f634                DCMI_IRQHandler
                0x0800f634                CAN2_RX0_IRQHandler
                0x0800f634                DMA2_Stream3_IRQHandler
                0x0800f634                USART6_IRQHandler
                0x0800f634                USART3_IRQHandler
                0x0800f634                CRYP_IRQHandler
                0x0800f634                CAN1_RX1_IRQHandler
                0x0800f634                UART5_IRQHandler
                0x0800f634                DMA2_Stream0_IRQHandler
                0x0800f634                TIM4_IRQHandler
                0x0800f634                I2C1_EV_IRQHandler
                0x0800f634                DMA1_Stream6_IRQHandler
                0x0800f634                DMA1_Stream1_IRQHandler
                0x0800f634                UART4_IRQHandler
                0x0800f634                TIM3_IRQHandler
                0x0800f634                RCC_IRQHandler
                0x0800f634                TIM8_BRK_TIM12_IRQHandler
                0x0800f634                Default_Handler
                0x0800f634                EXTI15_10_IRQHandler
                0x0800f634                ADC_IRQHandler
                0x0800f634                DMA1_Stream7_IRQHandler
                0x0800f634                TIM7_IRQHandler
                0x0800f634                CAN2_TX_IRQHandler
                0x0800f634                TIM5_IRQHandler
                0x0800f634                DMA2_Stream7_IRQHandler
                0x0800f634                I2C3_EV_IRQHandler
                0x0800f634                EXTI9_5_IRQHandler
                0x0800f634                RTC_WKUP_IRQHandler
                0x0800f634                ETH_WKUP_IRQHandler
                0x0800f634                SPI2_IRQHandler
                0x0800f634                OTG_HS_EP1_IN_IRQHandler
                0x0800f634                DMA1_Stream0_IRQHandler
                0x0800f634                CAN1_TX_IRQHandler
                0x0800f634                EXTI4_IRQHandler
                0x0800f634                FSMC_IRQHandler
                0x0800f634                ETH_IRQHandler
                0x0800f634                OTG_HS_EP1_OUT_IRQHandler
                0x0800f634                WWDG_IRQHandler
                0x0800f634                TIM2_IRQHandler
                0x0800f634                OTG_FS_WKUP_IRQHandler
                0x0800f634                TIM1_TRG_COM_TIM11_IRQHandler
                0x0800f634                OTG_HS_IRQHandler
                0x0800f634                EXTI1_IRQHandler
                0x0800f634                USART2_IRQHandler
                0x0800f634                I2C2_ER_IRQHandler
                0x0800f634                DMA2_Stream1_IRQHandler
                0x0800f634                CAN1_SCE_IRQHandler
                0x0800f634                FLASH_IRQHandler
                0x0800f634                DMA2_Stream4_IRQHandler
                0x0800f634                USART1_IRQHandler
                0x0800f634                OTG_FS_IRQHandler
                0x0800f634                SPI3_IRQHandler
                0x0800f634                DMA1_Stream4_IRQHandler
                0x0800f634                I2C1_ER_IRQHandler
                0x0800f634                DMA2_Stream6_IRQHandler
                0x0800f634                DMA1_Stream3_IRQHandler
 *fill*         0x0800f636        0x2 
 .text.__libc_init_array
                0x0800f638       0x4c c:/program files (x86)/atollic/truestudio for arm 7.1.2/armtools/bin/../lib/gcc/arm-atollic-eabi/5.3.1/../../../../arm-atollic-eabi/lib/armv7e-m/fpu\libc.a(lib_a-init.o)
                0x0800f638                __libc_init_array
 .text._write   0x0800f684       0x10 c:/program files (x86)/atollic/truestudio for arm 7.1.2/armtools/bin/../lib/gcc/arm-atollic-eabi/5.3.1/../../../../arm-atollic-eabi/lib/armv7e-m/fpu\libnosys.a(write.o)
                0x0800f684                _write
 *(.glue_7)
 .glue_7        0x0800f694        0x0 linker stubs
 *(.glue_7t)
 .glue_7t       0x0800f694        0x0 linker stubs
 *(.eh_frame)
 .eh_frame      0x0800f694        0x0 c:/program files (x86)/atollic/truestudio for arm 7.1.2/armtools/bin/../lib/gcc/arm-atollic-eabi/5.3.1/armv7e-m/fpu/crtbegin.o
 .eh_frame      0x0800f694        0x4 c:/program files (x86)/atollic/truestudio for arm 7.1.2/armtools/bin/../lib/gcc/arm-atollic-eabi/5.3.1/armv7e-m/fpu/crtend.o
 *(.init)
 .init          0x0800f698        0x4 c:/program files (x86)/atollic/truestudio for arm 7.1.2/armtools/bin/../lib/gcc/arm-atollic-eabi/5.3.1/armv7e-m/fpu/crti.o
                0x0800f698                _init
 .init          0x0800f69c        0x8 c:/program files (x86)/atollic/truestudio for arm 7.1.2/armtools/bin/../lib/gcc/arm-atollic-eabi/5.3.1/armv7e-m/fpu/crtn.o
 *(.fini)
 .fini          0x0800f6a4        0x4 c:/program files (x86)/atollic/truestudio for arm 7.1.2/armtools/bin/../lib/gcc/arm-atollic-eabi/5.3.1/armv7e-m/fpu/crti.o
                0x0800f6a4                _fini
 .fini          0x0800f6a8        0x8 c:/program files (x86)/atollic/truestudio for arm 7.1.2/armtools/bin/../lib/gcc/arm-atollic-eabi/5.3.1/armv7e-m/fpu/crtn.o
                0x0800f6b0                . = ALIGN (0x4)
                0x0800f6b0                _etext = .

.vfp11_veneer   0x0800f6b0        0x0
 .vfp11_veneer  0x0800f6b0        0x0 linker stubs

.v4_bx          0x0800f6b0        0x0
 .v4_bx         0x0800f6b0        0x0 linker stubs

.iplt           0x0800f6b0        0x0
 .iplt          0x0800f6b0        0x0 c:/program files (x86)/atollic/truestudio for arm 7.1.2/armtools/bin/../lib/gcc/arm-atollic-eabi/5.3.1/armv7e-m/fpu/crtbegin.o

.rodata         0x0800f6b0        0xc
                0x0800f6b0                . = ALIGN (0x4)
 *(.rodata)
 .rodata        0x0800f6b0        0x8 src\main.o
                0x0800f6b0                LED
 .rodata        0x0800f6b8        0x2 src\tiny_printf.o
 *(.rodata*)
                0x0800f6bc                . = ALIGN (0x4)
 *fill*         0x0800f6ba        0x2 

.rel.dyn        0x0800f6bc        0x0
 .rel.iplt      0x0800f6bc        0x0 c:/program files (x86)/atollic/truestudio for arm 7.1.2/armtools/bin/../lib/gcc/arm-atollic-eabi/5.3.1/armv7e-m/fpu/crtbegin.o

.ARM.extab
 *(.ARM.extab* .gnu.linkonce.armextab.*)

.ARM            0x0800f6bc        0x0
                0x0800f6bc                __exidx_start = .
 *(.ARM.exidx*)
                0x0800f6bc                __exidx_end = .

.preinit_array  0x0800f6bc        0x0
                0x0800f6bc                PROVIDE (__preinit_array_start, .)
 *(.preinit_array*)
                0x0800f6bc                PROVIDE (__preinit_array_end, .)

.init_array     0x0800f6bc        0x4
                0x0800f6bc                PROVIDE (__init_array_start, .)
 *(SORT(.init_array.*))
 *(.init_array*)
 .init_array    0x0800f6bc        0x4 c:/program files (x86)/atollic/truestudio for arm 7.1.2/armtools/bin/../lib/gcc/arm-atollic-eabi/5.3.1/armv7e-m/fpu/crtbegin.o
                0x0800f6c0                PROVIDE (__init_array_end, .)

.fini_array     0x0800f6c0        0x4
                [!provide]                PROVIDE (__fini_array_start, .)
 *(SORT(.fini_array.*))
 *(.fini_array*)
 .fini_array    0x0800f6c0        0x4 c:/program files (x86)/atollic/truestudio for arm 7.1.2/armtools/bin/../lib/gcc/arm-atollic-eabi/5.3.1/armv7e-m/fpu/crtbegin.o
                [!provide]                PROVIDE (__fini_array_end, .)
                0x0800f6c4                _sidata = LOADADDR (.data)

.data           0x20000000       0x2c load address 0x0800f6c4
                0x20000000                . = ALIGN (0x4)
                0x20000000                _sdata = .
 *(.data)
 .data          0x20000000        0x0 c:/program files (x86)/atollic/truestudio for arm 7.1.2/armtools/bin/../lib/gcc/arm-atollic-eabi/5.3.1/armv7e-m/fpu/crti.o
 .data          0x20000000        0x4 c:/program files (x86)/atollic/truestudio for arm 7.1.2/armtools/bin/../lib/gcc/arm-atollic-eabi/5.3.1/armv7e-m/fpu/crtbegin.o
                0x20000000                __dso_handle
 .data          0x20000004        0x0 Libraries\STM32F4xx_StdPeriph_Driver\src\misc.o
 .data          0x20000004        0x0 Libraries\STM32F4xx_StdPeriph_Driver\src\stm32f4xx_adc.o
 .data          0x20000004        0x0 Libraries\STM32F4xx_StdPeriph_Driver\src\stm32f4xx_can.o
 .data          0x20000004        0x0 Libraries\STM32F4xx_StdPeriph_Driver\src\stm32f4xx_crc.o
 .data          0x20000004        0x0 Libraries\STM32F4xx_StdPeriph_Driver\src\stm32f4xx_cryp.o
 .data          0x20000004        0x0 Libraries\STM32F4xx_StdPeriph_Driver\src\stm32f4xx_cryp_aes.o
 .data          0x20000004        0x0 Libraries\STM32F4xx_StdPeriph_Driver\src\stm32f4xx_cryp_des.o
 .data          0x20000004        0x0 Libraries\STM32F4xx_StdPeriph_Driver\src\stm32f4xx_cryp_tdes.o
 .data          0x20000004        0x0 Libraries\STM32F4xx_StdPeriph_Driver\src\stm32f4xx_dac.o
 .data          0x20000004        0x0 Libraries\STM32F4xx_StdPeriph_Driver\src\stm32f4xx_dbgmcu.o
 .data          0x20000004        0x0 Libraries\STM32F4xx_StdPeriph_Driver\src\stm32f4xx_dcmi.o
 .data          0x20000004        0x0 Libraries\STM32F4xx_StdPeriph_Driver\src\stm32f4xx_dma.o
 .data          0x20000004        0x0 Libraries\STM32F4xx_StdPeriph_Driver\src\stm32f4xx_exti.o
 .data          0x20000004        0x0 Libraries\STM32F4xx_StdPeriph_Driver\src\stm32f4xx_flash.o
 .data          0x20000004        0x0 Libraries\STM32F4xx_StdPeriph_Driver\src\stm32f4xx_fsmc.o
 .data          0x20000004        0x0 Libraries\STM32F4xx_StdPeriph_Driver\src\stm32f4xx_gpio.o
 .data          0x20000004        0x0 Libraries\STM32F4xx_StdPeriph_Driver\src\stm32f4xx_hash.o
 .data          0x20000004        0x0 Libraries\STM32F4xx_StdPeriph_Driver\src\stm32f4xx_hash_md5.o
 .data          0x20000004        0x0 Libraries\STM32F4xx_StdPeriph_Driver\src\stm32f4xx_hash_sha1.o
 .data          0x20000004        0x0 Libraries\STM32F4xx_StdPeriph_Driver\src\stm32f4xx_i2c.o
 .data          0x20000004        0x0 Libraries\STM32F4xx_StdPeriph_Driver\src\stm32f4xx_iwdg.o
 .data          0x20000004        0x0 Libraries\STM32F4xx_StdPeriph_Driver\src\stm32f4xx_pwr.o
 .data          0x20000004       0x10 Libraries\STM32F4xx_StdPeriph_Driver\src\stm32f4xx_rcc.o
 .data          0x20000014        0x0 Libraries\STM32F4xx_StdPeriph_Driver\src\stm32f4xx_rng.o
 .data          0x20000014        0x0 Libraries\STM32F4xx_StdPeriph_Driver\src\stm32f4xx_rtc.o
 .data          0x20000014        0x0 Libraries\STM32F4xx_StdPeriph_Driver\src\stm32f4xx_sdio.o
 .data          0x20000014        0x0 Libraries\STM32F4xx_StdPeriph_Driver\src\stm32f4xx_spi.o
 .data          0x20000014        0x0 Libraries\STM32F4xx_StdPeriph_Driver\src\stm32f4xx_syscfg.o
 .data          0x20000014        0x0 Libraries\STM32F4xx_StdPeriph_Driver\src\stm32f4xx_tim.o
 .data          0x20000014        0x0 Libraries\STM32F4xx_StdPeriph_Driver\src\stm32f4xx_usart.o
 .data          0x20000014        0x0 Libraries\STM32F4xx_StdPeriph_Driver\src\stm32f4xx_wwdg.o
 .data          0x20000014        0x2 src\main.o
                0x20000014                LEDS
 .data          0x20000016        0x0 src\startup_stm32f40xx.o
 .data          0x20000016        0x0 src\stm32f4xx_it.o
 *fill*         0x20000016        0x2 
 .data          0x20000018       0x14 src\system_stm32f4xx.o
                0x20000018                SystemCoreClock
                0x2000001c                AHBPrescTable
 .data          0x2000002c        0x0 src\tiny_printf.o
 .data          0x2000002c        0x0 c:/program files (x86)/atollic/truestudio for arm 7.1.2/armtools/bin/../lib/gcc/arm-atollic-eabi/5.3.1/../../../../arm-atollic-eabi/lib/armv7e-m/fpu\libc.a(lib_a-init.o)
 .data          0x2000002c        0x0 c:/program files (x86)/atollic/truestudio for arm 7.1.2/armtools/bin/../lib/gcc/arm-atollic-eabi/5.3.1/../../../../arm-atollic-eabi/lib/armv7e-m/fpu\libc.a(lib_a-strlen.o)
 .data          0x2000002c        0x0 c:/program files (x86)/atollic/truestudio for arm 7.1.2/armtools/bin/../lib/gcc/arm-atollic-eabi/5.3.1/../../../../arm-atollic-eabi/lib/armv7e-m/fpu\libnosys.a(write.o)
 .data          0x2000002c        0x0 c:/program files (x86)/atollic/truestudio for arm 7.1.2/armtools/bin/../lib/gcc/arm-atollic-eabi/5.3.1/../../../../arm-atollic-eabi/lib/armv7e-m/fpu\libnosys.a(errno.o)
 .data          0x2000002c        0x0 c:/program files (x86)/atollic/truestudio for arm 7.1.2/armtools/bin/../lib/gcc/arm-atollic-eabi/5.3.1/armv7e-m/fpu/crtend.o
 .data          0x2000002c        0x0 c:/program files (x86)/atollic/truestudio for arm 7.1.2/armtools/bin/../lib/gcc/arm-atollic-eabi/5.3.1/armv7e-m/fpu/crtn.o
 *(.data*)
                0x2000002c                . = ALIGN (0x4)
                0x2000002c                _edata = .
                0x0800f6f0                _siccmram = LOADADDR (.ccmram)

.igot.plt       0x2000002c        0x0 load address 0x0800f6f0
 .igot.plt      0x2000002c        0x0 c:/program files (x86)/atollic/truestudio for arm 7.1.2/armtools/bin/../lib/gcc/arm-atollic-eabi/5.3.1/armv7e-m/fpu/crtbegin.o

.ccmram         0x10000000        0x0 load address 0x0800f6f0
                0x10000000                . = ALIGN (0x4)
                0x10000000                _sccmram = .
 *(.ccmram)
 *(.ccmram*)
                0x10000000                . = ALIGN (0x4)
                0x10000000                _eccmram = .
                0x10000000                . = ALIGN (0x4)

.bss            0x2000002c       0x24
                0x2000002c                _sbss = .
                0x2000002c                __bss_start__ = _sbss
 *(.bss)
 .bss           0x2000002c        0x0 c:/program files (x86)/atollic/truestudio for arm 7.1.2/armtools/bin/../lib/gcc/arm-atollic-eabi/5.3.1/armv7e-m/fpu/crti.o
 .bss           0x2000002c       0x1c c:/program files (x86)/atollic/truestudio for arm 7.1.2/armtools/bin/../lib/gcc/arm-atollic-eabi/5.3.1/armv7e-m/fpu/crtbegin.o
 .bss           0x20000048        0x0 Libraries\STM32F4xx_StdPeriph_Driver\src\misc.o
 .bss           0x20000048        0x0 Libraries\STM32F4xx_StdPeriph_Driver\src\stm32f4xx_adc.o
 .bss           0x20000048        0x0 Libraries\STM32F4xx_StdPeriph_Driver\src\stm32f4xx_can.o
 .bss           0x20000048        0x0 Libraries\STM32F4xx_StdPeriph_Driver\src\stm32f4xx_crc.o
 .bss           0x20000048        0x0 Libraries\STM32F4xx_StdPeriph_Driver\src\stm32f4xx_cryp.o
 .bss           0x20000048        0x0 Libraries\STM32F4xx_StdPeriph_Driver\src\stm32f4xx_cryp_aes.o
 .bss           0x20000048        0x0 Libraries\STM32F4xx_StdPeriph_Driver\src\stm32f4xx_cryp_des.o
 .bss           0x20000048        0x0 Libraries\STM32F4xx_StdPeriph_Driver\src\stm32f4xx_cryp_tdes.o
 .bss           0x20000048        0x0 Libraries\STM32F4xx_StdPeriph_Driver\src\stm32f4xx_dac.o
 .bss           0x20000048        0x0 Libraries\STM32F4xx_StdPeriph_Driver\src\stm32f4xx_dbgmcu.o
 .bss           0x20000048        0x0 Libraries\STM32F4xx_StdPeriph_Driver\src\stm32f4xx_dcmi.o
 .bss           0x20000048        0x0 Libraries\STM32F4xx_StdPeriph_Driver\src\stm32f4xx_dma.o
 .bss           0x20000048        0x0 Libraries\STM32F4xx_StdPeriph_Driver\src\stm32f4xx_exti.o
 .bss           0x20000048        0x0 Libraries\STM32F4xx_StdPeriph_Driver\src\stm32f4xx_flash.o
 .bss           0x20000048        0x0 Libraries\STM32F4xx_StdPeriph_Driver\src\stm32f4xx_fsmc.o
 .bss           0x20000048        0x0 Libraries\STM32F4xx_StdPeriph_Driver\src\stm32f4xx_gpio.o
 .bss           0x20000048        0x0 Libraries\STM32F4xx_StdPeriph_Driver\src\stm32f4xx_hash.o
 .bss           0x20000048        0x0 Libraries\STM32F4xx_StdPeriph_Driver\src\stm32f4xx_hash_md5.o
 .bss           0x20000048        0x0 Libraries\STM32F4xx_StdPeriph_Driver\src\stm32f4xx_hash_sha1.o
 .bss           0x20000048        0x0 Libraries\STM32F4xx_StdPeriph_Driver\src\stm32f4xx_i2c.o
 .bss           0x20000048        0x0 Libraries\STM32F4xx_StdPeriph_Driver\src\stm32f4xx_iwdg.o
 .bss           0x20000048        0x0 Libraries\STM32F4xx_StdPeriph_Driver\src\stm32f4xx_pwr.o
 .bss           0x20000048        0x0 Libraries\STM32F4xx_StdPeriph_Driver\src\stm32f4xx_rcc.o
 .bss           0x20000048        0x0 Libraries\STM32F4xx_StdPeriph_Driver\src\stm32f4xx_rng.o
 .bss           0x20000048        0x0 Libraries\STM32F4xx_StdPeriph_Driver\src\stm32f4xx_rtc.o
 .bss           0x20000048        0x0 Libraries\STM32F4xx_StdPeriph_Driver\src\stm32f4xx_sdio.o
 .bss           0x20000048        0x0 Libraries\STM32F4xx_StdPeriph_Driver\src\stm32f4xx_spi.o
 .bss           0x20000048        0x0 Libraries\STM32F4xx_StdPeriph_Driver\src\stm32f4xx_syscfg.o
 .bss           0x20000048        0x0 Libraries\STM32F4xx_StdPeriph_Driver\src\stm32f4xx_tim.o
 .bss           0x20000048        0x0 Libraries\STM32F4xx_StdPeriph_Driver\src\stm32f4xx_usart.o
 .bss           0x20000048        0x0 Libraries\STM32F4xx_StdPeriph_Driver\src\stm32f4xx_wwdg.o
 .bss           0x20000048        0x4 src\main.o
 .bss           0x2000004c        0x0 src\startup_stm32f40xx.o
 .bss           0x2000004c        0x0 src\stm32f4xx_it.o
 .bss           0x2000004c        0x0 src\system_stm32f4xx.o
 .bss           0x2000004c        0x0 src\tiny_printf.o
 .bss           0x2000004c        0x0 c:/program files (x86)/atollic/truestudio for arm 7.1.2/armtools/bin/../lib/gcc/arm-atollic-eabi/5.3.1/../../../../arm-atollic-eabi/lib/armv7e-m/fpu\libc.a(lib_a-init.o)
 .bss           0x2000004c        0x0 c:/program files (x86)/atollic/truestudio for arm 7.1.2/armtools/bin/../lib/gcc/arm-atollic-eabi/5.3.1/../../../../arm-atollic-eabi/lib/armv7e-m/fpu\libc.a(lib_a-strlen.o)
 .bss           0x2000004c        0x0 c:/program files (x86)/atollic/truestudio for arm 7.1.2/armtools/bin/../lib/gcc/arm-atollic-eabi/5.3.1/../../../../arm-atollic-eabi/lib/armv7e-m/fpu\libnosys.a(write.o)
 .bss           0x2000004c        0x0 c:/program files (x86)/atollic/truestudio for arm 7.1.2/armtools/bin/../lib/gcc/arm-atollic-eabi/5.3.1/../../../../arm-atollic-eabi/lib/armv7e-m/fpu\libnosys.a(errno.o)
 .bss           0x2000004c        0x0 c:/program files (x86)/atollic/truestudio for arm 7.1.2/armtools/bin/../lib/gcc/arm-atollic-eabi/5.3.1/armv7e-m/fpu/crtend.o
 .bss           0x2000004c        0x0 c:/program files (x86)/atollic/truestudio for arm 7.1.2/armtools/bin/../lib/gcc/arm-atollic-eabi/5.3.1/armv7e-m/fpu/crtn.o
 *(.bss*)
 *(COMMON)
 COMMON         0x2000004c        0x4 c:/program files (x86)/atollic/truestudio for arm 7.1.2/armtools/bin/../lib/gcc/arm-atollic-eabi/5.3.1/../../../../arm-atollic-eabi/lib/armv7e-m/fpu\libnosys.a(errno.o)
                0x2000004c                errno
                0x20000050                . = ALIGN (0x4)
                0x20000050                _ebss = .
                0x20000050                __bss_end__ = _ebss

._user_heap_stack
                0x20000050      0x400
                0x20000050                . = ALIGN (0x4)
                [!provide]                PROVIDE (end, .)
                [!provide]                PROVIDE (_end, .)
                0x20000050                . = (. + _Min_Heap_Size)
                0x20000450                . = (. + _Min_Stack_Size)
 *fill*         0x20000050      0x400 
                0x20000450                . = ALIGN (0x4)

.memory_b1_text
 *(.mb1text)
 *(.mb1text*)
 *(.mb1rodata)
 *(.mb1rodata*)

/DISCARD/
 libc.a(*)
 libm.a(*)
 libgcc.a(*)

.ARM.attributes
                0x00000000       0x30
 *(.ARM.attributes)
 .ARM.attributes
                0x00000000       0x22 c:/program files (x86)/atollic/truestudio for arm 7.1.2/armtools/bin/../lib/gcc/arm-atollic-eabi/5.3.1/armv7e-m/fpu/crti.o
 .ARM.attributes
                0x00000022       0x34 c:/program files (x86)/atollic/truestudio for arm 7.1.2/armtools/bin/../lib/gcc/arm-atollic-eabi/5.3.1/armv7e-m/fpu/crtbegin.o
 .ARM.attributes
                0x00000056       0x39 Libraries\STM32F4xx_StdPeriph_Driver\src\misc.o
 .ARM.attributes
                0x0000008f       0x39 Libraries\STM32F4xx_StdPeriph_Driver\src\stm32f4xx_adc.o
 .ARM.attributes
                0x000000c8       0x39 Libraries\STM32F4xx_StdPeriph_Driver\src\stm32f4xx_can.o
 .ARM.attributes
                0x00000101       0x39 Libraries\STM32F4xx_StdPeriph_Driver\src\stm32f4xx_crc.o
 .ARM.attributes
                0x0000013a       0x39 Libraries\STM32F4xx_StdPeriph_Driver\src\stm32f4xx_cryp.o
 .ARM.attributes
                0x00000173       0x39 Libraries\STM32F4xx_StdPeriph_Driver\src\stm32f4xx_cryp_aes.o
 .ARM.attributes
                0x000001ac       0x39 Libraries\STM32F4xx_StdPeriph_Driver\src\stm32f4xx_cryp_des.o
 .ARM.attributes
                0x000001e5       0x39 Libraries\STM32F4xx_StdPeriph_Driver\src\stm32f4xx_cryp_tdes.o
 .ARM.attributes
                0x0000021e       0x39 Libraries\STM32F4xx_StdPeriph_Driver\src\stm32f4xx_dac.o
 .ARM.attributes
                0x00000257       0x39 Libraries\STM32F4xx_StdPeriph_Driver\src\stm32f4xx_dbgmcu.o
 .ARM.attributes
                0x00000290       0x39 Libraries\STM32F4xx_StdPeriph_Driver\src\stm32f4xx_dcmi.o
 .ARM.attributes
                0x000002c9       0x39 Libraries\STM32F4xx_StdPeriph_Driver\src\stm32f4xx_dma.o
 .ARM.attributes
                0x00000302       0x39 Libraries\STM32F4xx_StdPeriph_Driver\src\stm32f4xx_exti.o
 .ARM.attributes
                0x0000033b       0x39 Libraries\STM32F4xx_StdPeriph_Driver\src\stm32f4xx_flash.o
 .ARM.attributes
                0x00000374       0x39 Libraries\STM32F4xx_StdPeriph_Driver\src\stm32f4xx_fsmc.o
 .ARM.attributes
                0x000003ad       0x39 Libraries\STM32F4xx_StdPeriph_Driver\src\stm32f4xx_gpio.o
 .ARM.attributes
                0x000003e6       0x39 Libraries\STM32F4xx_StdPeriph_Driver\src\stm32f4xx_hash.o
 .ARM.attributes
                0x0000041f       0x39 Libraries\STM32F4xx_StdPeriph_Driver\src\stm32f4xx_hash_md5.o
 .ARM.attributes
                0x00000458       0x39 Libraries\STM32F4xx_StdPeriph_Driver\src\stm32f4xx_hash_sha1.o
 .ARM.attributes
                0x00000491       0x39 Libraries\STM32F4xx_StdPeriph_Driver\src\stm32f4xx_i2c.o
 .ARM.attributes
                0x000004ca       0x39 Libraries\STM32F4xx_StdPeriph_Driver\src\stm32f4xx_iwdg.o
 .ARM.attributes
                0x00000503       0x39 Libraries\STM32F4xx_StdPeriph_Driver\src\stm32f4xx_pwr.o
 .ARM.attributes
                0x0000053c       0x39 Libraries\STM32F4xx_StdPeriph_Driver\src\stm32f4xx_rcc.o
 .ARM.attributes
                0x00000575       0x39 Libraries\STM32F4xx_StdPeriph_Driver\src\stm32f4xx_rng.o
 .ARM.attributes
                0x000005ae       0x39 Libraries\STM32F4xx_StdPeriph_Driver\src\stm32f4xx_rtc.o
 .ARM.attributes
                0x000005e7       0x39 Libraries\STM32F4xx_StdPeriph_Driver\src\stm32f4xx_sdio.o
 .ARM.attributes
                0x00000620       0x39 Libraries\STM32F4xx_StdPeriph_Driver\src\stm32f4xx_spi.o
 .ARM.attributes
                0x00000659       0x39 Libraries\STM32F4xx_StdPeriph_Driver\src\stm32f4xx_syscfg.o
 .ARM.attributes
                0x00000692       0x39 Libraries\STM32F4xx_StdPeriph_Driver\src\stm32f4xx_tim.o
 .ARM.attributes
                0x000006cb       0x39 Libraries\STM32F4xx_StdPeriph_Driver\src\stm32f4xx_usart.o
 .ARM.attributes
                0x00000704       0x39 Libraries\STM32F4xx_StdPeriph_Driver\src\stm32f4xx_wwdg.o
 .ARM.attributes
                0x0000073d       0x39 src\main.o
 .ARM.attributes
                0x00000776       0x21 src\startup_stm32f40xx.o
 .ARM.attributes
                0x00000797       0x39 src\stm32f4xx_it.o
 .ARM.attributes
                0x000007d0       0x39 src\system_stm32f4xx.o
 .ARM.attributes
                0x00000809       0x39 src\tiny_printf.o
 .ARM.attributes
                0x00000842       0x34 c:/program files (x86)/atollic/truestudio for arm 7.1.2/armtools/bin/../lib/gcc/arm-atollic-eabi/5.3.1/../../../../arm-atollic-eabi/lib/armv7e-m/fpu\libc.a(lib_a-init.o)
 .ARM.attributes
                0x00000876       0x1b c:/program files (x86)/atollic/truestudio for arm 7.1.2/armtools/bin/../lib/gcc/arm-atollic-eabi/5.3.1/../../../../arm-atollic-eabi/lib/armv7e-m/fpu\libc.a(lib_a-strlen.o)
 .ARM.attributes
                0x00000891       0x34 c:/program files (x86)/atollic/truestudio for arm 7.1.2/armtools/bin/../lib/gcc/arm-atollic-eabi/5.3.1/../../../../arm-atollic-eabi/lib/armv7e-m/fpu\libnosys.a(write.o)
 .ARM.attributes
                0x000008c5       0x34 c:/program files (x86)/atollic/truestudio for arm 7.1.2/armtools/bin/../lib/gcc/arm-atollic-eabi/5.3.1/../../../../arm-atollic-eabi/lib/armv7e-m/fpu\libnosys.a(errno.o)
 .ARM.attributes
                0x000008f9       0x34 c:/program files (x86)/atollic/truestudio for arm 7.1.2/armtools/bin/../lib/gcc/arm-atollic-eabi/5.3.1/armv7e-m/fpu/crtend.o
 .ARM.attributes
                0x0000092d       0x22 c:/program files (x86)/atollic/truestudio for arm 7.1.2/armtools/bin/../lib/gcc/arm-atollic-eabi/5.3.1/armv7e-m/fpu/crtn.o
OUTPUT(efalke.elf elf32-littlearm)

.debug_info     0x00000000    0x119f7
 .debug_info    0x00000000      0x55a Libraries\STM32F4xx_StdPeriph_Driver\src\misc.o
 .debug_info    0x0000055a      0xc44 Libraries\STM32F4xx_StdPeriph_Driver\src\stm32f4xx_adc.o
 .debug_info    0x0000119e      0xba8 Libraries\STM32F4xx_StdPeriph_Driver\src\stm32f4xx_can.o
 .debug_info    0x00001d46      0x20c Libraries\STM32F4xx_StdPeriph_Driver\src\stm32f4xx_crc.o
 .debug_info    0x00001f52      0x87e Libraries\STM32F4xx_StdPeriph_Driver\src\stm32f4xx_cryp.o
 .debug_info    0x000027d0     0x1f2d Libraries\STM32F4xx_StdPeriph_Driver\src\stm32f4xx_cryp_aes.o
 .debug_info    0x000046fd      0x567 Libraries\STM32F4xx_StdPeriph_Driver\src\stm32f4xx_cryp_des.o
 .debug_info    0x00004c64      0x6e6 Libraries\STM32F4xx_StdPeriph_Driver\src\stm32f4xx_cryp_tdes.o
 .debug_info    0x0000534a      0x649 Libraries\STM32F4xx_StdPeriph_Driver\src\stm32f4xx_dac.o
 .debug_info    0x00005993      0x1e4 Libraries\STM32F4xx_StdPeriph_Driver\src\stm32f4xx_dbgmcu.o
 .debug_info    0x00005b77      0x558 Libraries\STM32F4xx_StdPeriph_Driver\src\stm32f4xx_dcmi.o
 .debug_info    0x000060cf      0x745 Libraries\STM32F4xx_StdPeriph_Driver\src\stm32f4xx_dma.o
 .debug_info    0x00006814      0x35b Libraries\STM32F4xx_StdPeriph_Driver\src\stm32f4xx_exti.o
 .debug_info    0x00006b6f      0x793 Libraries\STM32F4xx_StdPeriph_Driver\src\stm32f4xx_flash.o
 .debug_info    0x00007302      0x901 Libraries\STM32F4xx_StdPeriph_Driver\src\stm32f4xx_fsmc.o
 .debug_info    0x00007c03      0x621 Libraries\STM32F4xx_StdPeriph_Driver\src\stm32f4xx_gpio.o
 .debug_info    0x00008224      0x5c7 Libraries\STM32F4xx_StdPeriph_Driver\src\stm32f4xx_hash.o
 .debug_info    0x000087eb      0x4fe Libraries\STM32F4xx_StdPeriph_Driver\src\stm32f4xx_hash_md5.o
 .debug_info    0x00008ce9      0x55e Libraries\STM32F4xx_StdPeriph_Driver\src\stm32f4xx_hash_sha1.o
 .debug_info    0x00009247      0xb97 Libraries\STM32F4xx_StdPeriph_Driver\src\stm32f4xx_i2c.o
 .debug_info    0x00009dde      0x212 Libraries\STM32F4xx_StdPeriph_Driver\src\stm32f4xx_iwdg.o
 .debug_info    0x00009ff0      0x516 Libraries\STM32F4xx_StdPeriph_Driver\src\stm32f4xx_pwr.o
 .debug_info    0x0000a506      0xc8d Libraries\STM32F4xx_StdPeriph_Driver\src\stm32f4xx_rcc.o
 .debug_info    0x0000b193      0x28b Libraries\STM32F4xx_StdPeriph_Driver\src\stm32f4xx_rng.o
 .debug_info    0x0000b41e     0x10ef Libraries\STM32F4xx_StdPeriph_Driver\src\stm32f4xx_rtc.o
 .debug_info    0x0000c50d      0x801 Libraries\STM32F4xx_StdPeriph_Driver\src\stm32f4xx_sdio.o
 .debug_info    0x0000cd0e      0xb13 Libraries\STM32F4xx_StdPeriph_Driver\src\stm32f4xx_spi.o
 .debug_info    0x0000d821      0x278 Libraries\STM32F4xx_StdPeriph_Driver\src\stm32f4xx_syscfg.o
 .debug_info    0x0000da99     0x1c6d Libraries\STM32F4xx_StdPeriph_Driver\src\stm32f4xx_tim.o
 .debug_info    0x0000f706      0x9ce Libraries\STM32F4xx_StdPeriph_Driver\src\stm32f4xx_usart.o
 .debug_info    0x000100d4      0x250 Libraries\STM32F4xx_StdPeriph_Driver\src\stm32f4xx_wwdg.o
 .debug_info    0x00010324      0x37d src\main.o
 .debug_info    0x000106a1       0x82 src\startup_stm32f40xx.o
 .debug_info    0x00010723      0x133 src\stm32f4xx_it.o
 .debug_info    0x00010856      0x5d6 src\system_stm32f4xx.o
 .debug_info    0x00010e2c      0xbcb src\tiny_printf.o

.debug_abbrev   0x00000000     0x33ae
 .debug_abbrev  0x00000000      0x149 Libraries\STM32F4xx_StdPeriph_Driver\src\misc.o
 .debug_abbrev  0x00000149      0x19a Libraries\STM32F4xx_StdPeriph_Driver\src\stm32f4xx_adc.o
 .debug_abbrev  0x000002e3      0x1f7 Libraries\STM32F4xx_StdPeriph_Driver\src\stm32f4xx_can.o
 .debug_abbrev  0x000004da      0x116 Libraries\STM32F4xx_StdPeriph_Driver\src\stm32f4xx_crc.o
 .debug_abbrev  0x000005f0      0x1a6 Libraries\STM32F4xx_StdPeriph_Driver\src\stm32f4xx_cryp.o
 .debug_abbrev  0x00000796      0x1ec Libraries\STM32F4xx_StdPeriph_Driver\src\stm32f4xx_cryp_aes.o
 .debug_abbrev  0x00000982      0x162 Libraries\STM32F4xx_StdPeriph_Driver\src\stm32f4xx_cryp_des.o
 .debug_abbrev  0x00000ae4      0x171 Libraries\STM32F4xx_StdPeriph_Driver\src\stm32f4xx_cryp_tdes.o
 .debug_abbrev  0x00000c55      0x180 Libraries\STM32F4xx_StdPeriph_Driver\src\stm32f4xx_dac.o
 .debug_abbrev  0x00000dd5       0xe2 Libraries\STM32F4xx_StdPeriph_Driver\src\stm32f4xx_dbgmcu.o
[...]
TIM1_TRG_COM_TIM11_IRQHandler                     src\startup_stm32f40xx.o
TIM1_UP_TIM10_IRQHandler                          src\startup_stm32f40xx.o
TIM2_IRQHandler                                   src\startup_stm32f40xx.o
TIM3_IRQHandler                                   src\startup_stm32f40xx.o
TIM4_IRQHandler                                   src\startup_stm32f40xx.o
TIM5_IRQHandler                                   src\startup_stm32f40xx.o
TIM6_DAC_IRQHandler                               src\startup_stm32f40xx.o
TIM7_IRQHandler                                   src\startup_stm32f40xx.o
TIM8_BRK_TIM12_IRQHandler                         src\startup_stm32f40xx.o
TIM8_CC_IRQHandler                                src\startup_stm32f40xx.o
TIM8_TRG_COM_TIM14_IRQHandler                     src\startup_stm32f40xx.o
TIM8_UP_TIM13_IRQHandler                          src\startup_stm32f40xx.o
TIM_ARRPreloadConfig                              Libraries\STM32F4xx_StdPeriph_Driver\src\stm32f4xx_tim.o
TIM_BDTRConfig                                    Libraries\STM32F4xx_StdPeriph_Driver\src\stm32f4xx_tim.o
TIM_BDTRStructInit                                Libraries\STM32F4xx_StdPeriph_Driver\src\stm32f4xx_tim.o
TIM_CCPreloadControl                              Libraries\STM32F4xx_StdPeriph_Driver\src\stm32f4xx_tim.o
TIM_CCxCmd                                        Libraries\STM32F4xx_StdPeriph_Driver\src\stm32f4xx_tim.o
TIM_CCxNCmd                                       Libraries\STM32F4xx_StdPeriph_Driver\src\stm32f4xx_tim.o
TIM_ClearFlag                                     Libraries\STM32F4xx_StdPeriph_Driver\src\stm32f4xx_tim.o
TIM_ClearITPendingBit                             Libraries\STM32F4xx_StdPeriph_Driver\src\stm32f4xx_tim.o
TIM_ClearOC1Ref                                   Libraries\STM32F4xx_StdPeriph_Driver\src\stm32f4xx_tim.o
TIM_ClearOC2Ref                                   Libraries\STM32F4xx_StdPeriph_Driver\src\stm32f4xx_tim.o
TIM_ClearOC3Ref                                   Libraries\STM32F4xx_StdPeriph_Driver\src\stm32f4xx_tim.o
TIM_ClearOC4Ref                                   Libraries\STM32F4xx_StdPeriph_Driver\src\stm32f4xx_tim.o
TIM_Cmd                                           Libraries\STM32F4xx_StdPeriph_Driver\src\stm32f4xx_tim.o
TIM_CounterModeConfig                             Libraries\STM32F4xx_StdPeriph_Driver\src\stm32f4xx_tim.o
TIM_CtrlPWMOutputs                                Libraries\STM32F4xx_StdPeriph_Driver\src\stm32f4xx_tim.o
TIM_DMACmd                                        Libraries\STM32F4xx_StdPeriph_Driver\src\stm32f4xx_tim.o
TIM_DMAConfig                                     Libraries\STM32F4xx_StdPeriph_Driver\src\stm32f4xx_tim.o
TIM_DeInit                                        Libraries\STM32F4xx_StdPeriph_Driver\src\stm32f4xx_tim.o
TIM_ETRClockMode1Config                           Libraries\STM32F4xx_StdPeriph_Driver\src\stm32f4xx_tim.o
TIM_ETRClockMode2Config                           Libraries\STM32F4xx_StdPeriph_Driver\src\stm32f4xx_tim.o
TIM_ETRConfig                                     Libraries\STM32F4xx_StdPeriph_Driver\src\stm32f4xx_tim.o
TIM_EncoderInterfaceConfig                        Libraries\STM32F4xx_StdPeriph_Driver\src\stm32f4xx_tim.o
TIM_ForcedOC1Config                               Libraries\STM32F4xx_StdPeriph_Driver\src\stm32f4xx_tim.o
TIM_ForcedOC2Config                               Libraries\STM32F4xx_StdPeriph_Driver\src\stm32f4xx_tim.o
TIM_ForcedOC3Config                               Libraries\STM32F4xx_StdPeriph_Driver\src\stm32f4xx_tim.o
TIM_ForcedOC4Config                               Libraries\STM32F4xx_StdPeriph_Driver\src\stm32f4xx_tim.o
TIM_GenerateEvent                                 Libraries\STM32F4xx_StdPeriph_Driver\src\stm32f4xx_tim.o
TIM_GetCapture1                                   Libraries\STM32F4xx_StdPeriph_Driver\src\stm32f4xx_tim.o
TIM_GetCapture2                                   Libraries\STM32F4xx_StdPeriph_Driver\src\stm32f4xx_tim.o
TIM_GetCapture3                                   Libraries\STM32F4xx_StdPeriph_Driver\src\stm32f4xx_tim.o
TIM_GetCapture4                                   Libraries\STM32F4xx_StdPeriph_Driver\src\stm32f4xx_tim.o
TIM_GetCounter                                    Libraries\STM32F4xx_StdPeriph_Driver\src\stm32f4xx_tim.o
TIM_GetFlagStatus                                 Libraries\STM32F4xx_StdPeriph_Driver\src\stm32f4xx_tim.o
TIM_GetITStatus                                   Libraries\STM32F4xx_StdPeriph_Driver\src\stm32f4xx_tim.o
TIM_GetPrescaler                                  Libraries\STM32F4xx_StdPeriph_Driver\src\stm32f4xx_tim.o
TIM_ICInit                                        Libraries\STM32F4xx_StdPeriph_Driver\src\stm32f4xx_tim.o
TIM_ICStructInit                                  Libraries\STM32F4xx_StdPeriph_Driver\src\stm32f4xx_tim.o
TIM_ITConfig                                      Libraries\STM32F4xx_StdPeriph_Driver\src\stm32f4xx_tim.o
TIM_ITRxExternalClockConfig                       Libraries\STM32F4xx_StdPeriph_Driver\src\stm32f4xx_tim.o
TIM_InternalClockConfig                           Libraries\STM32F4xx_StdPeriph_Driver\src\stm32f4xx_tim.o
TIM_OC1FastConfig                                 Libraries\STM32F4xx_StdPeriph_Driver\src\stm32f4xx_tim.o
TIM_OC1Init                                       Libraries\STM32F4xx_StdPeriph_Driver\src\stm32f4xx_tim.o
TIM_OC1NPolarityConfig                            Libraries\STM32F4xx_StdPeriph_Driver\src\stm32f4xx_tim.o
TIM_OC1PolarityConfig                             Libraries\STM32F4xx_StdPeriph_Driver\src\stm32f4xx_tim.o
TIM_OC1PreloadConfig                              Libraries\STM32F4xx_StdPeriph_Driver\src\stm32f4xx_tim.o
TIM_OC2FastConfig                                 Libraries\STM32F4xx_StdPeriph_Driver\src\stm32f4xx_tim.o
TIM_OC2Init                                       Libraries\STM32F4xx_StdPeriph_Driver\src\stm32f4xx_tim.o
TIM_OC2NPolarityConfig                            Libraries\STM32F4xx_StdPeriph_Driver\src\stm32f4xx_tim.o
TIM_OC2PolarityConfig                             Libraries\STM32F4xx_StdPeriph_Driver\src\stm32f4xx_tim.o
TIM_OC2PreloadConfig                              Libraries\STM32F4xx_StdPeriph_Driver\src\stm32f4xx_tim.o
TIM_OC3FastConfig                                 Libraries\STM32F4xx_StdPeriph_Driver\src\stm32f4xx_tim.o
TIM_OC3Init                                       Libraries\STM32F4xx_StdPeriph_Driver\src\stm32f4xx_tim.o
TIM_OC3NPolarityConfig                            Libraries\STM32F4xx_StdPeriph_Driver\src\stm32f4xx_tim.o
TIM_OC3PolarityConfig                             Libraries\STM32F4xx_StdPeriph_Driver\src\stm32f4xx_tim.o
TIM_OC3PreloadConfig                              Libraries\STM32F4xx_StdPeriph_Driver\src\stm32f4xx_tim.o
TIM_OC4FastConfig                                 Libraries\STM32F4xx_StdPeriph_Driver\src\stm32f4xx_tim.o
TIM_OC4Init                                       Libraries\STM32F4xx_StdPeriph_Driver\src\stm32f4xx_tim.o
TIM_OC4PolarityConfig                             Libraries\STM32F4xx_StdPeriph_Driver\src\stm32f4xx_tim.o
TIM_OC4PreloadConfig                              Libraries\STM32F4xx_StdPeriph_Driver\src\stm32f4xx_tim.o
TIM_OCStructInit                                  Libraries\STM32F4xx_StdPeriph_Driver\src\stm32f4xx_tim.o
TIM_PWMIConfig                                    Libraries\STM32F4xx_StdPeriph_Driver\src\stm32f4xx_tim.o
TIM_PrescalerConfig                               Libraries\STM32F4xx_StdPeriph_Driver\src\stm32f4xx_tim.o
TIM_RemapConfig                                   Libraries\STM32F4xx_StdPeriph_Driver\src\stm32f4xx_tim.o
TIM_SelectCCDMA                                   Libraries\STM32F4xx_StdPeriph_Driver\src\stm32f4xx_tim.o
TIM_SelectCOM                                     Libraries\STM32F4xx_StdPeriph_Driver\src\stm32f4xx_tim.o
TIM_SelectHallSensor                              Libraries\STM32F4xx_StdPeriph_Driver\src\stm32f4xx_tim.o
TIM_SelectInputTrigger                            Libraries\STM32F4xx_StdPeriph_Driver\src\stm32f4xx_tim.o
TIM_SelectMasterSlaveMode                         Libraries\STM32F4xx_StdPeriph_Driver\src\stm32f4xx_tim.o
TIM_SelectOCxM                                    Libraries\STM32F4xx_StdPeriph_Driver\src\stm32f4xx_tim.o
TIM_SelectOnePulseMode                            Libraries\STM32F4xx_StdPeriph_Driver\src\stm32f4xx_tim.o
TIM_SelectOutputTrigger                           Libraries\STM32F4xx_StdPeriph_Driver\src\stm32f4xx_tim.o
TIM_SelectSlaveMode                               Libraries\STM32F4xx_StdPeriph_Driver\src\stm32f4xx_tim.o
TIM_SetAutoreload                                 Libraries\STM32F4xx_StdPeriph_Driver\src\stm32f4xx_tim.o
TIM_SetClockDivision                              Libraries\STM32F4xx_StdPeriph_Driver\src\stm32f4xx_tim.o
TIM_SetCompare1                                   Libraries\STM32F4xx_StdPeriph_Driver\src\stm32f4xx_tim.o
TIM_SetCompare2                                   Libraries\STM32F4xx_StdPeriph_Driver\src\stm32f4xx_tim.o
TIM_SetCompare3                                   Libraries\STM32F4xx_StdPeriph_Driver\src\stm32f4xx_tim.o
TIM_SetCompare4                                   Libraries\STM32F4xx_StdPeriph_Driver\src\stm32f4xx_tim.o
TIM_SetCounter                                    Libraries\STM32F4xx_StdPeriph_Driver\src\stm32f4xx_tim.o
TIM_SetIC1Prescaler                               Libraries\STM32F4xx_StdPeriph_Driver\src\stm32f4xx_tim.o
TIM_SetIC2Prescaler                               Libraries\STM32F4xx_StdPeriph_Driver\src\stm32f4xx_tim.o
TIM_SetIC3Prescaler                               Libraries\STM32F4xx_StdPeriph_Driver\src\stm32f4xx_tim.o
TIM_SetIC4Prescaler                               Libraries\STM32F4xx_StdPeriph_Driver\src\stm32f4xx_tim.o
TIM_TIxExternalClockConfig                        Libraries\STM32F4xx_StdPeriph_Driver\src\stm32f4xx_tim.o
TIM_TimeBaseInit                                  Libraries\STM32F4xx_StdPeriph_Driver\src\stm32f4xx_tim.o
TIM_TimeBaseStructInit                            Libraries\STM32F4xx_StdPeriph_Driver\src\stm32f4xx_tim.o
TIM_UpdateDisableConfig                           Libraries\STM32F4xx_StdPeriph_Driver\src\stm32f4xx_tim.o
TIM_UpdateRequestConfig                           Libraries\STM32F4xx_StdPeriph_Driver\src\stm32f4xx_tim.o
UART4_IRQHandler                                  src\startup_stm32f40xx.o
UART5_IRQHandler                                  src\startup_stm32f40xx.o
USART1_IRQHandler                                 src\startup_stm32f40xx.o
USART2_IRQHandler                                 src\startup_stm32f40xx.o
USART3_IRQHandler                                 src\startup_stm32f40xx.o
USART6_IRQHandler                                 src\startup_stm32f40xx.o
USART_ClearFlag                                   Libraries\STM32F4xx_StdPeriph_Driver\src\stm32f4xx_usart.o
USART_ClearITPendingBit                           Libraries\STM32F4xx_StdPeriph_Driver\src\stm32f4xx_usart.o
USART_ClockInit                                   Libraries\STM32F4xx_StdPeriph_Driver\src\stm32f4xx_usart.o
USART_ClockStructInit                             Libraries\STM32F4xx_StdPeriph_Driver\src\stm32f4xx_usart.o
USART_Cmd                                         Libraries\STM32F4xx_StdPeriph_Driver\src\stm32f4xx_usart.o
USART_DMACmd                                      Libraries\STM32F4xx_StdPeriph_Driver\src\stm32f4xx_usart.o
USART_DeInit                                      Libraries\STM32F4xx_StdPeriph_Driver\src\stm32f4xx_usart.o
USART_GetFlagStatus                               Libraries\STM32F4xx_StdPeriph_Driver\src\stm32f4xx_usart.o
USART_GetITStatus                                 Libraries\STM32F4xx_StdPeriph_Driver\src\stm32f4xx_usart.o
USART_HalfDuplexCmd                               Libraries\STM32F4xx_StdPeriph_Driver\src\stm32f4xx_usart.o
USART_ITConfig                                    Libraries\STM32F4xx_StdPeriph_Driver\src\stm32f4xx_usart.o
USART_Init                                        Libraries\STM32F4xx_StdPeriph_Driver\src\stm32f4xx_usart.o
USART_IrDACmd                                     Libraries\STM32F4xx_StdPeriph_Driver\src\stm32f4xx_usart.o
USART_IrDAConfig                                  Libraries\STM32F4xx_StdPeriph_Driver\src\stm32f4xx_usart.o
USART_LINBreakDetectLengthConfig                  Libraries\STM32F4xx_StdPeriph_Driver\src\stm32f4xx_usart.o
USART_LINCmd                                      Libraries\STM32F4xx_StdPeriph_Driver\src\stm32f4xx_usart.o
USART_OneBitMethodCmd                             Libraries\STM32F4xx_StdPeriph_Driver\src\stm32f4xx_usart.o
USART_OverSampling8Cmd                            Libraries\STM32F4xx_StdPeriph_Driver\src\stm32f4xx_usart.o
USART_ReceiveData                                 Libraries\STM32F4xx_StdPeriph_Driver\src\stm32f4xx_usart.o
USART_ReceiverWakeUpCmd                           Libraries\STM32F4xx_StdPeriph_Driver\src\stm32f4xx_usart.o
USART_SendBreak                                   Libraries\STM32F4xx_StdPeriph_Driver\src\stm32f4xx_usart.o
USART_SendData                                    Libraries\STM32F4xx_StdPeriph_Driver\src\stm32f4xx_usart.o
USART_SetAddress                                  Libraries\STM32F4xx_StdPeriph_Driver\src\stm32f4xx_usart.o
USART_SetGuardTime                                Libraries\STM32F4xx_StdPeriph_Driver\src\stm32f4xx_usart.o
USART_SetPrescaler                                Libraries\STM32F4xx_StdPeriph_Driver\src\stm32f4xx_usart.o
USART_SmartCardCmd                                Libraries\STM32F4xx_StdPeriph_Driver\src\stm32f4xx_usart.o
USART_SmartCardNACKCmd                            Libraries\STM32F4xx_StdPeriph_Driver\src\stm32f4xx_usart.o
USART_StructInit                                  Libraries\STM32F4xx_StdPeriph_Driver\src\stm32f4xx_usart.o
USART_WakeUpConfig                                Libraries\STM32F4xx_StdPeriph_Driver\src\stm32f4xx_usart.o
UsageFault_Handler                                src\stm32f4xx_it.o
                                                  src\startup_stm32f40xx.o
WWDG_ClearFlag                                    Libraries\STM32F4xx_StdPeriph_Driver\src\stm32f4xx_wwdg.o
WWDG_DeInit                                       Libraries\STM32F4xx_StdPeriph_Driver\src\stm32f4xx_wwdg.o
WWDG_Enable                                       Libraries\STM32F4xx_StdPeriph_Driver\src\stm32f4xx_wwdg.o
WWDG_EnableIT                                     Libraries\STM32F4xx_StdPeriph_Driver\src\stm32f4xx_wwdg.o
WWDG_GetFlagStatus                                Libraries\STM32F4xx_StdPeriph_Driver\src\stm32f4xx_wwdg.o
WWDG_IRQHandler                                   src\startup_stm32f40xx.o
WWDG_SetCounter                                   Libraries\STM32F4xx_StdPeriph_Driver\src\stm32f4xx_wwdg.o
WWDG_SetPrescaler                                 Libraries\STM32F4xx_StdPeriph_Driver\src\stm32f4xx_wwdg.o
WWDG_SetWindowValue                               Libraries\STM32F4xx_StdPeriph_Driver\src\stm32f4xx_wwdg.o
__deregister_frame_info                           c:/program files (x86)/atollic/truestudio for arm 7.1.2/armtools/bin/../lib/gcc/arm-atollic-eabi/5.3.1/armv7e-m/fpu/crtbegin.o
__dso_handle                                      c:/program files (x86)/atollic/truestudio for arm 7.1.2/armtools/bin/../lib/gcc/arm-atollic-eabi/5.3.1/armv7e-m/fpu/crtbegin.o
__init_array_end                                  c:/program files (x86)/atollic/truestudio for arm 7.1.2/armtools/bin/../lib/gcc/arm-atollic-eabi/5.3.1/../../../../arm-atollic-eabi/lib/armv7e-m/fpu\libc.a(lib_a-init.o)
__init_array_start                                c:/program files (x86)/atollic/truestudio for arm 7.1.2/armtools/bin/../lib/gcc/arm-atollic-eabi/5.3.1/../../../../arm-atollic-eabi/lib/armv7e-m/fpu\libc.a(lib_a-init.o)
__libc_init_array                                 c:/program files (x86)/atollic/truestudio for arm 7.1.2/armtools/bin/../lib/gcc/arm-atollic-eabi/5.3.1/../../../../arm-atollic-eabi/lib/armv7e-m/fpu\libc.a(lib_a-init.o)
                                                  src\startup_stm32f40xx.o
__preinit_array_end                               c:/program files (x86)/atollic/truestudio for arm 7.1.2/armtools/bin/../lib/gcc/arm-atollic-eabi/5.3.1/../../../../arm-atollic-eabi/lib/armv7e-m/fpu\libc.a(lib_a-init.o)
__preinit_array_start                             c:/program files (x86)/atollic/truestudio for arm 7.1.2/armtools/bin/../lib/gcc/arm-atollic-eabi/5.3.1/../../../../arm-atollic-eabi/lib/armv7e-m/fpu\libc.a(lib_a-init.o)
__register_frame_info                             c:/program files (x86)/atollic/truestudio for arm 7.1.2/armtools/bin/../lib/gcc/arm-atollic-eabi/5.3.1/armv7e-m/fpu/crtbegin.o
_ebss                                             src\startup_stm32f40xx.o
_edata                                            src\startup_stm32f40xx.o
_estack                                           src\startup_stm32f40xx.o
_fini                                             c:/program files (x86)/atollic/truestudio for arm 7.1.2/armtools/bin/../lib/gcc/arm-atollic-eabi/5.3.1/armv7e-m/fpu/crti.o
_init                                             c:/program files (x86)/atollic/truestudio for arm 7.1.2/armtools/bin/../lib/gcc/arm-atollic-eabi/5.3.1/armv7e-m/fpu/crti.o
                                                  c:/program files (x86)/atollic/truestudio for arm 7.1.2/armtools/bin/../lib/gcc/arm-atollic-eabi/5.3.1/../../../../arm-atollic-eabi/lib/armv7e-m/fpu\libc.a(lib_a-init.o)
_sbss                                             src\startup_stm32f40xx.o
_sdata                                            src\startup_stm32f40xx.o
_sidata                                           src\startup_stm32f40xx.o
_write                                            c:/program files (x86)/atollic/truestudio for arm 7.1.2/armtools/bin/../lib/gcc/arm-atollic-eabi/5.3.1/../../../../arm-atollic-eabi/lib/armv7e-m/fpu\libnosys.a(write.o)
                                                  src\tiny_printf.o
delay                                             src\main.o
errno                                             c:/program files (x86)/atollic/truestudio for arm 7.1.2/armtools/bin/../lib/gcc/arm-atollic-eabi/5.3.1/../../../../arm-atollic-eabi/lib/armv7e-m/fpu\libnosys.a(errno.o)
                                                  c:/program files (x86)/atollic/truestudio for arm 7.1.2/armtools/bin/../lib/gcc/arm-atollic-eabi/5.3.1/../../../../arm-atollic-eabi/lib/armv7e-m/fpu\libnosys.a(write.o)
fiprintf                                          src\tiny_printf.o
fprintf                                           src\tiny_printf.o
fputs                                             src\tiny_printf.o
fwrite                                            src\tiny_printf.o
g_pfnVectors                                      src\startup_stm32f40xx.o
init                                              src\main.o
iprintf                                           src\tiny_printf.o
loop                                              src\main.o
main                                              src\main.o
                                                  src\startup_stm32f40xx.o
printf                                            src\tiny_printf.o
puts                                              src\tiny_printf.o
siprintf                                          src\tiny_printf.o
sprintf                                           src\tiny_printf.o
strlen                                            c:/program files (x86)/atollic/truestudio for arm 7.1.2/armtools/bin/../lib/gcc/arm-atollic-eabi/5.3.1/../../../../arm-atollic-eabi/lib/armv7e-m/fpu\libc.a(lib_a-strlen.o)
                                                  src\tiny_printf.o
ts_formatlength                                   src\tiny_printf.o
ts_formatstring                                   src\tiny_printf.o
ts_itoa                                           src\tiny_printf.o
